
[7m[1m[36m RUN [39m[22m[27m [36mv1.6.1[39m [90mX:/repositories/orchestra-dev[39m


≡ƒùä∩╕Å  Database template created: C:\Users\Marius\AppData\Local\Temp\orchestra-db-base-id5XPv\.orchestra\orchestra.db

 [32mΓ£ô[39m extension/test/unit/agents/ContextManager.test.ts[2m > [22mContextManager[2m > [22mconstructor[2m > [22mshould create with default config
 [32mΓ£ô[39m extension/test/unit/agents/ContextManager.test.ts[2m > [22mContextManager[2m > [22mconstructor[2m > [22mshould create with custom maxContextTokens
 [32mΓ£ô[39m extension/test/unit/agents/ContextManager.test.ts[2m > [22mContextManager[2m > [22mconstructor[2m > [22mshould create with custom compactionThreshold
 [32mΓ£ô[39m extension/test/unit/agents/ContextManager.test.ts[2m > [22mContextManager[2m > [22mconstructor[2m > [22mshould create with custom summarizeAfterToolCalls
 [32mΓ£ô[39m extension/test/unit/agents/ContextManager.test.ts[2m > [22mContextManager[2m > [22mconstructor[2m > [22mshould create with all custom config values
 [32mΓ£ô[39m extension/test/unit/agents/ContextManager.test.ts[2m > [22mContextManager[2m > [22mestimateTokens[2m > [22mshould return 0 for empty message array
 [32mΓ£ô[39m extension/test/unit/agents/ContextManager.test.ts[2m > [22mContextManager[2m > [22mestimateTokens[2m > [22mshould estimate tokens for simple text message
 [32mΓ£ô[39m extension/test/unit/agents/ContextManager.test.ts[2m > [22mContextManager[2m > [22mestimateTokens[2m > [22mshould estimate tokens for multi-part content with text
 [32mΓ£ô[39m extension/test/unit/agents/ContextManager.test.ts[2m > [22mContextManager[2m > [22mestimateTokens[2m > [22mshould estimate tokens for tool call content
 [32mΓ£ô[39m extension/test/unit/agents/ContextManager.test.ts[2m > [22mContextManager[2m > [22mestimateTokens[2m > [22mshould estimate tokens for tool result content
 [32mΓ£ô[39m extension/test/unit/agents/ContextManager.test.ts[2m > [22mContextManager[2m > [22mestimateTokens[2m > [22mshould estimate tokens for multiple messages
 [32mΓ£ô[39m extension/test/unit/agents/ContextManager.test.ts[2m > [22mContextManager[2m > [22mestimateTokens[2m > [22mshould estimate higher tokens for longer content
 [32mΓ£ô[39m extension/test/unit/agents/ContextManager.test.ts[2m > [22mContextManager[2m > [22mestimateTokens[2m > [22mshould account for toolCallIds in estimation
 [32mΓ£ô[39m extension/test/unit/agents/ContextManager.test.ts[2m > [22mContextManager[2m > [22misWithinLimit[2m > [22mshould return true for empty messages
 [32mΓ£ô[39m extension/test/unit/agents/ContextManager.test.ts[2m > [22mContextManager[2m > [22misWithinLimit[2m > [22mshould return true for messages within default limit
 [32mΓ£ô[39m extension/test/unit/agents/ContextManager.test.ts[2m > [22mContextManager[2m > [22misWithinLimit[2m > [22mshould return false for messages exceeding limit
 [32mΓ£ô[39m extension/test/unit/agents/ContextManager.test.ts[2m > [22mContextManager[2m > [22misWithinLimit[2m > [22mshould accept custom maxTokens override
 [32mΓ£ô[39m extension/test/unit/agents/ContextManager.test.ts[2m > [22mContextManager[2m > [22misWithinLimit[2m > [22mshould handle edge case at exact limit
 [32mΓ£ô[39m extension/test/unit/agents/ContextManager.test.ts[2m > [22mContextManager[2m > [22mcompact[2m > [22mshould return messages unchanged if within target
 [32mΓ£ô[39m extension/test/unit/agents/ContextManager.test.ts[2m > [22mContextManager[2m > [22mcompact[2m > [22mshould preserve system messages during compaction
 [32mΓ£ô[39m extension/test/unit/agents/ContextManager.test.ts[2m > [22mContextManager[2m > [22mcompact[2m > [22mshould preserve recent messages based on compactionThreshold
 [32mΓ£ô[39m extension/test/unit/agents/ContextManager.test.ts[2m > [22mContextManager[2m > [22mcompact[2m > [22mshould truncate long string content in older messages
 [32mΓ£ô[39m extension/test/unit/agents/ContextManager.test.ts[2m > [22mContextManager[2m > [22mcompact[2m > [22mshould truncate tool result values in multi-part content
 [32mΓ£ô[39m extension/test/unit/agents/ContextManager.test.ts[2m > [22mContextManager[2m > [22mcompact[2m > [22mshould compact and summarize after 20+ tool results
 [32mΓ£ô[39m extension/test/unit/agents/ContextManager.test.ts[2m > [22mContextManager[2m > [22mcompact[2m > [22mshould compact to custom target token count
 [32mΓ£ô[39m extension/test/unit/agents/ContextManager.test.ts[2m > [22mContextManager[2m > [22mcompact[2m > [22mshould handle very aggressive compaction when recent messages exceed target
 [32mΓ£ô[39m extension/test/unit/agents/ContextManager.test.ts[2m > [22mContextManager[2m > [22mcompact[2m > [22mshould maintain message order after compaction
 [32mΓ£ô[39m extension/test/unit/agents/ContextManager.test.ts[2m > [22mContextManager[2m > [22mcompact[2m > [22mshould handle empty message array
 [32mΓ£ô[39m extension/test/unit/agents/ContextManager.test.ts[2m > [22mContextManager[2m > [22mcompact[2m > [22mshould handle single message
 [32mΓ£ô[39m extension/test/unit/agents/ContextManager.test.ts[2m > [22mContextManager[2m > [22mconfiguration getters[2m > [22mshould return correct maxContextTokens
 [32mΓ£ô[39m extension/test/unit/agents/ContextManager.test.ts[2m > [22mContextManager[2m > [22mconfiguration getters[2m > [22mshould return correct compactionThreshold
 [32mΓ£ô[39m extension/test/unit/agents/ContextManager.test.ts[2m > [22mContextManager[2m > [22mconfiguration getters[2m > [22mshould return correct summarizeAfterToolCalls
 [32mΓ£ô[39m extension/test/unit/agents/ContextManager.test.ts[2m > [22mContextManager[2m > [22medge cases[2m > [22mshould handle message with empty content
 [32mΓ£ô[39m extension/test/unit/agents/ContextManager.test.ts[2m > [22mContextManager[2m > [22medge cases[2m > [22mshould handle message with empty multi-part content array
 [32mΓ£ô[39m extension/test/unit/agents/ContextManager.test.ts[2m > [22mContextManager[2m > [22medge cases[2m > [22mshould handle very small maxContextTokens
 [32mΓ£ô[39m extension/test/unit/agents/ContextManager.test.ts[2m > [22mContextManager[2m > [22medge cases[2m > [22mshould handle very large maxContextTokens
 [32mΓ£ô[39m extension/test/unit/agents/ContextManager.test.ts[2m > [22mContextManager[2m > [22medge cases[2m > [22mshould never split tool call/result pairs during compaction
 [32mΓ£ô[39m extension/test/unit/agents/ContextManager.test.ts[2m > [22mContextManager[2m > [22medge cases[2m > [22mshould adjust recent boundary when it falls between tool call and result
 [32mΓ£ô[39m extension/test/unit/agents/ContextManager.test.ts[2m > [22mContextManager[2m > [22maggressive compaction with tool pairs[2m > [22mshould keep tool call/result pair in aggressive compaction instead of orphaning
 [32mΓ£ô[39m extension/test/unit/agents/ContextManager.test.ts[2m > [22mContextManager[2m > [22maggressive compaction with tool pairs[2m > [22mshould preserve tool pair when last message is toolResult in aggressive compaction
 [32mΓ£ô[39m extension/test/unit/agents/ContextManager.test.ts[2m > [22mContextManager[2m > [22mensureToolPairIntegrity[2m > [22mshould return unchanged messages when all tool pairs are complete
 [32mΓ£ô[39m extension/test/unit/agents/ContextManager.test.ts[2m > [22mContextManager[2m > [22mensureToolPairIntegrity[2m > [22mshould remove orphaned toolCall message when toolResult is missing
 [32mΓ£ô[39m extension/test/unit/agents/ContextManager.test.ts[2m > [22mContextManager[2m > [22mensureToolPairIntegrity[2m > [22mshould remove orphaned toolResult message when toolCall is missing
 [32mΓ£ô[39m extension/test/unit/agents/ContextManager.test.ts[2m > [22mContextManager[2m > [22mensureToolPairIntegrity[2m > [22mshould keep text-only messages untouched
 [32mΓ£ô[39m extension/test/unit/agents/ContextManager.test.ts[2m > [22mContextManager[2m > [22mensureToolPairIntegrity[2m > [22mshould handle mixed complete and orphaned tool pairs
 [32mΓ£ô[39m extension/test/unit/agents/ContextManager.test.ts[2m > [22mContextManager[2m > [22mensureToolPairIntegrity[2m > [22mshould handle empty messages array
 [32mΓ£ô[39m extension/test/unit/agents/ContextManager.test.ts[2m > [22mContextManager[2m > [22mensureToolPairIntegrity[2m > [22mshould strip orphaned tool parts from mixed-content messages
 [32mΓ£ô[39m extension/test/unit/commands/PlayTaskHandler.test.ts[2m > [22mPlayTaskHandler[2m > [22mhandlePlayTask[2m > [22mshould show error message when task not found
 [32mΓ£ô[39m extension/test/unit/commands/PlayTaskHandler.test.ts[2m > [22mPlayTaskHandler[2m > [22mhandlePlayTask[2m > [22mPENDING task[2m > [22mshould invoke orchestrator to prepare task with correct context
 [32mΓ£ô[39m extension/test/unit/commands/PlayTaskHandler.test.ts[2m > [22mPlayTaskHandler[2m > [22mhandlePlayTask[2m > [22mPENDING task[2m > [22mshould show error when sprint not found
 [32mΓ£ô[39m extension/test/unit/commands/PlayTaskHandler.test.ts[2m > [22mPlayTaskHandler[2m > [22mhandlePlayTask[2m > [22mPENDING task[2m > [22mshould handle errors gracefully
 [32mΓ£ô[39m extension/test/unit/commands/PlayTaskHandler.test.ts[2m > [22mPlayTaskHandler[2m > [22mhandlePlayTask[2m > [22mIMPLEMENT task[2m > [22mshould invoke implementor with correct context and files
 [32mΓ£ô[39m extension/test/unit/commands/PlayTaskHandler.test.ts[2m > [22mPlayTaskHandler[2m > [22mhandlePlayTask[2m > [22mIMPLEMENT task[2m > [22mshould work when handover is null (no handover exists yet)
 [32mΓ£ô[39m extension/test/unit/commands/PlayTaskHandler.test.ts[2m > [22mPlayTaskHandler[2m > [22mhandlePlayTask[2m > [22mIMPLEMENT task[2m > [22mshould work when no context files exist
 [32mΓ£ô[39m extension/test/unit/commands/PlayTaskHandler.test.ts[2m > [22mPlayTaskHandler[2m > [22mhandlePlayTask[2m > [22mIMPLEMENT task[2m > [22mshould show error when agent is already running
 [32mΓ£ô[39m extension/test/unit/commands/PlayTaskHandler.test.ts[2m > [22mPlayTaskHandler[2m > [22mhandlePlayTask[2m > [22mIMPLEMENT task[2m > [22mshould handle errors gracefully
 [32mΓ£ô[39m extension/test/unit/commands/PlayTaskHandler.test.ts[2m > [22mPlayTaskHandler[2m > [22mhandlePlayTask[2m > [22mIMPLEMENT task[2m > [22mshould show error when task not found
 [32mΓ£ô[39m extension/test/unit/commands/PlayTaskHandler.test.ts[2m > [22mPlayTaskHandler[2m > [22mhandlePlayTask[2m > [22mVERIFY_FAILED task[2m > [22mshould invoke implementor to retry with feedback
 [32mΓ£ô[39m extension/test/unit/commands/PlayTaskHandler.test.ts[2m > [22mPlayTaskHandler[2m > [22mhandlePlayTask[2m > [22mVERIFY_FAILED task[2m > [22mshould show error when task not found
 [32mΓ£ô[39m extension/test/unit/commands/PlayTaskHandler.test.ts[2m > [22mPlayTaskHandler[2m > [22mhandlePlayTask[2m > [22mVERIFY_FAILED task[2m > [22mshould show error when feedback not found
 [32mΓ£ô[39m extension/test/unit/commands/PlayTaskHandler.test.ts[2m > [22mPlayTaskHandler[2m > [22mhandlePlayTask[2m > [22mVERIFY_FAILED task[2m > [22mshould handle errors gracefully
 [32mΓ£ô[39m extension/test/unit/commands/PlayTaskHandler.test.ts[2m > [22mPlayTaskHandler[2m > [22mhandlePlayTask[2m > [22mESCALATED task[2m > [22mshould invoke orchestrator to review escalated task
 [32mΓ£ô[39m extension/test/unit/commands/PlayTaskHandler.test.ts[2m > [22mPlayTaskHandler[2m > [22mhandlePlayTask[2m > [22mESCALATED task[2m > [22mshould show error when task not found
 [32mΓ£ô[39m extension/test/unit/commands/PlayTaskHandler.test.ts[2m > [22mPlayTaskHandler[2m > [22mhandlePlayTask[2m > [22mESCALATED task[2m > [22mshould show error when escalation not found
 [32mΓ£ô[39m extension/test/unit/commands/PlayTaskHandler.test.ts[2m > [22mPlayTaskHandler[2m > [22mhandlePlayTask[2m > [22mESCALATED task[2m > [22mshould handle errors gracefully
 [32mΓ£ô[39m extension/test/unit/commands/PlayTaskHandler.test.ts[2m > [22mPlayTaskHandler[2m > [22mhandlePlayTask[2m > [22mshould invoke orchestrator to verify task
 [32mΓ£ô[39m extension/test/unit/commands/PlayTaskHandler.test.ts[2m > [22mPlayTaskHandler[2m > [22mhandlePlayTask[2m > [22mshould show info message for COMPLETE task
 [32mΓ£ô[39m extension/test/unit/commands/PlayTaskHandler.test.ts[2m > [22mPlayTaskHandler[2m > [22mhandlePlayTask[2m > [22mshould show warning for unexpected task status
 [32mΓ£ô[39m extension/test/unit/commands/PlayTaskHandler.test.ts[2m > [22mPlayTaskHandler[2m > [22mStage tracking for workflow automation[2m > [22mshould set stage to PREPARE when invoking orchestrator for task preparation
 [32mΓ£ô[39m extension/test/unit/commands/PlayTaskHandler.test.ts[2m > [22mPlayTaskHandler[2m > [22mStage tracking for workflow automation[2m > [22mshould set stage to IMPLEMENT when invoking implementor for task execution
 [32mΓ£ô[39m extension/test/unit/commands/PlayTaskHandler.test.ts[2m > [22mPlayTaskHandler[2m > [22mStage tracking for workflow automation[2m > [22mshould set stage to IMPLEMENT_FIX and pass parentSessionId when invoking retry
 [32mΓ£ô[39m extension/test/unit/commands/PlayTaskHandler.test.ts[2m > [22mPlayTaskHandler[2m > [22mStage tracking for workflow automation[2m > [22mshould set stage to VERIFY when invoking orchestrator for verification
 [32mΓ£ô[39m extension/test/unit/commands/PlayTaskHandler.test.ts[2m > [22mPlayTaskHandler[2m > [22mStage tracking for workflow automation[2m > [22mshould set stage to CODE_REVIEW when invoking controller for code review
 [32mΓ£ô[39m extension/test/unit/commands/PlayTaskHandler.test.ts[2m > [22mPlayTaskHandler[2m > [22mStage tracking for workflow automation[2m > [22mshould set stage to IMPLEMENT_FIX and pass parentSessionId when invoking code review fix
 [32mΓ£ô[39m extension/test/unit/chat/SessionManager.test.ts[2m > [22mSessionManager[2m > [22mconstructor[2m > [22mshould create SessionManager with dependencies
 [32mΓ£ô[39m extension/test/unit/chat/SessionManager.test.ts[2m > [22mSessionManager[2m > [22mconstructor[2m > [22mshould initialize with inactive sessions
 [32mΓ£ô[39m test/unit/core/pre-signal-executor.test.ts[2m > [22mPre-Signal Executor[2m > [22mrunPreSignalChecks[2m > [22mshould execute build command and return result
 [32mΓ£ô[39m test/unit/core/pre-signal-executor.test.ts[2m > [22mPre-Signal Executor[2m > [22mrunPreSignalChecks[2m > [22mshould run red tier via runTestsCore for TDD verification
 [32mΓ£ô[39m test/unit/core/pre-signal-executor.test.ts[2m > [22mPre-Signal Executor[2m > [22mrunPreSignalChecks[2m > [22mshould fail if build command fails
 [32mΓ£ô[39m test/unit/core/pre-signal-executor.test.ts[2m > [22mPre-Signal Executor[2m > [22mrunPreSignalChecks[2m > [22mshould fail if tests fail in normal mode
 [32mΓ£ô[39m test/unit/core/pre-signal-executor.test.ts[2m > [22mPre-Signal Executor[2m > [22mrunPreSignalChecks[2m > [22mshould run lint command when configured
 [32mΓ£ô[39m test/unit/core/pre-signal-executor.test.ts[2m > [22mPre-Signal Executor[2m > [22mrunPreSignalChecks[2m > [22mshould skip lint when skipLint is true
 [32mΓ£ô[39m test/unit/core/pre-signal-executor.test.ts[2m > [22mPre-Signal Executor[2m > [22mrunPreSignalChecks[2m > [22mshould handle command timeout
 [32mΓ£ô[39m test/unit/core/pre-signal-executor.test.ts[2m > [22mPre-Signal Executor[2m > [22mrunPreSignalChecks[2m > [22mshould return allPassed true when all checks pass (TDD mode)
 [32mΓ£ô[39m test/unit/core/pre-signal-executor.test.ts[2m > [22mPre-Signal Executor[2m > [22mrunPreSignalChecks[2m > [22mshould skip build when skipBuild is true (TDD mode)
 [32mΓ£ô[39m test/unit/core/pre-signal-executor.test.ts[2m > [22mPre-Signal Executor[2m > [22mrunPreSignalChecks[2m > [22mshould skip test when skipTest is true
 [32mΓ£ô[39m test/unit/core/pre-signal-executor.test.ts[2m > [22mPre-Signal Executor[2m > [22mrunPreSignalChecks[2m > [22mshould accept tddRedPhase as optional property
 [32mΓ£ô[39m test/unit/core/pre-signal-executor.test.ts[2m > [22mPre-Signal Executor[2m > [22mrunPreSignalChecks[2m > [22mshould work without tddRedPhase property (normal mode)
 [32mΓ£ô[39m test/unit/core/pre-signal-executor.test.ts[2m > [22mPre-Signal Executor[2m > [22mrunPreSignalChecks[2m > [22mshould accept tddRedPhase: false (normal mode)
 [32mΓ£ô[39m test/unit/core/pre-signal-executor.test.ts[2m > [22mPre-Signal Executor[2m > [22mNormal Test Verification via runTestsCore[2m > [22mshould call runAllNonInvertedTiers for normal test execution
 [32mΓ£ô[39m test/unit/core/pre-signal-executor.test.ts[2m > [22mPre-Signal Executor[2m > [22mNormal Test Verification via runTestsCore[2m > [22mshould filter out inverted (red) tiers
 [32mΓ£ô[39m test/unit/core/pre-signal-executor.test.ts[2m > [22mPre-Signal Executor[2m > [22mNormal Test Verification via runTestsCore[2m > [22mshould aggregate results from multiple tiers
 [32mΓ£ô[39m test/unit/core/pre-signal-executor.test.ts[2m > [22mPre-Signal Executor[2m > [22mNormal Test Verification via runTestsCore[2m > [22mshould fail if any tier has failures
 [32mΓ£ô[39m test/unit/core/pre-signal-executor.test.ts[2m > [22mPre-Signal Executor[2m > [22mNormal Test Verification via runTestsCore[2m > [22mshould output exact diagnostic message on failure
 [32mΓ£ô[39m test/unit/core/pre-signal-executor.test.ts[2m > [22mPre-Signal Executor[2m > [22mNormal Test Verification via runTestsCore[2m > [22mshould have minimal failure output per FR-005
 [32mΓ£ô[39m test/unit/core/pre-signal-executor.test.ts[2m > [22mPre-Signal Executor[2m > [22mNormal Test Verification via runTestsCore[2m > [22mshould pass with 'No tests found' when config is missing
 [32mΓ£ô[39m test/unit/core/pre-signal-executor.test.ts[2m > [22mPre-Signal Executor[2m > [22mNormal Test Verification via runTestsCore[2m > [22mshould pass with 'No tests found' when all tiers are inverted
 [32mΓ£ô[39m test/unit/core/pre-signal-executor.test.ts[2m > [22mPre-Signal Executor[2m > [22mNormal Test Verification via runTestsCore[2m > [22mshould pass with 'No tests found' when config has no tiers
 [32mΓ£ô[39m test/unit/core/pre-signal-executor.test.ts[2m > [22mPre-Signal Executor[2m > [22mNormal Test Verification via runTestsCore[2m > [22mshould return PreSignalCheckResult with passed, output, duration_ms
 [32mΓ£ô[39m test/unit/core/pre-signal-executor.test.ts[2m > [22mPre-Signal Executor[2m > [22mNormal Test Verification via runTestsCore[2m > [22mshould skip test when skipTest is true in normal mode
 [32mΓ£ô[39m test/unit/core/pre-signal-executor.test.ts[2m > [22mPre-Signal Executor[2m > [22mNormal Test Verification via runTestsCore[2m > [22mshould not call executeCommand for tests in normal mode
 [32mΓ£ô[39m test/unit/core/pre-signal-executor.test.ts[2m > [22mPre-Signal Executor[2m > [22mTDD Red-Phase Verification via runTestsCore (Inverted Logic)[2m > [22mshould PASS when red-phase tests have failures (failed > 0)
 [32mΓ£ô[39m test/unit/core/pre-signal-executor.test.ts[2m > [22mPre-Signal Executor[2m > [22mTDD Red-Phase Verification via runTestsCore (Inverted Logic)[2m > [22mshould FAIL when ALL red-phase tests pass (failed === 0, total > 0) with promotion message
 [32mΓ£ô[39m test/unit/core/pre-signal-executor.test.ts[2m > [22mPre-Signal Executor[2m > [22mTDD Red-Phase Verification via runTestsCore (Inverted Logic)[2m > [22mshould FAIL when no red tests found (total === 0) with 'none found' message
 [32mΓ£ô[39m test/unit/core/pre-signal-executor.test.ts[2m > [22mPre-Signal Executor[2m > [22mTDD Red-Phase Verification via runTestsCore (Inverted Logic)[2m > [22mshould call runTestsCore with tier='red' and workspacePath
 [32mΓ£ô[39m test/unit/core/pre-signal-executor.test.ts[2m > [22mPre-Signal Executor[2m > [22mTDD Red-Phase Verification via runTestsCore (Inverted Logic)[2m > [22mshould NOT call executeCommand for test execution in TDD mode
 [32mΓ£ô[39m test/unit/core/pre-signal-executor.test.ts[2m > [22mPre-Signal Executor[2m > [22mTDD Red-Phase Verification via runTestsCore (Inverted Logic)[2m > [22mshould respect skipTest flag in TDD mode
 [32mΓ£ô[39m test/unit/core/pre-signal-executor.test.ts[2m > [22mPre-Signal Executor[2m > [22mTDD Red-Phase Verification via runTestsCore (Inverted Logic)[2m > [22mshould use tier-configured timeout from .agent-test-config.json
 [32mΓ£ô[39m test/unit/core/pre-signal-executor.test.ts[2m > [22mPre-Signal Executor[2m > [22mTDD Red-Phase Verification via runTestsCore (Inverted Logic)[2m > [22mshould handle red tier with only failures (all fail)
 [32mΓ£ô[39m test/unit/core/pre-signal-executor.test.ts[2m > [22mPre-Signal Executor[2m > [22mTDD Red-Phase Verification via runTestsCore (Inverted Logic)[2m > [22mshould propagate duration from runTestsCore result
 [32mΓ£ô[39m test/unit/core/pre-signal-executor.test.ts[2m > [22mPre-Signal Executor[2m > [22mExplicit Success Criteria Verification (SC-004, SC-006, SC-007, SC-008)[2m > [22mSC-004: runTestsCore is called with {tier:'red', workspacePath} when tddRedPhase=true
 [32mΓ£ô[39m test/unit/core/pre-signal-executor.test.ts[2m > [22mPre-Signal Executor[2m > [22mExplicit Success Criteria Verification (SC-004, SC-006, SC-007, SC-008)[2m > [22mSC-006: verification FAILS when no red tests exist (total=0), output contains 'none found'
 [32mΓ£ô[39m test/unit/core/pre-signal-executor.test.ts[2m > [22mPre-Signal Executor[2m > [22mExplicit Success Criteria Verification (SC-004, SC-006, SC-007, SC-008)[2m > [22mSC-007: verification PASSES when red tests have failures (failed > 0)
 [32mΓ£ô[39m test/unit/core/pre-signal-executor.test.ts[2m > [22mPre-Signal Executor[2m > [22mExplicit Success Criteria Verification (SC-004, SC-006, SC-007, SC-008)[2m > [22mSC-008: verification FAILS when ALL red tests pass (failed=0, total>0), output contains 'Promote'
 [32mΓ£ô[39m extension/test/unit/commands/StateMachineConformance.test.ts[2m > [22mState Machine Conformance[2m > [22mPlayTaskHandler - Manual Play Button State Transitions[2m > [22mTask Status ΓåÆ Agent Mapping[2m > [22mPENDING ΓåÆ Orchestrator (prepare handover)
 [32mΓ£ô[39m extension/test/unit/commands/StateMachineConformance.test.ts[2m > [22mState Machine Conformance[2m > [22mPlayTaskHandler - Manual Play Button State Transitions[2m > [22mTask Status ΓåÆ Agent Mapping[2m > [22mPENDING_HANDOVER_REVIEW ΓåÆ Controller (review handover)
 [32mΓ£ô[39m extension/test/unit/commands/StateMachineConformance.test.ts[2m > [22mState Machine Conformance[2m > [22mPlayTaskHandler - Manual Play Button State Transitions[2m > [22mTask Status ΓåÆ Agent Mapping[2m > [22mHANDOVER_REVIEW_FAILED ΓåÆ Orchestrator (fix handover)
 [32mΓ£ô[39m extension/test/unit/commands/StateMachineConformance.test.ts[2m > [22mState Machine Conformance[2m > [22mPlayTaskHandler - Manual Play Button State Transitions[2m > [22mTask Status ΓåÆ Agent Mapping[2m > [22mIMPLEMENT ΓåÆ Implementor (implement)
 [32mΓ£ô[39m extension/test/unit/commands/StateMachineConformance.test.ts[2m > [22mState Machine Conformance[2m > [22mPlayTaskHandler - Manual Play Button State Transitions[2m > [22mTask Status ΓåÆ Agent Mapping[2m > [22mGATE_CHECK ΓåÆ Orchestrator (verify implementation)
 [32mΓ£ô[39m extension/test/unit/commands/StateMachineConformance.test.ts[2m > [22mState Machine Conformance[2m > [22mPlayTaskHandler - Manual Play Button State Transitions[2m > [22mTask Status ΓåÆ Agent Mapping[2m > [22mVERIFY ΓåÆ Orchestrator (verify implementation)
 [32mΓ£ô[39m extension/test/unit/commands/StateMachineConformance.test.ts[2m > [22mState Machine Conformance[2m > [22mPlayTaskHandler - Manual Play Button State Transitions[2m > [22mTask Status ΓåÆ Agent Mapping[2m > [22mVERIFY_FAILED ΓåÆ Implementor (fix implementation)
 [32mΓ£ô[39m extension/test/unit/commands/StateMachineConformance.test.ts[2m > [22mState Machine Conformance[2m > [22mPlayTaskHandler - Manual Play Button State Transitions[2m > [22mTask Status ΓåÆ Agent Mapping[2m > [22mESCALATED ΓåÆ Orchestrator (de-escalation review)
 [32mΓ£ô[39m extension/test/unit/commands/StateMachineConformance.test.ts[2m > [22mState Machine Conformance[2m > [22mPlayTaskHandler - Manual Play Button State Transitions[2m > [22mCode Review Status ΓåÆ Agent Mapping[2m > [22mVERIFIED + PENDING code review ΓåÆ Controller (code review)
 [32mΓ£ô[39m extension/test/unit/commands/StateMachineConformance.test.ts[2m > [22mState Machine Conformance[2m > [22mPlayTaskHandler - Manual Play Button State Transitions[2m > [22mCode Review Status ΓåÆ Agent Mapping[2m > [22mPENDING_CODE_REVIEW ΓåÆ Controller (code review)
 [32mΓ£ô[39m extension/test/unit/commands/StateMachineConformance.test.ts[2m > [22mState Machine Conformance[2m > [22mPlayTaskHandler - Manual Play Button State Transitions[2m > [22mCode Review Status ΓåÆ Agent Mapping[2m > [22mCODE_REVIEW_CHANGES_REQUESTED + CHANGES_REQUESTED ΓåÆ Implementor (fix code)
 [32mΓ£ô[39m extension/test/unit/commands/StateMachineConformance.test.ts[2m > [22mState Machine Conformance[2m > [22mPlayTaskHandler - Manual Play Button State Transitions[2m > [22mCode Review Status ΓåÆ Agent Mapping[2m > [22mCODE_REVIEW_CHANGES_REQUESTED + PENDING_VERIFICATION ΓåÆ Controller (re-review)
 [32mΓ£ô[39m extension/test/unit/commands/StateMachineConformance.test.ts[2m > [22mState Machine Conformance[2m > [22mPlayTaskHandler - Manual Play Button State Transitions[2m > [22mCode Review Status ΓåÆ Agent Mapping[2m > [22mCODE_REVIEW_FAILED ΓåÆ Implementor (fix code)
 [32mΓ£ô[39m extension/test/unit/commands/StateMachineConformance.test.ts[2m > [22mState Machine Conformance[2m > [22mPlayTaskHandler - Manual Play Button State Transitions[2m > [22mCode Review Status ΓåÆ Agent Mapping[2m > [22mCOMPLETE + PENDING code review ΓåÆ Controller (code review)
 [32mΓ£ô[39m extension/test/unit/commands/StateMachineConformance.test.ts[2m > [22mState Machine Conformance[2m > [22mPlayTaskHandler - Manual Play Button State Transitions[2m > [22mCode Review Status ΓåÆ Agent Mapping[2m > [22mCOMPLETE + APPROVED ΓåÆ shows completion message
 [32mΓ£ô[39m extension/test/unit/commands/StateMachineConformance.test.ts[2m > [22mState Machine Conformance[2m > [22mPlayTaskHandler - Manual Play Button State Transitions[2m > [22mCode Review Status ΓåÆ Agent Mapping[2m > [22mCOMPLETE + CHANGES_REQUESTED ΓåÆ Implementor (fix code review)
 [32mΓ£ô[39m extension/test/unit/commands/StateMachineConformance.test.ts[2m > [22mState Machine Conformance[2m > [22mPlayTaskHandler - Manual Play Button State Transitions[2m > [22mCode Review Status ΓåÆ Agent Mapping[2m > [22mCOMPLETE + PENDING_VERIFICATION ΓåÆ Controller (re-review code)
 [32mΓ£ô[39m extension/test/unit/commands/StateMachineConformance.test.ts[2m > [22mState Machine Conformance[2m > [22mPlayTaskHandler - Manual Play Button State Transitions[2m > [22mEdge Cases[2m > [22mshould show error when task not found
 [32mΓ£ô[39m extension/test/unit/commands/StateMachineConformance.test.ts[2m > [22mState Machine Conformance[2m > [22mPlayTaskHandler - Manual Play Button State Transitions[2m > [22mEdge Cases[2m > [22mshould show warning for unknown task status
 [32mΓ£ô[39m extension/test/unit/commands/StateMachineConformance.test.ts[2m > [22mState Machine Conformance[2m > [22mPlayTaskHandler - Manual Play Button State Transitions[2m > [22mEdge Cases[2m > [22mshould prevent action when agent is already running
 [32mΓ£ô[39m extension/test/unit/commands/StateMachineConformance.test.ts[2m > [22mState Machine Conformance[2m > [22mState Machine Consistency Checks[2m > [22mshould have all documented states covered by PlayTaskHandler
 [32mΓ£ô[39m extension/test/unit/commands/StateMachineConformance.test.ts[2m > [22mState Machine Conformance[2m > [22mState Machine Consistency Checks[2m > [22mall transitions should have valid agent assignments
 [32mΓ£ô[39m extension/test/unit/commands/StateMachineConformance.test.ts[2m > [22mState Machine Conformance[2m > [22mState Machine Consistency Checks[2m > [22mall transitions should have non-empty prompt methods
 [32mΓ£ô[39m extension/test/unit/chat/SessionManager.test.ts[2m > [22mSessionManager[2m > [22minvokeOrchestrator[2m > [22mshould create new floating window on first call[33m 417[2mms[22m[39m
 [32mΓ£ô[39m extension/test/integration/prompts/integration.test.ts[2m > [22mPrompt System Integration[2m > [22mPromptBuilder generates all 4 stage prompts[2m > [22mshould generate PREPARE stage prompt with correct structure
 [32mΓ£ô[39m extension/test/integration/prompts/integration.test.ts[2m > [22mPrompt System Integration[2m > [22mPromptBuilder generates all 4 stage prompts[2m > [22mshould generate IMPLEMENT stage prompt with correct structure
 [32mΓ£ô[39m extension/test/integration/prompts/integration.test.ts[2m > [22mPrompt System Integration[2m > [22mPromptBuilder generates all 4 stage prompts[2m > [22mshould generate VERIFY stage prompt with correct structure
 [32mΓ£ô[39m extension/test/integration/prompts/integration.test.ts[2m > [22mPrompt System Integration[2m > [22mPromptBuilder generates all 4 stage prompts[2m > [22mshould generate RETRY stage prompt with correct structure
 [32mΓ£ô[39m extension/test/integration/prompts/integration.test.ts[2m > [22mPrompt System Integration[2m > [22mPromptBuilder generates all 4 stage prompts[2m > [22mshould generate all 4 prompts with shared context
 [32mΓ£ô[39m extension/test/integration/prompts/integration.test.ts[2m > [22mPrompt System Integration[2m > [22mContextFileResolver resolves handover context_files[2m > [22mshould resolve context files from handover data
 [32mΓ£ô[39m extension/test/integration/prompts/integration.test.ts[2m > [22mPrompt System Integration[2m > [22mContextFileResolver resolves handover context_files[2m > [22mshould return empty array for null handover
 [32mΓ£ô[39m extension/test/integration/prompts/integration.test.ts[2m > [22mPrompt System Integration[2m > [22mContextFileResolver resolves handover context_files[2m > [22mshould filter out non-existent files
 [32mΓ£ô[39m extension/test/integration/prompts/integration.test.ts[2m > [22mPrompt System Integration[2m > [22mContextFileResolver resolves handover context_files[2m > [22mshould get context files with existence status
 [32mΓ£ô[39m extension/test/integration/prompts/integration.test.ts[2m > [22mPrompt System Integration[2m > [22mFull workflow simulation[2m > [22mshould simulate PREPARE ΓåÆ IMPLEMENT ΓåÆ VERIFY ΓåÆ RETRY workflow
 [32mΓ£ô[39m extension/test/integration/prompts/integration.test.ts[2m > [22mPrompt System Integration[2m > [22mFull workflow simulation[2m > [22mshould handle task with no context files
 [32mΓ£ô[39m extension/test/integration/prompts/integration.test.ts[2m > [22mPrompt System Integration[2m > [22mFull workflow simulation[2m > [22mshould handle multiple retry attempts
 [32mΓ£ô[39m extension/test/integration/prompts/integration.test.ts[2m > [22mPrompt System Integration[2m > [22mMCP tool references in prompts[2m > [22mshould reference correct tools in PREPARE prompt
 [32mΓ£ô[39m extension/test/integration/prompts/integration.test.ts[2m > [22mPrompt System Integration[2m > [22mMCP tool references in prompts[2m > [22mshould reference correct tools in IMPLEMENT prompt
 [32mΓ£ô[39m extension/test/integration/prompts/integration.test.ts[2m > [22mPrompt System Integration[2m > [22mMCP tool references in prompts[2m > [22mshould reference correct tools in VERIFY prompt
 [32mΓ£ô[39m extension/test/integration/prompts/integration.test.ts[2m > [22mPrompt System Integration[2m > [22mMCP tool references in prompts[2m > [22mshould reference correct tools in RETRY prompt
 [32mΓ£ô[39m extension/test/integration/prompts/integration.test.ts[2m > [22mPrompt System Integration[2m > [22mMCP tool references in prompts[2m > [22mshould maintain tool separation between orchestrator and implementor
 [32mΓ£ô[39m extension/test/integration/prompts/integration.test.ts[2m > [22mPrompt System Integration[2m > [22mEdge cases and error handling[2m > [22mshould handle minimal task data
 [32mΓ£ô[39m extension/test/integration/prompts/integration.test.ts[2m > [22mPrompt System Integration[2m > [22mEdge cases and error handling[2m > [22mshould handle empty context_files in handover
 [32mΓ£ô[39m extension/test/integration/prompts/integration.test.ts[2m > [22mPrompt System Integration[2m > [22mEdge cases and error handling[2m > [22mshould handle invalid JSON in context_files
 [32mΓ£ô[39m extension/test/integration/prompts/integration.test.ts[2m > [22mPrompt System Integration[2m > [22mEdge cases and error handling[2m > [22mshould handle prompts without optional paths
 [32mΓ£ô[39m extension/test/integration/prompts/integration.test.ts[2m > [22mPrompt System Integration[2m > [22mEdge cases and error handling[2m > [22mshould handle retry without maxRetries
 [32mΓ£ô[39m extension/test/integration/prompts/integration.test.ts[2m > [22mPrompt System Integration[2m > [22mEdge cases and error handling[2m > [22mshould not throw when components encounter edge cases
 [32mΓ£ô[39m extension/test/integration/prompts/integration.test.ts[2m > [22mPrompt System Integration[2m > [22mAll 13 prompt template types render without error[2m > [22mshould render prepare template with realistic context
 [32mΓ£ô[39m extension/test/integration/prompts/integration.test.ts[2m > [22mPrompt System Integration[2m > [22mAll 13 prompt template types render without error[2m > [22mshould render implement template with realistic context
 [32mΓ£ô[39m extension/test/integration/prompts/integration.test.ts[2m > [22mPrompt System Integration[2m > [22mAll 13 prompt template types render without error[2m > [22mshould render verify template with realistic context
 [32mΓ£ô[39m extension/test/integration/prompts/integration.test.ts[2m > [22mPrompt System Integration[2m > [22mAll 13 prompt template types render without error[2m > [22mshould render retry template with realistic context
 [32mΓ£ô[39m extension/test/integration/prompts/integration.test.ts[2m > [22mPrompt System Integration[2m > [22mAll 13 prompt template types render without error[2m > [22mshould render sprint-review template with realistic context
 [32mΓ£ô[39m extension/test/integration/prompts/integration.test.ts[2m > [22mPrompt System Integration[2m > [22mAll 13 prompt template types render without error[2m > [22mshould render handover-review template with realistic context
 [32mΓ£ô[39m extension/test/integration/prompts/integration.test.ts[2m > [22mPrompt System Integration[2m > [22mAll 13 prompt template types render without error[2m > [22mshould render handover-fix template with realistic context
 [32mΓ£ô[39m extension/test/integration/prompts/integration.test.ts[2m > [22mPrompt System Integration[2m > [22mAll 13 prompt template types render without error[2m > [22mshould render code-review template with realistic context
 [32mΓ£ô[39m extension/test/integration/prompts/integration.test.ts[2m > [22mPrompt System Integration[2m > [22mAll 13 prompt template types render without error[2m > [22mshould render code-review-bulk template with realistic context
 [32mΓ£ô[39m extension/test/integration/prompts/integration.test.ts[2m > [22mPrompt System Integration[2m > [22mAll 13 prompt template types render without error[2m > [22mshould render code-review-re-review template with realistic context
 [32mΓ£ô[39m extension/test/integration/prompts/integration.test.ts[2m > [22mPrompt System Integration[2m > [22mAll 13 prompt template types render without error[2m > [22mshould render code-review-fix template with realistic context
 [32mΓ£ô[39m extension/test/integration/prompts/integration.test.ts[2m > [22mPrompt System Integration[2m > [22mAll 13 prompt template types render without error[2m > [22mshould render code-review-fix-prepare template with realistic context
 [32mΓ£ô[39m extension/test/integration/prompts/integration.test.ts[2m > [22mPrompt System Integration[2m > [22mAll 13 prompt template types render without error[2m > [22mshould render code-review-fix-implement template with realistic context
 [32mΓ£ô[39m extension/test/integration/prompts/integration.test.ts[2m > [22mPrompt System Integration[2m > [22mAll 13 prompt template types render without error[2m > [22mshould render all 13 template types without throwing
 [32mΓ£ô[39m extension/test/integration/prompts/integration.test.ts[2m > [22mPrompt System Integration[2m > [22mPartial inclusion works correctly[2m > [22mshould render stub-hunter-mode partial content in verify template
 [32mΓ£ô[39m extension/test/integration/prompts/integration.test.ts[2m > [22mPrompt System Integration[2m > [22mPartial inclusion works correctly[2m > [22mshould render task-header partial content in prepare template
 [32mΓ£ô[39m extension/test/integration/prompts/integration.test.ts[2m > [22mPrompt System Integration[2m > [22mPartial inclusion works correctly[2m > [22mshould render spec-protocol partial content in code-review template
 [32mΓ£ô[39m extension/test/integration/prompts/integration.test.ts[2m > [22mPrompt System Integration[2m > [22mPartial inclusion works correctly[2m > [22mshould render stub-hunter-mode partial in code-review template
 [32mΓ£ô[39m extension/test/integration/prompts/integration.test.ts[2m > [22mPrompt System Integration[2m > [22mPartial inclusion works correctly[2m > [22mshould render task-header partial content in verify template
 [32mΓ£ô[39m extension/test/integration/prompts/integration.test.ts[2m > [22mPrompt System Integration[2m > [22mPartial inclusion works correctly[2m > [22mshould render task-header partial content in handover-review template
 [32mΓ£ô[39m extension/test/integration/prompts/integration.test.ts[2m > [22mPrompt System Integration[2m > [22mPartial inclusion works correctly[2m > [22mshould render spec-protocol partial content in sprint-review template
 [32mΓ£ô[39m extension/test/integration/prompts/integration.test.ts[2m > [22mPrompt System Integration[2m > [22mPartial inclusion works correctly[2m > [22mshould not render stub-hunter-mode in code-review-re-review template
 [32mΓ£ô[39m extension/test/integration/prompts/integration.test.ts[2m > [22mPrompt System Integration[2m > [22mError cases handled gracefully[2m > [22mshould throw descriptive error for missing template
 [32mΓ£ô[39m extension/test/integration/prompts/integration.test.ts[2m > [22mPrompt System Integration[2m > [22mError cases handled gracefully[2m > [22mshould handle template rendering with missing optional context fields
 [32mΓ£ô[39m extension/test/integration/prompts/integration.test.ts[2m > [22mPrompt System Integration[2m > [22mError cases handled gracefully[2m > [22mshould not output 'undefined' text in rendered prompts
 [32mΓ£ô[39m extension/test/integration/prompts/integration.test.ts[2m > [22mPrompt System Integration[2m > [22mCoding standards template[2m > [22mshould render coding-standards template without error
 [32mΓ£ô[39m extension/test/integration/prompts/integration.test.ts[2m > [22mPrompt System Integration[2m > [22mCoding standards template[2m > [22mshould contain all expected sections in coding-standards template
 [32mΓ£ô[39m extension/test/integration/prompts/integration.test.ts[2m > [22mPrompt System Integration[2m > [22mCoding standards template[2m > [22mshould return null when coding-standards template does not exist
 [32mΓ£ô[39m extension/test/integration/prompts/integration.test.ts[2m > [22mPrompt System Integration[2m > [22mCoding standards template[2m > [22mshould include coding standards compliance in code-review template
 [32mΓ£ô[39m test/unit/mcp-server/handlers/configure-sprint-tdd.test.ts[2m > [22mconfigure_sprint - TDD relationship declaration[2m > [22mvalid relationship creation[2m > [22mshould create relationship with declared_at='configure_sprint'
 [32mΓ£ô[39m extension/test/unit/views/agentPanelProvider.test.ts[2m > [22mAgentPanelProvider[2m > [22mclass structure[2m > [22mshould exist and be constructible
 [32mΓ£ô[39m extension/test/unit/views/agentPanelProvider.test.ts[2m > [22mAgentPanelProvider[2m > [22mclass structure[2m > [22mshould implement WebviewViewProvider interface
 [32mΓ£ô[39m extension/test/unit/views/agentPanelProvider.test.ts[2m > [22mAgentPanelProvider[2m > [22mclass structure[2m > [22mshould have postMessage method
 [32mΓ£ô[39m extension/test/unit/views/agentPanelProvider.test.ts[2m > [22mAgentPanelProvider[2m > [22mresolveWebviewView[2m > [22mshould configure webview options
 [32mΓ£ô[39m extension/test/unit/views/agentPanelProvider.test.ts[2m > [22mAgentPanelProvider[2m > [22mresolveWebviewView[2m > [22mshould set HTML content
 [32mΓ£ô[39m extension/test/unit/views/agentPanelProvider.test.ts[2m > [22mAgentPanelProvider[2m > [22mresolveWebviewView[2m > [22mshould register message handler
 [32mΓ£ô[39m extension/test/unit/views/agentPanelProvider.test.ts[2m > [22mAgentPanelProvider[2m > [22mresolveWebviewView[2m > [22mshould load history when active session exists
 [32mΓ£ô[39m extension/test/unit/views/agentPanelProvider.test.ts[2m > [22mAgentPanelProvider[2m > [22mresolveWebviewView[2m > [22mshould not load history when no active session
 [32mΓ£ô[39m extension/test/unit/views/agentPanelProvider.test.ts[2m > [22mAgentPanelProvider[2m > [22mmessage handling[2m > [22mstop_agent[2m > [22mshould stop running agent
 [32mΓ£ô[39m extension/test/unit/views/agentPanelProvider.test.ts[2m > [22mAgentPanelProvider[2m > [22mmessage handling[2m > [22mstop_agent[2m > [22mshould warn when no agent is running
 [32mΓ£ô[39m extension/test/unit/views/agentPanelProvider.test.ts[2m > [22mAgentPanelProvider[2m > [22mmessage handling[2m > [22mstop_agent[2m > [22mshould handle stop errors
 [32mΓ£ô[39m extension/test/unit/views/agentPanelProvider.test.ts[2m > [22mAgentPanelProvider[2m > [22mmessage handling[2m > [22muser_message[2m > [22mshould send message to running agent
 [32mΓ£ô[39m extension/test/unit/views/agentPanelProvider.test.ts[2m > [22mAgentPanelProvider[2m > [22mmessage handling[2m > [22muser_message[2m > [22mshould warn when no agent is running
 [32mΓ£ô[39m extension/test/unit/views/agentPanelProvider.test.ts[2m > [22mAgentPanelProvider[2m > [22mmessage handling[2m > [22muser_message[2m > [22mshould handle redirect errors
 [32mΓ£ô[39m extension/test/unit/views/agentPanelProvider.test.ts[2m > [22mAgentPanelProvider[2m > [22mmessage handling[2m > [22mopen_file[2m > [22mshould open file without line positioning
 [32mΓ£ô[39m extension/test/unit/views/agentPanelProvider.test.ts[2m > [22mAgentPanelProvider[2m > [22mmessage handling[2m > [22mopen_file[2m > [22mshould open file with line positioning
 [32mΓ£ô[39m extension/test/unit/views/agentPanelProvider.test.ts[2m > [22mAgentPanelProvider[2m > [22mmessage handling[2m > [22mopen_diff[2m > [22mshould open diff view using git.openChange command
 [32mΓ£ô[39m extension/test/unit/views/agentPanelProvider.test.ts[2m > [22mAgentPanelProvider[2m > [22mmessage handling[2m > [22mopen_diff[2m > [22mshould handle errors when opening diff fails
 [32mΓ£ô[39m extension/test/unit/views/agentPanelProvider.test.ts[2m > [22mAgentPanelProvider[2m > [22mmessage handling[2m > [22mcopy_text[2m > [22mshould copy text to clipboard
 [32mΓ£ô[39m extension/test/unit/agents/tools/testing/ResultFormatter.test.ts[2m > [22mResultFormatter[2m > [22mformat()[2m > [22mshould transform NormalizedTestOutcome[] to RunTestsResult with correct structure
 [32mΓ£ô[39m extension/test/unit/agents/tools/testing/ResultFormatter.test.ts[2m > [22mResultFormatter[2m > [22mformat()[2m > [22mshould correctly map NormalizedTestOutcome to TestOutcome
 [32mΓ£ô[39m extension/test/unit/agents/tools/testing/ResultFormatter.test.ts[2m > [22mResultFormatter[2m > [22mformat()[2m > [22mshould extract failure details with expected/actual values
 [32mΓ£ô[39m extension/test/unit/agents/tools/testing/ResultFormatter.test.ts[2m > [22mResultFormatter[2m > [22mformat()[2m > [22mshould handle skipped tests
 [32mΓ£ô[39m extension/test/unit/agents/tools/testing/ResultFormatter.test.ts[2m > [22mResultFormatter[2m > [22mformat()[2m > [22mshould handle empty test array gracefully
 [32mΓ£ô[39m extension/test/unit/agents/tools/testing/ResultFormatter.test.ts[2m > [22mResultFormatter[2m > [22mformatSummary()[2m > [22mshould produce PASS summary with framework label for passing runs
 [32mΓ£ô[39m extension/test/unit/agents/tools/testing/ResultFormatter.test.ts[2m > [22mResultFormatter[2m > [22mformatSummary()[2m > [22mshould produce FAIL summary with framework label for failing runs
 [32mΓ£ô[39m extension/test/unit/agents/tools/testing/ResultFormatter.test.ts[2m > [22mResultFormatter[2m > [22mformatSummary()[2m > [22mshould produce compact summary (~50-100 tokens)
 [32mΓ£ô[39m extension/test/unit/agents/tools/testing/ResultFormatter.test.ts[2m > [22mResultFormatter[2m > [22mformatSummary()[2m > [22mshould produce PASS summary with 'dart' framework label
 [32mΓ£ô[39m extension/test/unit/agents/tools/testing/ResultFormatter.test.ts[2m > [22mResultFormatter[2m > [22mformatSummary()[2m > [22mshould produce FAIL summary with 'flutter' framework label
 [32mΓ£ô[39m extension/test/unit/agents/tools/testing/ResultFormatter.test.ts[2m > [22mResultFormatter[2m > [22mformatFailures()[2m > [22mshould format failure details with test name, file:line, and error
 [32mΓ£ô[39m extension/test/unit/agents/tools/testing/ResultFormatter.test.ts[2m > [22mResultFormatter[2m > [22mformatFailures()[2m > [22mshould return 'No failures.' when no failed tests
 [32mΓ£ô[39m extension/test/unit/agents/tools/testing/ResultFormatter.test.ts[2m > [22mResultFormatter[2m > [22mformatFailures()[2m > [22mshould truncate failure details when exceeding maxFailureLines
 [32mΓ£ô[39m extension/test/unit/agents/tools/testing/ResultFormatter.test.ts[2m > [22mResultFormatter[2m > [22mformatFailures()[2m > [22mshould format multiple failures with proper separation
 [32mΓ£ô[39m extension/test/unit/agents/tools/testing/ResultFormatter.test.ts[2m > [22mResultFormatter[2m > [22mtypes.ts interface conformance[2m > [22mshould return RunTestsResult that satisfies types.ts interface
 [32mΓ£ô[39m extension/test/unit/agents/tools/testing/ResultFormatter.test.ts[2m > [22mResultFormatter[2m > [22mtypes.ts interface conformance[2m > [22mshould return TestOutcome[] that satisfies types.ts interface
 [32mΓ£ô[39m extension/test/unit/agents/tools/testing/ResultFormatter.test.ts[2m > [22mResultFormatter[2m > [22mtypes.ts interface conformance[2m > [22mshould return TestFailureDetail that satisfies types.ts interface
 [32mΓ£ô[39m extension/test/unit/agents/tools/testing/ResultFormatter.test.ts[2m > [22mResultFormatter[2m > [22minvertRedPhase()[2m > [22mshould correctly report pass/fail counts
 [32mΓ£ô[39m extension/test/unit/agents/tools/testing/ResultFormatter.test.ts[2m > [22mResultFormatter[2m > [22minvertRedPhase()[2m > [22mshould report all files eligible when all tests pass
 [32mΓ£ô[39m extension/test/unit/agents/tools/testing/ResultFormatter.test.ts[2m > [22mResultFormatter[2m > [22minvertRedPhase()[2m > [22mshould report files in red phase when tests fail
 [32mΓ£ô[39m extension/test/unit/agents/tools/testing/ResultFormatter.test.ts[2m > [22mResultFormatter[2m > [22minvertRedPhase()[2m > [22mshould report zero files when no tests exist
 [32mΓ£ô[39m extension/test/unit/agents/tools/testing/ResultFormatter.test.ts[2m > [22mResultFormatter[2m > [22minvertRedPhase()[2m > [22mshould generate PromotionTarget[] with correct source, destination, tier
 [32mΓ£ô[39m extension/test/unit/agents/tools/testing/ResultFormatter.test.ts[2m > [22mResultFormatter[2m > [22minvertRedPhase()[2m > [22mshould set eligible=false for files with failing tests
 [32mΓ£ô[39m extension/test/unit/agents/tools/testing/ResultFormatter.test.ts[2m > [22mResultFormatter[2m > [22minvertRedPhase()[2m > [22mshould return empty promotionTargets when no red tier configured
 [32mΓ£ô[39m extension/test/unit/agents/tools/testing/ResultFormatter.test.ts[2m > [22mResultFormatter[2m > [22minvertRedPhase()[2m > [22mshould handle nested subdirectories in red tier
 [32mΓ£ô[39m extension/test/unit/agents/tools/testing/ResultFormatter.test.ts[2m > [22mResultFormatter[2m > [22mgenerateSelectionMetadata()[2m > [22mshould generate TestSelectionInfo for each test file
 [32mΓ£ô[39m extension/test/unit/agents/tools/testing/ResultFormatter.test.ts[2m > [22mResultFormatter[2m > [22mgenerateSelectionMetadata()[2m > [22mshould identify direct matches by file name
 [32mΓ£ô[39m extension/test/unit/agents/tools/testing/ResultFormatter.test.ts[2m > [22mResultFormatter[2m > [22mgenerateSelectionMetadata()[2m > [22mshould identify transitive matches when no direct match found
 [32mΓ£ô[39m extension/test/unit/agents/tools/testing/ResultFormatter.test.ts[2m > [22mResultFormatter[2m > [22mgenerateSelectionMetadata()[2m > [22mshould handle empty test files array
 [32mΓ£ô[39m extension/test/unit/agents/tools/testing/ResultFormatter.test.ts[2m > [22mResultFormatter[2m > [22mgenerateSelectionMetadata()[2m > [22mshould return 'unknown' triggeredBy when no changed files
 [32mΓ£ô[39m extension/test/unit/agents/tools/testing/ResultFormatter.test.ts[2m > [22mResultFormatter[2m > [22mformatSelectionMetadata()[2m > [22mshould format selection metadata per contracts/run-tests.md
 [32mΓ£ô[39m extension/test/unit/agents/tools/testing/ResultFormatter.test.ts[2m > [22mResultFormatter[2m > [22mformatSelectionMetadata()[2m > [22mshould group selections by triggeredBy source file
 [32mΓ£ô[39m extension/test/unit/agents/tools/testing/ResultFormatter.test.ts[2m > [22mResultFormatter[2m > [22mformatSelectionMetadata()[2m > [22mshould return empty string for empty selections
 [32mΓ£ô[39m extension/test/unit/views/agentPanelProvider.test.ts[2m > [22mAgentPanelProvider[2m > [22mmessage handling[2m > [22mset_verbosity[2m > [22mshould update configuration and echo back
 [32mΓ£ô[39m extension/test/unit/views/agentPanelProvider.test.ts[2m > [22mAgentPanelProvider[2m > [22mmessage handling[2m > [22mready[2m > [22mshould handle ready message
 [32mΓ£ô[39m extension/test/unit/views/agentPanelProvider.test.ts[2m > [22mAgentPanelProvider[2m > [22mmessage handling[2m > [22mswitch_session[2m > [22mshould fetch session and events and post load_session message
 [32mΓ£ô[39m extension/test/unit/views/agentPanelProvider.test.ts[2m > [22mAgentPanelProvider[2m > [22mmessage handling[2m > [22mswitch_session[2m > [22mshould show error when session not found
 [32mΓ£ô[39m extension/test/unit/views/agentPanelProvider.test.ts[2m > [22mAgentPanelProvider[2m > [22mmessage handling[2m > [22mswitch_session[2m > [22mshould show error when no workspace folder
 [32mΓ£ô[39m extension/test/unit/views/agentPanelProvider.test.ts[2m > [22mAgentPanelProvider[2m > [22mmessage handling[2m > [22mswitch_session[2m > [22mshould handle errors gracefully
 [32mΓ£ô[39m test/unit/mcp-server/handlers/configure-sprint-tdd.test.ts[2m > [22mconfigure_sprint - TDD relationship declaration[2m > [22mvalid relationship creation[2m > [22mshould create multiple relationships in one sprint
 [32mΓ£ô[39m test/unit/mcp-server/handlers/configure-sprint-tdd.test.ts[2m > [22mconfigure_sprint - TDD relationship declaration[2m > [22mtdd_red_phase validation[2m > [22mshould reject relationship where red_task_id does not have tdd_red_phase=true
 [32mΓ£ô[39m test/unit/mcp-server/handlers/configure-sprint-tdd.test.ts[2m > [22mconfigure_sprint - TDD relationship declaration[2m > [22mtdd_red_phase validation[2m > [22mshould reject relationship where red_task_id has tdd_red_phase=false explicitly
 [32mΓ£ô[39m test/unit/mcp-server/handlers/configure-sprint-tdd.test.ts[2m > [22mconfigure_sprint - TDD relationship declaration[2m > [22mdifferent task validation[2m > [22mshould reject relationship where red_task_id equals green_task_id
 [32mΓ£ô[39m test/unit/mcp-server/handlers/configure-sprint-tdd.test.ts[2m > [22mconfigure_sprint - TDD relationship declaration[2m > [22mdifferent task validation[2m > [22mshould reject multiple relationships with same task ID pairs
 [32mΓ£ô[39m test/unit/mcp-server/handlers/configure-sprint-tdd.test.ts[2m > [22mconfigure_sprint - TDD relationship declaration[2m > [22mnon-existent task ID validation[2m > [22mshould reject relationship with non-existent red_task_id
 [32mΓ£ô[39m test/unit/mcp-server/handlers/configure-sprint-tdd.test.ts[2m > [22mconfigure_sprint - TDD relationship declaration[2m > [22mnon-existent task ID validation[2m > [22mshould reject relationship with non-existent green_task_id
 [32mΓ£ô[39m test/unit/mcp-server/handlers/configure-sprint-tdd.test.ts[2m > [22mconfigure_sprint - TDD relationship declaration[2m > [22mnon-existent task ID validation[2m > [22mshould reject relationship with both non-existent task IDs
 [32mΓ£ô[39m extension/test/unit/agents/sessions/toolCallAggregator.test.ts[2m > [22maggregateToolCall[2m > [22mBasic Aggregation[2m > [22mshould return null when no matching ToolCallEvent found
 [32mΓ£ô[39m extension/test/unit/agents/sessions/toolCallAggregator.test.ts[2m > [22maggregateToolCall[2m > [22mBasic Aggregation[2m > [22mshould aggregate basic tool call with minimal events
 [32mΓ£ô[39m extension/test/unit/agents/sessions/toolCallAggregator.test.ts[2m > [22maggregateToolCall[2m > [22mBasic Aggregation[2m > [22mshould extract toolName, toolCategory, and arguments from ToolCallEvent
 [32mΓ£ô[39m extension/test/unit/agents/sessions/toolCallAggregator.test.ts[2m > [22maggregateToolCall[2m > [22mBasic Aggregation[2m > [22mshould include only relevant events in events array
 [32mΓ£ô[39m extension/test/unit/agents/sessions/toolCallAggregator.test.ts[2m > [22maggregateToolCall[2m > [22mStatus Computation[2m > [22mshould compute status as 'pending' when no result or progress events exist
 [32mΓ£ô[39m extension/test/unit/agents/sessions/toolCallAggregator.test.ts[2m > [22maggregateToolCall[2m > [22mStatus Computation[2m > [22mshould compute status as 'running' when progress events exist but no result
 [32mΓ£ô[39m extension/test/unit/agents/sessions/toolCallAggregator.test.ts[2m > [22maggregateToolCall[2m > [22mStatus Computation[2m > [22mshould compute status as 'success' when result.success is true
 [32mΓ£ô[39m extension/test/unit/agents/sessions/toolCallAggregator.test.ts[2m > [22maggregateToolCall[2m > [22mStatus Computation[2m > [22mshould compute status as 'failed' when result.success is false
 [32mΓ£ô[39m extension/test/unit/agents/sessions/toolCallAggregator.test.ts[2m > [22maggregateToolCall[2m > [22mOutput Aggregation[2m > [22mshould collect output chunks in order
 [32mΓ£ô[39m extension/test/unit/agents/sessions/toolCallAggregator.test.ts[2m > [22maggregateToolCall[2m > [22mOutput Aggregation[2m > [22mshould compute outputLineCount from joined chunks
 [32mΓ£ô[39m extension/test/unit/agents/sessions/toolCallAggregator.test.ts[2m > [22maggregateToolCall[2m > [22mOutput Aggregation[2m > [22mshould handle empty output chunks array
 [32mΓ£ô[39m extension/test/unit/agents/sessions/toolCallAggregator.test.ts[2m > [22maggregateToolCall[2m > [22mFile Operations[2m > [22mshould collect all file operations from events
 [32mΓ£ô[39m extension/test/unit/agents/sessions/toolCallAggregator.test.ts[2m > [22maggregateToolCall[2m > [22mFile Operations[2m > [22mshould handle empty file operations array
 [32mΓ£ô[39m extension/test/unit/agents/sessions/toolCallAggregator.test.ts[2m > [22maggregateToolCall[2m > [22mMetadata Aggregation[2m > [22mshould merge metadata from multiple events
 [32mΓ£ô[39m extension/test/unit/agents/sessions/toolCallAggregator.test.ts[2m > [22maggregateToolCall[2m > [22mMetadata Aggregation[2m > [22mshould overwrite duplicate metadata keys with latest value
 [32mΓ£ô[39m extension/test/unit/agents/sessions/toolCallAggregator.test.ts[2m > [22maggregateToolCall[2m > [22mMetadata Aggregation[2m > [22mshould handle empty metadata object
 [32mΓ£ô[39m extension/test/unit/agents/sessions/toolCallAggregator.test.ts[2m > [22maggregateToolCall[2m > [22mProgress Tracking[2m > [22mshould capture most recent progress message and percent
 [32mΓ£ô[39m extension/test/unit/agents/sessions/toolCallAggregator.test.ts[2m > [22maggregateToolCall[2m > [22mProgress Tracking[2m > [22mshould handle undefined progress values
 [32mΓ£ô[39m extension/test/unit/agents/sessions/toolCallAggregator.test.ts[2m > [22maggregateToolCall[2m > [22mComplete Tool Call Lifecycle[2m > [22mshould aggregate complete tool call with all event types
 [32mΓ£ô[39m extension/test/unit/agents/sessions/toolCallAggregator.test.ts[2m > [22maggregateToolCall[2m > [22mEdge Cases[2m > [22mshould handle empty events array
 [32mΓ£ô[39m extension/test/unit/agents/sessions/toolCallAggregator.test.ts[2m > [22maggregateToolCall[2m > [22mEdge Cases[2m > [22mshould filter out non-tool events correctly
 [32mΓ£ô[39m extension/test/unit/agents/sessions/toolCallAggregator.test.ts[2m > [22maggregateToolCall[2m > [22mEdge Cases[2m > [22mshould handle multiple tool calls and only aggregate the requested one
 [32mΓ£ô[39m extension/test/unit/views/agentPanelProvider.test.ts[2m > [22mAgentPanelProvider[2m > [22mmessage handling[2m > [22mexport_session[2m > [22mshould export session and save to file
 [32mΓ£ô[39m extension/test/unit/views/agentPanelProvider.test.ts[2m > [22mAgentPanelProvider[2m > [22mmessage handling[2m > [22mexport_session[2m > [22mshould generate filename with sanitized timestamp
 [32mΓ£ô[39m test/unit/mcp-server/configure-sprint.test.ts[2m > [22mconfigure_sprint handler[2m > [22mtdd_red_phase field storage[2m > [22mshould store tdd_red_phase=true when provided
 [32mΓ£ô[39m extension/test/unit/views/agentPanelProvider.test.ts[2m > [22mAgentPanelProvider[2m > [22mmessage handling[2m > [22mexport_session[2m > [22mshould write JSON with 2-space indentation
 [32mΓ£ô[39m extension/test/unit/chat/SessionManager.test.ts[2m > [22mSessionManager[2m > [22minvokeOrchestrator[2m > [22mshould reuse existing window on subsequent calls[33m 644[2mms[22m[39m
 [32mΓ£ô[39m test/unit/mcp-server/handlers/configure-sprint-tdd.test.ts[2m > [22mconfigure_sprint - TDD relationship declaration[2m > [22medge cases[2m > [22mshould accept sprint with no tdd_relationships array
 [32mΓ£ô[39m extension/test/unit/views/agentPanelProvider.test.ts[2m > [22mAgentPanelProvider[2m > [22mmessage handling[2m > [22mexport_session[2m > [22mshould handle cancellation when user closes save dialog
 [32mΓ£ô[39m extension/test/unit/views/agentPanelProvider.test.ts[2m > [22mAgentPanelProvider[2m > [22mmessage handling[2m > [22mexport_session[2m > [22mshould show error when no workspace folder
 [32mΓ£ô[39m test/unit/mcp-server/configure-sprint.test.ts[2m > [22mconfigure_sprint handler[2m > [22mtdd_red_phase field storage[2m > [22mshould store tdd_red_phase=false when explicitly set to false[33m 313[2mms[22m[39m
 [32mΓ£ô[39m extension/test/unit/agents/tools/testing/runTests.test.ts[2m > [22mrunTestsTool[2m > [22mtool metadata[2m > [22mshould have correct name
 [32mΓ£ô[39m extension/test/unit/agents/tools/testing/runTests.test.ts[2m > [22mrunTestsTool[2m > [22mtool metadata[2m > [22mshould have description
 [32mΓ£ô[39m extension/test/unit/agents/tools/testing/runTests.test.ts[2m > [22mrunTestsTool[2m > [22mtool metadata[2m > [22mshould have inputSchema with required scope property
 [32mΓ£ô[39m extension/test/unit/agents/tools/testing/runTests.test.ts[2m > [22mrunTestsTool[2m > [22mtool metadata[2m > [22mshould have all expected input properties
 [32mΓ£ô[39m extension/test/unit/agents/tools/testing/runTests.test.ts[2m > [22mrunTestsTool[2m > [22msuccess path[2m > [22mshould execute full pipeline and return success result
 [32mΓ£ô[39m extension/test/unit/agents/tools/testing/runTests.test.ts[2m > [22mrunTestsTool[2m > [22msuccess path[2m > [22mshould include scope and target in output
 [32mΓ£ô[39m extension/test/unit/agents/tools/testing/runTests.test.ts[2m > [22mrunTestsTool[2m > [22mconcurrent execution rejection (FR-026)[2m > [22mshould reject concurrent test runs with TEST_RUN_IN_PROGRESS
 [32mΓ£ô[39m extension/test/unit/agents/tools/testing/runTests.test.ts[2m > [22mrunTestsTool[2m > [22mconcurrent execution rejection (FR-026)[2m > [22mshould allow subsequent runs after first completes
 [32mΓ£ô[39m extension/test/unit/agents/tools/testing/runTests.test.ts[2m > [22mrunTestsTool[2m > [22mconfig load failure[2m > [22mshould return error when config file not found
 [32mΓ£ô[39m extension/test/unit/agents/tools/testing/runTests.test.ts[2m > [22mrunTestsTool[2m > [22mconfig load failure[2m > [22mshould return error when config is invalid
 [32mΓ£ô[39m extension/test/unit/agents/tools/testing/runTests.test.ts[2m > [22mrunTestsTool[2m > [22mscope resolution error[2m > [22mshould return error when tier is not configured
 [32mΓ£ô[39m extension/test/unit/agents/tools/testing/runTests.test.ts[2m > [22mrunTestsTool[2m > [22mscope resolution error[2m > [22mshould return error when file not found
 [32mΓ£ô[39m extension/test/unit/agents/tools/testing/runTests.test.ts[2m > [22mrunTestsTool[2m > [22mscope resolution error[2m > [22mshould return NO_CHANGES_DETECTED for related scope with no changes
 [32mΓ£ô[39m extension/test/unit/agents/tools/testing/runTests.test.ts[2m > [22mrunTestsTool[2m > [22mvitest execution error[2m > [22mshould return error when vitest times out
 [32mΓ£ô[39m extension/test/unit/agents/tools/testing/runTests.test.ts[2m > [22mrunTestsTool[2m > [22mvitest execution error[2m > [22mshould return error when vitest command fails
 [32mΓ£ô[39m extension/test/unit/agents/tools/testing/runTests.test.ts[2m > [22mrunTestsTool[2m > [22mcollection/transform failure detection[2m > [22mshould return COLLECTION_FAILED when exitCode != 0 and 0 tests collected
 [32mΓ£ô[39m extension/test/unit/agents/tools/testing/runTests.test.ts[2m > [22mrunTestsTool[2m > [22mcollection/transform failure detection[2m > [22mshould include raw output in error details for diagnosis
 [32mΓ£ô[39m extension/test/unit/agents/tools/testing/runTests.test.ts[2m > [22mrunTestsTool[2m > [22mcollection/transform failure detection[2m > [22mshould NOT flag collection failure when exitCode != 0 but tests were collected
 [32mΓ£ô[39m extension/test/unit/agents/tools/testing/runTests.test.ts[2m > [22mrunTestsTool[2m > [22mcollection/transform failure detection[2m > [22mshould NOT flag collection failure when exitCode is 0 and 0 tests
 [32mΓ£ô[39m extension/test/unit/agents/tools/testing/runTests.test.ts[2m > [22mrunTestsTool[2m > [22mempty scope result[2m > [22mshould return success with informative message when no tests found
 [32mΓ£ô[39m extension/test/unit/agents/tools/testing/runTests.test.ts[2m > [22mrunTestsTool[2m > [22mempty scope result[2m > [22mshould proceed when pattern scope has empty files but has pattern
 [32mΓ£ô[39m extension/test/unit/agents/tools/testing/runTests.test.ts[2m > [22mrunTestsTool[2m > [22mlock release on error[2m > [22mshould release lock even when pipeline throws
 [32mΓ£ô[39m extension/test/unit/agents/tools/testing/runTests.test.ts[2m > [22mrunTestsTool[2m > [22minput validation[2m > [22mshould reject invalid scope value
 [32mΓ£ô[39m extension/test/unit/agents/tools/testing/runTests.test.ts[2m > [22mrunTestsTool[2m > [22minput validation[2m > [22mshould accept valid scope without target
 [32mΓ£ô[39m extension/test/unit/agents/tools/testing/runTests.test.ts[2m > [22mrunTestsTool[2m > [22mfailure output formatting[2m > [22mshould include failure details when tests fail
 [32mΓ£ô[39m extension/test/unit/agents/tools/testing/runTests.test.ts[2m > [22mrunTestsTool[2m > [22mconfig warnings[2m > [22mshould include config warnings in result
 [32mΓ£ô[39m extension/test/unit/agents/tools/testing/runTests.test.ts[2m > [22mrunTestsTool[2m > [22mfingerprint-based caching (US3)[2m > [22mshould return cached result when fingerprint matches
 [32mΓ£ô[39m extension/test/unit/agents/tools/testing/runTests.test.ts[2m > [22mrunTestsTool[2m > [22mfingerprint-based caching (US3)[2m > [22mshould bypass cache when force=true
 [32mΓ£ô[39m extension/test/unit/agents/tools/testing/runTests.test.ts[2m > [22mrunTestsTool[2m > [22mfingerprint-based caching (US3)[2m > [22mshould include fingerprint in result metadata
 [32mΓ£ô[39m extension/test/unit/agents/tools/testing/runTests.test.ts[2m > [22mrunTestsTool[2m > [22mfailed scope (US3)[2m > [22mshould succeed with 'failed' scope when no previous failures
 [32mΓ£ô[39m extension/test/unit/agents/tools/testing/runTests.test.ts[2m > [22mrunTestsTool[2m > [22mfailed scope (US3)[2m > [22mshould run only failed tests when previous failures exist
 [32mΓ£ô[39m extension/test/unit/agents/tools/testing/runTests.test.ts[2m > [22mrunTestsTool[2m > [22mrelated scope (US4)[2m > [22mshould succeed when related scope has changed files
 [32mΓ£ô[39m extension/test/unit/agents/tools/testing/runTests.test.ts[2m > [22mrunTestsTool[2m > [22mrelated scope (US4)[2m > [22mshould include selection metadata in output for related scope
 [32mΓ£ô[39m extension/test/unit/agents/tools/testing/runTests.test.ts[2m > [22mrunTestsTool[2m > [22mrelated scope (US4)[2m > [22mshould pass relatedFiles to VitestRunner via options
 [32mΓ£ô[39m extension/test/unit/views/treeview/CodeReviewTreeProvider.test.ts[2m > [22mCodeReviewTreeProvider[2m > [22mclass structure[2m > [22mshould exist and be constructible
 [32mΓ£ô[39m extension/test/unit/views/treeview/CodeReviewTreeProvider.test.ts[2m > [22mCodeReviewTreeProvider[2m > [22mclass structure[2m > [22mshould implement TreeDataProvider interface
 [32mΓ£ô[39m extension/test/unit/views/treeview/CodeReviewTreeProvider.test.ts[2m > [22mCodeReviewTreeProvider[2m > [22mclass structure[2m > [22mshould have onDidChangeTreeData event
 [32mΓ£ô[39m extension/test/unit/views/treeview/CodeReviewTreeProvider.test.ts[2m > [22mCodeReviewTreeProvider[2m > [22mclass structure[2m > [22mshould have refresh method
 [32mΓ£ô[39m extension/test/unit/views/treeview/CodeReviewTreeProvider.test.ts[2m > [22mCodeReviewTreeProvider[2m > [22mclass structure[2m > [22mshould have dispose method
 [32mΓ£ô[39m extension/test/unit/views/treeview/CodeReviewTreeProvider.test.ts[2m > [22mCodeReviewTreeProvider[2m > [22mgetChildren[2m > [22mshould return root items when no element provided
 [32mΓ£ô[39m extension/test/unit/views/treeview/CodeReviewTreeProvider.test.ts[2m > [22mCodeReviewTreeProvider[2m > [22mgetChildren[2m > [22mshould return status snapshot item
 [32mΓ£ô[39m extension/test/unit/views/treeview/CodeReviewTreeProvider.test.ts[2m > [22mCodeReviewTreeProvider[2m > [22mgetChildren[2m > [22mshould return gate mode item
 [32mΓ£ô[39m extension/test/unit/views/treeview/CodeReviewTreeProvider.test.ts[2m > [22mCodeReviewTreeProvider[2m > [22mgetChildren[2m > [22mshould return action items section
 [32mΓ£ô[39m extension/test/unit/views/treeview/CodeReviewTreeProvider.test.ts[2m > [22mCodeReviewTreeProvider[2m > [22mgetChildren[2m > [22mshould return children for actions item
 [32mΓ£ô[39m extension/test/unit/views/treeview/CodeReviewTreeProvider.test.ts[2m > [22mCodeReviewTreeProvider[2m > [22mstatus snapshot[2m > [22mshould show total review count
 [32mΓ£ô[39m extension/test/unit/views/treeview/CodeReviewTreeProvider.test.ts[2m > [22mCodeReviewTreeProvider[2m > [22mstatus snapshot[2m > [22mshould show count by status (APPROVED)
 [32mΓ£ô[39m extension/test/unit/views/treeview/CodeReviewTreeProvider.test.ts[2m > [22mCodeReviewTreeProvider[2m > [22mstatus snapshot[2m > [22mshould show count by status (NEEDS_REVISION)
 [32mΓ£ô[39m extension/test/unit/views/treeview/CodeReviewTreeProvider.test.ts[2m > [22mCodeReviewTreeProvider[2m > [22mstatus snapshot[2m > [22mshould show count by status (REJECTED)
 [32mΓ£ô[39m extension/test/unit/views/treeview/CodeReviewTreeProvider.test.ts[2m > [22mCodeReviewTreeProvider[2m > [22mstatus snapshot[2m > [22mshould show count by status (CHANGES_REQUESTED)
 [32mΓ£ô[39m extension/test/unit/views/treeview/CodeReviewTreeProvider.test.ts[2m > [22mCodeReviewTreeProvider[2m > [22mstatus snapshot[2m > [22mshould show count by status (FIXING_ISSUES)
 [32mΓ£ô[39m extension/test/unit/views/treeview/CodeReviewTreeProvider.test.ts[2m > [22mCodeReviewTreeProvider[2m > [22mstatus snapshot[2m > [22mshould show count by status (PENDING_VERIFICATION)
 [32mΓ£ô[39m extension/test/unit/views/treeview/CodeReviewTreeProvider.test.ts[2m > [22mCodeReviewTreeProvider[2m > [22mstatus snapshot[2m > [22mshould show count by status (PENDING)
 [32mΓ£ô[39m extension/test/unit/views/treeview/CodeReviewTreeProvider.test.ts[2m > [22mCodeReviewTreeProvider[2m > [22mstatus snapshot[2m > [22mshould show open issues count
 [32mΓ£ô[39m extension/test/unit/views/treeview/CodeReviewTreeProvider.test.ts[2m > [22mCodeReviewTreeProvider[2m > [22mstatus snapshot[2m > [22mshould show blocking severity threshold
 [32mΓ£ô[39m extension/test/unit/views/treeview/CodeReviewTreeProvider.test.ts[2m > [22mCodeReviewTreeProvider[2m > [22mgate mode display[2m > [22mshould show ad_hoc mode
 [32mΓ£ô[39m extension/test/unit/views/treeview/CodeReviewTreeProvider.test.ts[2m > [22mCodeReviewTreeProvider[2m > [22mgate mode display[2m > [22mshould show task_gate mode when configured
 [32mΓ£ô[39m extension/test/unit/views/treeview/CodeReviewTreeProvider.test.ts[2m > [22mCodeReviewTreeProvider[2m > [22mgate mode display[2m > [22mshould show phase_gate mode when configured
 [32mΓ£ô[39m extension/test/unit/views/treeview/CodeReviewTreeProvider.test.ts[2m > [22mCodeReviewTreeProvider[2m > [22maction buttons[2m > [22mshould have 'Run ad-hoc review now' action
 [32mΓ£ô[39m extension/test/unit/views/treeview/CodeReviewTreeProvider.test.ts[2m > [22mCodeReviewTreeProvider[2m > [22maction buttons[2m > [22mshould show 'Fix Issues' action when changes requested
 [32mΓ£ô[39m extension/test/unit/views/treeview/CodeReviewTreeProvider.test.ts[2m > [22mCodeReviewTreeProvider[2m > [22maction buttons[2m > [22mshould show 'Continue Fixing' action when fixing issues
 [32mΓ£ô[39m extension/test/unit/views/treeview/CodeReviewTreeProvider.test.ts[2m > [22mCodeReviewTreeProvider[2m > [22maction buttons[2m > [22mshould show 'Verify Fixes' action when pending verification
 [32mΓ£ô[39m extension/test/unit/views/treeview/CodeReviewTreeProvider.test.ts[2m > [22mCodeReviewTreeProvider[2m > [22maction buttons[2m > [22mshould show 'Escalate' action when rejected
 [32mΓ£ô[39m extension/test/unit/views/treeview/CodeReviewTreeProvider.test.ts[2m > [22mCodeReviewTreeProvider[2m > [22maction buttons[2m > [22mshould show 'Re-review' action when approved completed tasks exist
 [32mΓ£ô[39m extension/test/unit/views/treeview/CodeReviewTreeProvider.test.ts[2m > [22mCodeReviewTreeProvider[2m > [22maction buttons[2m > [22mshould disable 'Run ad-hoc review now' when no unreviewed tasks
 [32mΓ£ô[39m extension/test/unit/views/treeview/CodeReviewTreeProvider.test.ts[2m > [22mCodeReviewTreeProvider[2m > [22maction buttons[2m > [22mshould enable 'Run ad-hoc review now' when unreviewed tasks exist
 [32mΓ£ô[39m extension/test/unit/views/treeview/CodeReviewTreeProvider.test.ts[2m > [22mCodeReviewTreeProvider[2m > [22maction buttons[2m > [22mshould use correct command for 'Run ad-hoc review now'
 [32mΓ£ô[39m extension/test/unit/views/treeview/CodeReviewTreeProvider.test.ts[2m > [22mCodeReviewTreeProvider[2m > [22maction buttons[2m > [22mshould use correct command for 'Fix Issues'
 [32mΓ£ô[39m extension/test/unit/views/treeview/CodeReviewTreeProvider.test.ts[2m > [22mCodeReviewTreeProvider[2m > [22maction buttons[2m > [22mshould use correct command for 'Verify Fixes'
 [32mΓ£ô[39m extension/test/unit/views/treeview/CodeReviewTreeProvider.test.ts[2m > [22mCodeReviewTreeProvider[2m > [22maction buttons[2m > [22mshould use correct command for 'Escalate'
 [32mΓ£ô[39m extension/test/unit/views/treeview/CodeReviewTreeProvider.test.ts[2m > [22mCodeReviewTreeProvider[2m > [22micons and styling[2m > [22mshould use appropriate icon for status items
 [32mΓ£ô[39m extension/test/unit/views/treeview/CodeReviewTreeProvider.test.ts[2m > [22mCodeReviewTreeProvider[2m > [22micons and styling[2m > [22mshould use appropriate icon for gate mode
 [32mΓ£ô[39m extension/test/unit/views/treeview/CodeReviewTreeProvider.test.ts[2m > [22mCodeReviewTreeProvider[2m > [22micons and styling[2m > [22mshould use appropriate icon for actions
 [32mΓ£ô[39m extension/test/unit/views/treeview/CodeReviewTreeProvider.test.ts[2m > [22mCodeReviewTreeProvider[2m > [22mdatabase reactivity[2m > [22mshould register database change listener
 [32mΓ£ô[39m extension/test/unit/views/treeview/CodeReviewTreeProvider.test.ts[2m > [22mCodeReviewTreeProvider[2m > [22mdatabase reactivity[2m > [22mshould refresh on database change
 [32mΓ£ô[39m extension/test/unit/views/treeview/CodeReviewTreeProvider.test.ts[2m > [22mCodeReviewTreeProvider[2m > [22mdatabase reactivity[2m > [22mshould fire onDidChangeTreeData when refreshed
 [32mΓ£ô[39m extension/test/unit/views/treeview/CodeReviewTreeProvider.test.ts[2m > [22mCodeReviewTreeProvider[2m > [22mlifecycle[2m > [22mshould dispose of resources
 [32mΓ£ô[39m extension/test/unit/views/treeview/CodeReviewTreeProvider.test.ts[2m > [22mCodeReviewTreeProvider[2m > [22mlifecycle[2m > [22mshould clean up disposables on dispose
 [32mΓ£ô[39m extension/test/unit/views/treeview/CodeReviewTreeProvider.test.ts[2m > [22mCodeReviewTreeProvider[2m > [22mcontext-sensitive labels[2m > [22mshould show 'Post-phase review' label when appropriate
 [32mΓ£ô[39m extension/test/unit/views/treeview/CodeReviewTreeProvider.test.ts[2m > [22mCodeReviewTreeProvider[2m > [22mcontext-sensitive labels[2m > [22mshould show 'Post-task review' label when appropriate
 [32mΓ£ô[39m extension/test/unit/views/agentPanelProvider.test.ts[2m > [22mAgentPanelProvider[2m > [22mmessage handling[2m > [22mexport_session[2m > [22mshould handle exportSession errors
 [32mΓ£ô[39m test/unit/mcp-server/handlers/configure-sprint-tdd.test.ts[2m > [22mconfigure_sprint - TDD relationship declaration[2m > [22medge cases[2m > [22mshould accept sprint with empty tdd_relationships array when no red-phase tasks
 [32mΓ£ô[39m test/unit/mcp-server/configure-sprint.test.ts[2m > [22mconfigure_sprint handler[2m > [22mtdd_red_phase field storage[2m > [22mshould default to false when tdd_red_phase is not provided
 [32mΓ£ô[39m extension/test/unit/chat/SessionManager.test.ts[2m > [22mSessionManager[2m > [22minvokeOrchestrator[2m > [22mshould send prompt with correct parameters[33m 420[2mms[22m[39m
 [32mΓ£ô[39m extension/test/unit/views/agentPanelProvider.test.ts[2m > [22mAgentPanelProvider[2m > [22mmessage handling[2m > [22mexport_session[2m > [22mshould handle file write errors
 [32mΓ£ô[39m extension/test/unit/views/agentPanelProvider.test.ts[2m > [22mAgentPanelProvider[2m > [22mpostMessage[2m > [22mshould send message to webview
 [32mΓ£ô[39m extension/test/unit/views/agentPanelProvider.test.ts[2m > [22mAgentPanelProvider[2m > [22mpostMessage[2m > [22mshould warn if webview not initialized
 [32mΓ£ô[39m extension/test/unit/views/agentPanelProvider.test.ts[2m > [22mAgentPanelProvider[2m > [22mclearPanel[2m > [22mshould delete events from database and post clear message
 [32mΓ£ô[39m extension/test/unit/views/agentPanelProvider.test.ts[2m > [22mAgentPanelProvider[2m > [22mclearPanel[2m > [22mshould not call deleteEventsForSession if no session tracked
 [32mΓ£ô[39m extension/test/unit/views/agentPanelProvider.test.ts[2m > [22mAgentPanelProvider[2m > [22mEventBus subscription[2m > [22mshould handle session_start payload
 [32mΓ£ô[39m test/unit/mcp-server/handlers/configure-sprint-tdd.test.ts[2m > [22mconfigure_sprint - TDD relationship declaration[2m > [22medge cases[2m > [22mshould handle relationship where green task also has tdd_red_phase=true
 [32mΓ£ô[39m test/unit/mcp-server/handlers/configure-sprint-tdd.test.ts[2m > [22mconfigure_sprint - TDD relationship declaration[2m > [22menvironment enforcement for TDD red-phase tasks[2m > [22mshould reject sprint with tdd_red_phase task when environment is missing
 [32mΓ£ô[39m test/unit/mcp-server/handlers/configure-sprint-tdd.test.ts[2m > [22mconfigure_sprint - TDD relationship declaration[2m > [22menvironment enforcement for TDD red-phase tasks[2m > [22mshould reject sprint when environment.test_command is missing for TDD tasks
 [32mΓ£ô[39m test/unit/mcp-server/handlers/configure-sprint-tdd.test.ts[2m > [22mconfigure_sprint - TDD relationship declaration[2m > [22menvironment enforcement for TDD red-phase tasks[2m > [22mshould reject sprint when environment.test_file_pattern is missing for TDD tasks
 [32mΓ£ô[39m test/unit/mcp-server/configure-sprint.test.ts[2m > [22mconfigure_sprint handler[2m > [22mtdd_red_phase field storage[2m > [22mshould handle multiple tasks with different tdd_red_phase values
 [32mΓ£ô[39m test/unit/mcp-server/handlers/configure-sprint-tdd.test.ts[2m > [22mconfigure_sprint - TDD relationship declaration[2m > [22menvironment enforcement for TDD red-phase tasks[2m > [22mshould accept sprint with complete environment for TDD tasks
 [32mΓ£ô[39m extension/test/unit/chat/SessionManager.test.ts[2m > [22mSessionManager[2m > [22minvokeOrchestrator[2m > [22mshould use configured model from ConfigService[33m 415[2mms[22m[39m
 [32mΓ£ô[39m test/unit/mcp-server/handlers/configure-sprint-tdd.test.ts[2m > [22mconfigure_sprint - TDD relationship declaration[2m > [22menvironment enforcement for TDD red-phase tasks[2m > [22mshould allow sprint without environment when no TDD tasks present
 [32mΓ£ô[39m extension/test/unit/prompts/TemplateLoader.test.ts[2m > [22mTemplateLoader[2m > [22mconstructor[2m > [22mshould accept options with required workspaceRoot
 [32mΓ£ô[39m extension/test/unit/prompts/TemplateLoader.test.ts[2m > [22mTemplateLoader[2m > [22mconstructor[2m > [22mshould accept options with optional devMode=true
 [32mΓ£ô[39m extension/test/unit/prompts/TemplateLoader.test.ts[2m > [22mTemplateLoader[2m > [22mconstructor[2m > [22mshould accept options with optional devMode=false
 [32mΓ£ô[39m extension/test/unit/prompts/TemplateLoader.test.ts[2m > [22mTemplateLoader[2m > [22mconstructor[2m > [22mshould default devMode to false when omitted
 [32mΓ£ô[39m extension/test/unit/prompts/TemplateLoader.test.ts[2m > [22mTemplateLoader[2m > [22mrender[2m > [22mshould render a simple template
 [32mΓ£ô[39m extension/test/unit/prompts/TemplateLoader.test.ts[2m > [22mTemplateLoader[2m > [22mrender[2m > [22mshould render template with context variables
 [32mΓ£ô[39m extension/test/unit/prompts/TemplateLoader.test.ts[2m > [22mTemplateLoader[2m > [22mrender[2m > [22mshould render template with nested context
 [32mΓ£ô[39m extension/test/unit/prompts/TemplateLoader.test.ts[2m > [22mTemplateLoader[2m > [22mrender[2m > [22mshould render template with #if conditional
 [32mΓ£ô[39m extension/test/unit/prompts/TemplateLoader.test.ts[2m > [22mTemplateLoader[2m > [22mrender[2m > [22mshould render template with #each loop
 [32mΓ£ô[39m extension/test/unit/prompts/TemplateLoader.test.ts[2m > [22mTemplateLoader[2m > [22mrender[2m > [22mshould render template with #unless block
 [32mΓ£ô[39m extension/test/unit/prompts/TemplateLoader.test.ts[2m > [22mTemplateLoader[2m > [22mrender[2m > [22mshould resolve templates from correct path using path.join
 [32mΓ£ô[39m extension/test/unit/prompts/TemplateLoader.test.ts[2m > [22mTemplateLoader[2m > [22mrender[2m > [22mshould render template with empty context
 [32mΓ£ô[39m extension/test/unit/prompts/TemplateLoader.test.ts[2m > [22mTemplateLoader[2m > [22mrender[2m > [22mshould render template without context parameter
 [32mΓ£ô[39m extension/test/unit/prompts/TemplateLoader.test.ts[2m > [22mTemplateLoader[2m > [22mcaching behavior[2m > [22mshould cache compiled templates when devMode is false
 [32mΓ£ô[39m extension/test/unit/prompts/TemplateLoader.test.ts[2m > [22mTemplateLoader[2m > [22mcaching behavior[2m > [22mshould reuse cached template on subsequent renders
 [32mΓ£ô[39m extension/test/unit/prompts/TemplateLoader.test.ts[2m > [22mTemplateLoader[2m > [22mdevMode behavior[2m > [22mshould bypass cache and reload template on each render when devMode is true
 [32mΓ£ô[39m extension/test/unit/prompts/TemplateLoader.test.ts[2m > [22mTemplateLoader[2m > [22mdevMode behavior[2m > [22mshould reload template changes without clearCache in devMode
 [32mΓ£ô[39m extension/test/unit/prompts/TemplateLoader.test.ts[2m > [22mTemplateLoader[2m > [22mclearCache[2m > [22mshould cause template to be reloaded on next render
 [32mΓ£ô[39m extension/test/unit/prompts/TemplateLoader.test.ts[2m > [22mTemplateLoader[2m > [22mclearCache[2m > [22mshould clear all cached templates
 [32mΓ£ô[39m extension/test/unit/prompts/TemplateLoader.test.ts[2m > [22mTemplateLoader[2m > [22mclearCache[2m > [22mshould allow multiple clear and reload cycles
 [32mΓ£ô[39m extension/test/unit/prompts/TemplateLoader.test.ts[2m > [22mTemplateLoader[2m > [22mpartials[2m > [22mshould register partials from _partials directory
 [32mΓ£ô[39m extension/test/unit/prompts/TemplateLoader.test.ts[2m > [22mTemplateLoader[2m > [22mpartials[2m > [22mshould register partial by filename without extension
 [32mΓ£ô[39m extension/test/unit/prompts/TemplateLoader.test.ts[2m > [22mTemplateLoader[2m > [22mpartials[2m > [22mshould handle missing _partials directory without error
 [32mΓ£ô[39m extension/test/unit/prompts/TemplateLoader.test.ts[2m > [22mTemplateLoader[2m > [22mpartials[2m > [22mshould only register .hbs files as partials
 [32mΓ£ô[39m extension/test/unit/prompts/TemplateLoader.test.ts[2m > [22mTemplateLoader[2m > [22mpartials[2m > [22mshould register multiple partials
 [32mΓ£ô[39m extension/test/unit/prompts/TemplateLoader.test.ts[2m > [22mTemplateLoader[2m > [22mpartials[2m > [22mshould support nested partial context
 [32mΓ£ô[39m extension/test/unit/prompts/TemplateLoader.test.ts[2m > [22mTemplateLoader[2m > [22mpartials[2m > [22mshould re-register partials after clearCache() is called
 [32mΓ£ô[39m extension/test/unit/prompts/TemplateLoader.test.ts[2m > [22mTemplateLoader[2m > [22mjson helper[2m > [22mshould serialize object as JSON with 2-space indent
 [32mΓ£ô[39m extension/test/unit/prompts/TemplateLoader.test.ts[2m > [22mTemplateLoader[2m > [22mjson helper[2m > [22mshould serialize array as JSON with 2-space indent
 [32mΓ£ô[39m extension/test/unit/prompts/TemplateLoader.test.ts[2m > [22mTemplateLoader[2m > [22mjson helper[2m > [22mshould serialize nested objects
 [32mΓ£ô[39m extension/test/unit/prompts/TemplateLoader.test.ts[2m > [22mTemplateLoader[2m > [22mjson helper[2m > [22mshould handle primitives
 [32mΓ£ô[39m extension/test/unit/prompts/TemplateLoader.test.ts[2m > [22mTemplateLoader[2m > [22mjson helper[2m > [22mshould handle undefined as undefined (JSON.stringify behavior)
 [32mΓ£ô[39m extension/test/unit/prompts/TemplateLoader.test.ts[2m > [22mTemplateLoader[2m > [22mif_eq helper[2m > [22mshould render fn block when values are strictly equal
 [32mΓ£ô[39m extension/test/unit/prompts/TemplateLoader.test.ts[2m > [22mTemplateLoader[2m > [22mif_eq helper[2m > [22mshould render inverse block when values are not equal
 [32mΓ£ô[39m extension/test/unit/prompts/TemplateLoader.test.ts[2m > [22mTemplateLoader[2m > [22mif_eq helper[2m > [22mshould use strict equality (===)
 [32mΓ£ô[39m extension/test/unit/prompts/TemplateLoader.test.ts[2m > [22mTemplateLoader[2m > [22mif_eq helper[2m > [22mshould compare numbers correctly
 [32mΓ£ô[39m extension/test/unit/prompts/TemplateLoader.test.ts[2m > [22mTemplateLoader[2m > [22mif_eq helper[2m > [22mshould compare booleans correctly
 [32mΓ£ô[39m extension/test/unit/prompts/TemplateLoader.test.ts[2m > [22mTemplateLoader[2m > [22mif_eq helper[2m > [22mshould render empty string when not equal and no else block
 [32mΓ£ô[39m extension/test/unit/prompts/TemplateLoader.test.ts[2m > [22mTemplateLoader[2m > [22mdefault helper[2m > [22mshould return value when not null or undefined
 [32mΓ£ô[39m extension/test/unit/prompts/TemplateLoader.test.ts[2m > [22mTemplateLoader[2m > [22mdefault helper[2m > [22mshould return default value when value is undefined
 [32mΓ£ô[39m extension/test/unit/prompts/TemplateLoader.test.ts[2m > [22mTemplateLoader[2m > [22mdefault helper[2m > [22mshould return default value when value is null
 [32mΓ£ô[39m extension/test/unit/prompts/TemplateLoader.test.ts[2m > [22mTemplateLoader[2m > [22mdefault helper[2m > [22mshould return empty string when value is empty string (not null)
 [32mΓ£ô[39m extension/test/unit/prompts/TemplateLoader.test.ts[2m > [22mTemplateLoader[2m > [22mdefault helper[2m > [22mshould return 0 when value is 0 (not null)
 [32mΓ£ô[39m extension/test/unit/prompts/TemplateLoader.test.ts[2m > [22mTemplateLoader[2m > [22mdefault helper[2m > [22mshould return false when value is false (not null)
 [32mΓ£ô[39m extension/test/unit/prompts/TemplateLoader.test.ts[2m > [22mTemplateLoader[2m > [22mdefault helper[2m > [22mshould work with nested property access
 [32mΓ£ô[39m extension/test/unit/prompts/TemplateLoader.test.ts[2m > [22mTemplateLoader[2m > [22madd helper[2m > [22mshould add positive numbers
 [32mΓ£ô[39m extension/test/unit/prompts/TemplateLoader.test.ts[2m > [22mTemplateLoader[2m > [22madd helper[2m > [22mshould add negative numbers and zero
 [32mΓ£ô[39m extension/test/unit/prompts/TemplateLoader.test.ts[2m > [22mTemplateLoader[2m > [22madd helper[2m > [22mshould coerce string numbers to numbers
 [32mΓ£ô[39m extension/test/unit/prompts/TemplateLoader.test.ts[2m > [22mTemplateLoader[2m > [22mmissing template error[2m > [22mshould throw error when template file does not exist
 [32mΓ£ô[39m extension/test/unit/prompts/TemplateLoader.test.ts[2m > [22mTemplateLoader[2m > [22mmissing template error[2m > [22mshould include template name in error message
 [32mΓ£ô[39m extension/test/unit/prompts/TemplateLoader.test.ts[2m > [22mTemplateLoader[2m > [22mmissing template error[2m > [22mshould include expected path in error message
 [32mΓ£ô[39m extension/test/unit/prompts/TemplateLoader.test.ts[2m > [22mTemplateLoader[2m > [22mmissing template error[2m > [22mshould throw descriptive error with full path
 [32mΓ£ô[39m extension/test/unit/prompts/TemplateLoader.test.ts[2m > [22mTemplateLoader[2m > [22mcomplex template scenarios[2m > [22mshould render template with multiple helpers combined
 [32mΓ£ô[39m extension/test/unit/prompts/TemplateLoader.test.ts[2m > [22mTemplateLoader[2m > [22mcomplex template scenarios[2m > [22mshould render template with partials and helpers
 [32mΓ£ô[39m extension/test/unit/prompts/TemplateLoader.test.ts[2m > [22mTemplateLoader[2m > [22mcomplex template scenarios[2m > [22mshould handle real-world handover template pattern
 [32mΓ£ô[39m test/unit/mcp-server/configure-sprint.test.ts[2m > [22mconfigure_sprint handler[2m > [22mspec_path validation[2m > [22mshould accept sprint configuration with spec_path in spec/ directory
 [32mΓ£ô[39m test/unit/mcp-server/configure-sprint.test.ts[2m > [22mconfigure_sprint handler[2m > [22mspec_path validation[2m > [22mshould reject sprint configuration with invalid spec_path directory
 [32mΓ£ô[39m test/unit/mcp-server/configure-sprint.test.ts[2m > [22mconfigure_sprint handler[2m > [22mspec_path validation[2m > [22mshould reject sprint configuration without spec_path
 [32mΓ£ô[39m extension/test/unit/agents/tools/system/runCommand.test.ts[2m > [22mrunCommand tool[2m > [22mBasic Execution[2m > [22mexecutes command successfully and captures stdout
 [32mΓ£ô[39m extension/test/unit/prompts/ContextFileResolver.test.ts[2m > [22mContextFileResolver[2m > [22mconstructor[2m > [22mshould accept workspaceRoot parameter
 [32mΓ£ô[39m extension/test/unit/prompts/ContextFileResolver.test.ts[2m > [22mContextFileResolver[2m > [22mconstructor[2m > [22mshould store workspaceRoot for later use
 [32mΓ£ô[39m extension/test/unit/prompts/ContextFileResolver.test.ts[2m > [22mContextFileResolver[2m > [22mgetContextFiles[2m > [22mshould return vscode.Uri array
 [32mΓ£ô[39m extension/test/unit/prompts/ContextFileResolver.test.ts[2m > [22mContextFileResolver[2m > [22mgetContextFiles[2m > [22mshould resolve paths relative to workspaceRoot
 [32mΓ£ô[39m extension/test/unit/prompts/ContextFileResolver.test.ts[2m > [22mContextFileResolver[2m > [22mgetContextFiles[2m > [22mshould return vscode.Uri.file() for each path
 [32mΓ£ô[39m extension/test/unit/prompts/ContextFileResolver.test.ts[2m > [22mContextFileResolver[2m > [22mgetContextFiles[2m > [22mshould handle null handover gracefully
 [32mΓ£ô[39m extension/test/unit/prompts/ContextFileResolver.test.ts[2m > [22mContextFileResolver[2m > [22mgetContextFiles[2m > [22mshould handle null context_files gracefully
 [32mΓ£ô[39m extension/test/unit/prompts/ContextFileResolver.test.ts[2m > [22mContextFileResolver[2m > [22mgetContextFiles[2m > [22mshould handle empty context_files array gracefully
 [32mΓ£ô[39m extension/test/unit/prompts/ContextFileResolver.test.ts[2m > [22mContextFileResolver[2m > [22mgetContextFiles[2m > [22mshould handle invalid JSON in context_files gracefully
 [32mΓ£ô[39m extension/test/unit/prompts/ContextFileResolver.test.ts[2m > [22mContextFileResolver[2m > [22mgetContextFiles[2m > [22mshould parse context_files JSON array correctly
 [32mΓ£ô[39m extension/test/unit/prompts/ContextFileResolver.test.ts[2m > [22mContextFileResolver[2m > [22mgetContextFiles[2m > [22mshould handle single file in context_files
 [32mΓ£ô[39m extension/test/unit/prompts/ContextFileResolver.test.ts[2m > [22mContextFileResolver[2m > [22mgetContextFiles[2m > [22mshould handle paths with nested directories
 [32mΓ£ô[39m extension/test/unit/prompts/ContextFileResolver.test.ts[2m > [22mContextFileResolver[2m > [22mgetContextFiles[2m > [22mshould handle multiple tasks independently
 [32mΓ£ô[39m extension/test/unit/prompts/ContextFileResolver.test.ts[2m > [22mContextFileResolver[2m > [22mintegration with database[2m > [22mshould query getHandover from database/queries.ts
 [32mΓ£ô[39m extension/test/unit/prompts/ContextFileResolver.test.ts[2m > [22mContextFileResolver[2m > [22mintegration with database[2m > [22mshould work with different workspace roots
 [32mΓ£ô[39m extension/test/unit/prompts/ContextFileResolver.test.ts[2m > [22mContextFileResolver[2m > [22mgetContextFilesWithStatus[2m > [22mshould return array of objects with uri and exists properties
 [32mΓ£ô[39m extension/test/unit/prompts/ContextFileResolver.test.ts[2m > [22mContextFileResolver[2m > [22mgetContextFilesWithStatus[2m > [22mshould return exists: true when file exists
 [32mΓ£ô[39m extension/test/unit/prompts/ContextFileResolver.test.ts[2m > [22mContextFileResolver[2m > [22mgetContextFilesWithStatus[2m > [22mshould return exists: false when file does not exist
 [32mΓ£ô[39m extension/test/unit/prompts/ContextFileResolver.test.ts[2m > [22mContextFileResolver[2m > [22mgetContextFilesWithStatus[2m > [22mshould call fs.existsSync for each file path
 [32mΓ£ô[39m extension/test/unit/prompts/ContextFileResolver.test.ts[2m > [22mContextFileResolver[2m > [22mgetContextFilesWithStatus[2m > [22mshould log console.warn for missing files
 [32mΓ£ô[39m extension/test/unit/prompts/ContextFileResolver.test.ts[2m > [22mContextFileResolver[2m > [22mgetContextFilesWithStatus[2m > [22mshould not log console.warn for existing files
 [32mΓ£ô[39m extension/test/unit/prompts/ContextFileResolver.test.ts[2m > [22mContextFileResolver[2m > [22mgetContextFilesWithStatus[2m > [22mshould handle mixed existing and missing files
 [32mΓ£ô[39m extension/test/unit/prompts/ContextFileResolver.test.ts[2m > [22mContextFileResolver[2m > [22mgetContextFilesWithStatus[2m > [22mshould return empty array for null handover
 [32mΓ£ô[39m extension/test/unit/prompts/ContextFileResolver.test.ts[2m > [22mContextFileResolver[2m > [22mgetContextFilesWithStatus[2m > [22mshould return empty array for null context_files
 [32mΓ£ô[39m extension/test/unit/prompts/ContextFileResolver.test.ts[2m > [22mContextFileResolver[2m > [22mgetContextFilesWithStatus[2m > [22mshould return empty array for invalid JSON
 [32mΓ£ô[39m extension/test/unit/prompts/ContextFileResolver.test.ts[2m > [22mContextFileResolver[2m > [22mgetContextFiles with file existence filtering[2m > [22mshould only return URIs for existing files
 [32mΓ£ô[39m extension/test/unit/prompts/ContextFileResolver.test.ts[2m > [22mContextFileResolver[2m > [22mgetContextFiles with file existence filtering[2m > [22mshould return empty array when no files exist
 [32mΓ£ô[39m extension/test/unit/prompts/ContextFileResolver.test.ts[2m > [22mContextFileResolver[2m > [22mgetContextFiles with file existence filtering[2m > [22mshould return all URIs when all files exist
 [32mΓ£ô[39m extension/test/unit/chat/SessionManager.test.ts[2m > [22mSessionManager[2m > [22minvokeOrchestrator[2m > [22mshould set orchestratorActive to true after invocation[33m 411[2mms[22m[39m
 [32mΓ£ô[39m extension/test/unit/agents/tools/system/runCommand.test.ts[2m > [22mrunCommand tool[2m > [22mBasic Execution[2m > [22mcaptures non-zero exit code
 [32mΓ£ô[39m extension/test/unit/chat/SessionManager.test.ts[2m > [22mSessionManager[2m > [22minvokeOrchestrator[2m > [22mshould handle errors gracefully
 [32mΓ£ô[39m test/unit/mcp-server/configure-sprint.test.ts[2m > [22mconfigure_sprint handler[2m > [22mspec_path validation[2m > [22mshould store spec_path and expose it via get_sprint_status
 [32mΓ£ô[39m extension/test/unit/agents/tools/system/runCommand.test.ts[2m > [22mrunCommand tool[2m > [22mBasic Execution[2m > [22mcaptures stderr output[33m 360[2mms[22m[39m
 [32mΓ£ô[39m test/unit/mcp-server/configure-sprint.test.ts[2m > [22mconfigure_sprint handler[2m > [22mspec_hash computation[2m > [22mshould compute spec_hash when spec_path exists[33m 574[2mms[22m[39m
 [32mΓ£ô[39m extension/test/unit/chat/SessionManager.test.ts[2m > [22mSessionManager[2m > [22minvokeOrchestrator[2m > [22mshould log invocation details[33m 427[2mms[22m[39m
 [32mΓ£ô[39m test/unit/mcp-server/configure-sprint.test.ts[2m > [22mconfigure_sprint handler[2m > [22mspec_hash computation[2m > [22mshould warn and store null spec_hash when spec_path is missing
 [32mΓ£ô[39m extension/test/unit/chat/SessionManager.test.ts[2m > [22mSessionManager[2m > [22minvokeImplementor[2m > [22mshould create new chat editor tab
 [32mΓ£ô[39m test/integration/tdd-red-green-workflow.test.ts[2m > [22mTDD Red-Green Workflow End-to-End[2m > [22mComplete redΓåÆgreen workflow[2m > [22mshould complete full TDD lifecycle: configure ΓåÆ red phase ΓåÆ green phase ΓåÆ closeout[33m 1234[2mms[22m[39m
 [32mΓ£ô[39m extension/test/unit/agents/AgentSession.test.ts[2m > [22mAgentSession[2m > [22mconstructor[2m > [22mshould create new session with orchestrator role
 [32mΓ£ô[39m extension/test/unit/agents/AgentSession.test.ts[2m > [22mAgentSession[2m > [22mconstructor[2m > [22mshould create new session with implementor role and task ID
 [32mΓ£ô[39m extension/test/unit/agents/AgentSession.test.ts[2m > [22mAgentSession[2m > [22mconstructor[2m > [22mshould generate unique UUID for session ID
 [32mΓ£ô[39m extension/test/unit/agents/AgentSession.test.ts[2m > [22mAgentSession[2m > [22mconstructor[2m > [22mshould set timestamps on creation
 [32mΓ£ô[39m extension/test/unit/agents/AgentSession.test.ts[2m > [22mAgentSession[2m > [22mconstructor[2m > [22mshould accept custom maxIterations
 [32mΓ£ô[39m extension/test/unit/agents/AgentSession.test.ts[2m > [22mAgentSession[2m > [22mconstructor[2m > [22mshould initialize recovery info
 [32mΓ£ô[39m extension/test/unit/agents/AgentSession.test.ts[2m > [22mAgentSession[2m > [22maddMessage[2m > [22mshould add message to history
 [32mΓ£ô[39m extension/test/unit/agents/AgentSession.test.ts[2m > [22mAgentSession[2m > [22maddMessage[2m > [22mshould add multiple messages in order
 [32mΓ£ô[39m extension/test/unit/agents/AgentSession.test.ts[2m > [22mAgentSession[2m > [22mrecordToolCall[2m > [22mshould record tool call
 [32mΓ£ô[39m extension/test/unit/agents/AgentSession.test.ts[2m > [22mAgentSession[2m > [22mrecordFileChange[2m > [22mshould record file change
 [32mΓ£ô[39m extension/test/unit/agents/AgentSession.test.ts[2m > [22mAgentSession[2m > [22mincrementIteration[2m > [22mshould increment iteration counter
 [32mΓ£ô[39m extension/test/unit/agents/AgentSession.test.ts[2m > [22mAgentSession[2m > [22mincrementIteration[2m > [22mshould throw error when max iterations exceeded
 [32mΓ£ô[39m extension/test/unit/agents/AgentSession.test.ts[2m > [22mAgentSession[2m > [22mstatus transitions[2m > [22mpause[2m > [22mshould pause running session
 [32mΓ£ô[39m extension/test/unit/agents/AgentSession.test.ts[2m > [22mAgentSession[2m > [22mstatus transitions[2m > [22mpause[2m > [22mshould throw error when pausing non-running session
 [32mΓ£ô[39m extension/test/unit/agents/AgentSession.test.ts[2m > [22mAgentSession[2m > [22mstatus transitions[2m > [22mpause[2m > [22mshould set resumeFromToolCall when tool calls exist
 [32mΓ£ô[39m extension/test/unit/agents/AgentSession.test.ts[2m > [22mAgentSession[2m > [22mstatus transitions[2m > [22mstop[2m > [22mshould stop running session
 [32mΓ£ô[39m extension/test/unit/agents/AgentSession.test.ts[2m > [22mAgentSession[2m > [22mstatus transitions[2m > [22mstop[2m > [22mshould stop paused session
 [32mΓ£ô[39m extension/test/unit/agents/AgentSession.test.ts[2m > [22mAgentSession[2m > [22mstatus transitions[2m > [22mstop[2m > [22mshould throw error when stopping completed session
 [32mΓ£ô[39m extension/test/unit/agents/AgentSession.test.ts[2m > [22mAgentSession[2m > [22mstatus transitions[2m > [22mresume[2m > [22mshould resume paused session
 [32mΓ£ô[39m extension/test/unit/agents/AgentSession.test.ts[2m > [22mAgentSession[2m > [22mstatus transitions[2m > [22mresume[2m > [22mshould resume stopped session
 [32mΓ£ô[39m extension/test/unit/agents/AgentSession.test.ts[2m > [22mAgentSession[2m > [22mstatus transitions[2m > [22mresume[2m > [22mshould throw error when resuming running session
 [32mΓ£ô[39m extension/test/unit/agents/AgentSession.test.ts[2m > [22mAgentSession[2m > [22mstatus transitions[2m > [22mresume[2m > [22mshould throw error when canResume is false
 [32mΓ£ô[39m extension/test/unit/agents/AgentSession.test.ts[2m > [22mAgentSession[2m > [22mstatus transitions[2m > [22mcomplete[2m > [22mshould complete running session
 [32mΓ£ô[39m extension/test/unit/agents/AgentSession.test.ts[2m > [22mAgentSession[2m > [22mstatus transitions[2m > [22mcomplete[2m > [22mshould throw error when completing non-running session
 [32mΓ£ô[39m extension/test/unit/agents/AgentSession.test.ts[2m > [22mAgentSession[2m > [22mstatus transitions[2m > [22mfail[2m > [22mshould fail running session with reason
 [32mΓ£ô[39m extension/test/unit/agents/AgentSession.test.ts[2m > [22mAgentSession[2m > [22mstatus transitions[2m > [22mfail[2m > [22mshould fail paused session
 [32mΓ£ô[39m extension/test/unit/agents/AgentSession.test.ts[2m > [22mAgentSession[2m > [22mstatus transitions[2m > [22mfail[2m > [22mshould throw error when failing completed session
 [32mΓ£ô[39m extension/test/unit/agents/AgentSession.test.ts[2m > [22mAgentSession[2m > [22mstatus transitions[2m > [22mfail[2m > [22mshould throw error when failing already failed session
 [32mΓ£ô[39m extension/test/unit/agents/AgentSession.test.ts[2m > [22mAgentSession[2m > [22maddCheckpoint[2m > [22mshould add checkpoint reference
 [32mΓ£ô[39m extension/test/unit/agents/AgentSession.test.ts[2m > [22mAgentSession[2m > [22maddCheckpoint[2m > [22mshould update lastCheckpointId with most recent
 [32mΓ£ô[39m extension/test/unit/agents/AgentSession.test.ts[2m > [22mAgentSession[2m > [22mtoJSON[2m > [22mshould serialize session to JSON
 [32mΓ£ô[39m extension/test/unit/agents/AgentSession.test.ts[2m > [22mAgentSession[2m > [22mtoJSON[2m > [22mshould include all messages, tool calls, and file changes
 [32mΓ£ô[39m extension/test/unit/agents/AgentSession.test.ts[2m > [22mAgentSession[2m > [22mfromJSON[2m > [22mshould deserialize valid session JSON
 [32mΓ£ô[39m extension/test/unit/agents/AgentSession.test.ts[2m > [22mAgentSession[2m > [22mfromJSON[2m > [22mshould throw SessionError for invalid data
 [32mΓ£ô[39m extension/test/unit/agents/AgentSession.test.ts[2m > [22mAgentSession[2m > [22mfromJSON[2m > [22mshould preserve messages, tool calls, and file changes
 [32mΓ£ô[39m extension/test/unit/agents/AgentSession.test.ts[2m > [22mAgentSession[2m > [22msave and load[2m > [22mshould save session to file
 [32mΓ£ô[39m extension/test/unit/agents/AgentSession.test.ts[2m > [22mAgentSession[2m > [22msave and load[2m > [22mshould create directory if it doesn't exist
 [32mΓ£ô[39m extension/test/unit/agents/AgentSession.test.ts[2m > [22mAgentSession[2m > [22msave and load[2m > [22mshould load session from file
 [32mΓ£ô[39m extension/test/unit/agents/AgentSession.test.ts[2m > [22mAgentSession[2m > [22msave and load[2m > [22mshould throw SessionError when loading non-existent file
 [32mΓ£ô[39m extension/test/unit/agents/AgentSession.test.ts[2m > [22mAgentSession[2m > [22msave and load[2m > [22mshould throw SessionError when loading invalid JSON
 [32mΓ£ô[39m extension/test/unit/agents/AgentSession.test.ts[2m > [22mAgentSession[2m > [22msave and load[2m > [22mshould round-trip save and load preserving all data
 [32mΓ£ô[39m extension/test/unit/agents/AgentSession.test.ts[2m > [22mAgentSession[2m > [22msave and load[2m > [22mshould validate data before saving
 [32mΓ£ô[39m extension/test/unit/agents/AgentSession.test.ts[2m > [22mAgentSession[2m > [22medge cases[2m > [22mshould handle empty sprint ID
 [32mΓ£ô[39m extension/test/unit/agents/AgentSession.test.ts[2m > [22mAgentSession[2m > [22medge cases[2m > [22mshould handle very long sprint ID
 [32mΓ£ô[39m extension/test/unit/agents/AgentSession.test.ts[2m > [22mAgentSession[2m > [22medge cases[2m > [22mshould handle taskId of 0 (edge case but valid)
 [32mΓ£ô[39m extension/test/unit/agents/AgentSession.test.ts[2m > [22mAgentSession[2m > [22medge cases[2m > [22mshould handle maxIterations of 1
 [32mΓ£ô[39m extension/test/unit/chat/SessionManager.test.ts[2m > [22mSessionManager[2m > [22minvokeImplementor[2m > [22mshould send prompt with correct parameters
 [32mΓ£ô[39m test/unit/mcp-server/configure-sprint.test.ts[2m > [22mconfigure_sprint handler[2m > [22mspec_hash computation[2m > [22mshould warn and store null spec_hash when spec_path cannot be read
 [32mΓ£ô[39m test/unit/mcp-server/configure-sprint.test.ts[2m > [22mconfigure_sprint handler[2m > [22mmigration backward compatibility[2m > [22mshould handle legacy sprint with null spec_path gracefully
 [32mΓ£ô[39m test/integration/tdd-red-green-workflow.test.ts[2m > [22mTDD Red-Green Workflow End-to-End[2m > [22mComplete redΓåÆgreen workflow[2m > [22mshould handle error when attempting green phase before red phase completion[33m 351[2mms[22m[39m
 [32mΓ£ô[39m extension/test/unit/chat/SessionManager.test.ts[2m > [22mSessionManager[2m > [22minvokeImplementor[2m > [22mshould use configured model from ConfigService
[90mstdout[2m | test/unit/mcp-server/prepare-task-tdd-red.test.ts[2m > [22m[2mprepare_task TDD Red-Phase Verification Auto-Injection[2m > [22m[2mDart projects[2m > [22m[2mshould inject Dart-specific red-phase checks when tdd_red_phase=true[22m[39m
Skipping: flutter executable not found in PATH

 [32mΓ£ô[39m test/unit/mcp-server/prepare-task-tdd-red.test.ts[2m > [22mprepare_task TDD Red-Phase Verification Auto-Injection[2m > [22mTypeScript projects[2m > [22mshould inject red-phase checks when tdd_red_phase=true
 [32mΓ£ô[39m test/unit/mcp-server/prepare-task-tdd-red.test.ts[2m > [22mprepare_task TDD Red-Phase Verification Auto-Injection[2m > [22mTypeScript projects[2m > [22mshould NOT inject cleanup checks when tdd_red_phase=false (cleanup is implementor responsibility)
 [32mΓ£ô[39m test/unit/mcp-server/prepare-task-tdd-red.test.ts[2m > [22mprepare_task TDD Red-Phase Verification Auto-Injection[2m > [22mDart projects[2m > [22mshould inject Dart-specific red-phase checks when tdd_red_phase=true
 [32mΓ£ô[39m test/unit/mcp-server/prepare-task-tdd-red.test.ts[2m > [22mprepare_task TDD Red-Phase Verification Auto-Injection[2m > [22mDart projects[2m > [22mshould NOT inject Dart-specific cleanup checks when tdd_red_phase=false (cleanup is implementor responsibility)
 [32mΓ£ô[39m extension/test/unit/agents/tools/testing/ScopeResolver.test.ts[2m > [22mScopeResolver[2m > [22mresolve() - file scope[2m > [22mshould return the single target file path if it exists
 [32mΓ£ô[39m extension/test/unit/agents/tools/testing/ScopeResolver.test.ts[2m > [22mScopeResolver[2m > [22mresolve() - file scope[2m > [22mshould return error when file does not exist
 [32mΓ£ô[39m extension/test/unit/agents/tools/testing/ScopeResolver.test.ts[2m > [22mScopeResolver[2m > [22mresolve() - file scope[2m > [22mshould return error when path is a directory, not a file
 [32mΓ£ô[39m extension/test/unit/agents/tools/testing/ScopeResolver.test.ts[2m > [22mScopeResolver[2m > [22mresolve() - file scope[2m > [22mshould return error when target is missing
 [32mΓ£ô[39m extension/test/unit/agents/tools/testing/ScopeResolver.test.ts[2m > [22mScopeResolver[2m > [22mresolve() - file scope[2m > [22mshould rebase file path to be relative to workingDir when provided
 [32mΓ£ô[39m extension/test/unit/agents/tools/testing/ScopeResolver.test.ts[2m > [22mScopeResolver[2m > [22mresolve() - file scope[2m > [22mshould NOT rebase when workingDir matches workspaceRoot
 [32mΓ£ô[39m extension/test/unit/agents/tools/testing/ScopeResolver.test.ts[2m > [22mScopeResolver[2m > [22mresolve() - pattern scope[2m > [22mshould return empty files array with pattern string
 [32mΓ£ô[39m extension/test/unit/agents/tools/testing/ScopeResolver.test.ts[2m > [22mScopeResolver[2m > [22mresolve() - pattern scope[2m > [22mshould return error when pattern target is missing
 [32mΓ£ô[39m extension/test/unit/agents/tools/testing/ScopeResolver.test.ts[2m > [22mScopeResolver[2m > [22mresolve() - suite scope[2m > [22mshould resolve tier name to directory in files array
 [32mΓ£ô[39m extension/test/unit/agents/tools/testing/ScopeResolver.test.ts[2m > [22mScopeResolver[2m > [22mresolve() - suite scope[2m > [22mshould return TIER_NOT_CONFIGURED error for undeclared tier
 [32mΓ£ô[39m extension/test/unit/agents/tools/testing/ScopeResolver.test.ts[2m > [22mScopeResolver[2m > [22mresolve() - suite scope[2m > [22mshould return error when suite target is missing
 [32mΓ£ô[39m extension/test/unit/agents/tools/testing/ScopeResolver.test.ts[2m > [22mScopeResolver[2m > [22mresolve() - all scope[2m > [22mshould return all non-inverted tier directories in files array
 [32mΓ£ô[39m extension/test/unit/agents/tools/testing/ScopeResolver.test.ts[2m > [22mScopeResolver[2m > [22mresolve() - all scope[2m > [22mshould return empty result when no non-inverted tiers exist
 [32mΓ£ô[39m extension/test/unit/agents/tools/testing/ScopeResolver.test.ts[2m > [22mScopeResolver[2m > [22mresolve() - red scope[2m > [22mshould resolve to inverted tier's directory
 [32mΓ£ô[39m extension/test/unit/agents/tools/testing/ScopeResolver.test.ts[2m > [22mScopeResolver[2m > [22mresolve() - red scope[2m > [22mshould return empty result when no inverted tier exists
 [32mΓ£ô[39m extension/test/unit/agents/tools/testing/ScopeResolver.test.ts[2m > [22mScopeResolver[2m > [22mresolve() - red scope[2m > [22mshould ignore target parameter for red scope
 [32mΓ£ô[39m extension/test/unit/agents/tools/testing/ScopeResolver.test.ts[2m > [22mScopeResolver[2m > [22mresolve() - related scope (US4)[2m > [22mshould resolve related scope with working-tree change source
 [32mΓ£ô[39m extension/test/unit/agents/tools/testing/ScopeResolver.test.ts[2m > [22mScopeResolver[2m > [22mresolve() - related scope (US4)[2m > [22mshould return NO_CHANGES_DETECTED for empty file list
 [32mΓ£ô[39m extension/test/unit/agents/tools/testing/ScopeResolver.test.ts[2m > [22mScopeResolver[2m > [22mresolve() - related scope (US4)[2m > [22mshould return error when commit_range missing for commit-range source
 [32mΓ£ô[39m extension/test/unit/agents/tools/testing/ScopeResolver.test.ts[2m > [22mScopeResolver[2m > [22mresolve() - related scope (US4)[2m > [22mshould default to working-tree when changeSource not specified
 [32mΓ£ô[39m extension/test/unit/agents/tools/testing/ScopeResolver.test.ts[2m > [22mScopeResolver[2m > [22mresolve() - related scope (US4)[2m > [22mshould ignore target parameter for related scope
 [32mΓ£ô[39m extension/test/unit/agents/tools/testing/ScopeResolver.test.ts[2m > [22mScopeResolver[2m > [22mresolve() - related scope cross-project filtering[2m > [22mshould filter out extension/ files when config has extension tiers
 [32mΓ£ô[39m extension/test/unit/agents/tools/testing/ScopeResolver.test.ts[2m > [22mScopeResolver[2m > [22mresolve() - related scope cross-project filtering[2m > [22mshould include cross-project diagnostic in message
 [32mΓ£ô[39m extension/test/unit/agents/tools/testing/ScopeResolver.test.ts[2m > [22mScopeResolver[2m > [22mresolve() - related scope cross-project filtering[2m > [22mshould suggest tier name for excluded sub-project files
 [32mΓ£ô[39m extension/test/unit/agents/tools/testing/ScopeResolver.test.ts[2m > [22mScopeResolver[2m > [22mresolve() - related scope cross-project filtering[2m > [22mshould return empty relatedFiles when all files are from sub-projects
 [32mΓ£ô[39m extension/test/unit/agents/tools/testing/ScopeResolver.test.ts[2m > [22mScopeResolver[2m > [22mresolve() - related scope cross-project filtering[2m > [22mshould not filter when config has no sub-project tiers
 [32mΓ£ô[39m extension/test/unit/agents/tools/testing/ScopeResolver.test.ts[2m > [22mScopeResolver[2m > [22mresolve() - failed scope (US3)[2m > [22mshould return informative message when no getLastFailedTests callback is provided
 [32mΓ£ô[39m extension/test/unit/agents/tools/testing/ScopeResolver.test.ts[2m > [22mScopeResolver[2m > [22mresolve() - failed scope (US3)[2m > [22mshould return informative message when no workingDir is provided
 [32mΓ£ô[39m extension/test/unit/agents/tools/testing/ScopeResolver.test.ts[2m > [22mScopeResolver[2m > [22mresolve() - failed scope (US3)[2m > [22mshould return informative message when no previous failures exist
 [32mΓ£ô[39m extension/test/unit/agents/tools/testing/ScopeResolver.test.ts[2m > [22mScopeResolver[2m > [22mresolve() - failed scope (US3)[2m > [22mshould return informative message when failures array is empty
 [32mΓ£ô[39m extension/test/unit/agents/tools/testing/ScopeResolver.test.ts[2m > [22mScopeResolver[2m > [22mresolve() - failed scope (US3)[2m > [22mshould return pattern with single failed test name
 [32mΓ£ô[39m extension/test/unit/agents/tools/testing/ScopeResolver.test.ts[2m > [22mScopeResolver[2m > [22mresolve() - failed scope (US3)[2m > [22mshould return pattern joining multiple failed test names with |
 [32mΓ£ô[39m extension/test/unit/agents/tools/testing/ScopeResolver.test.ts[2m > [22mScopeResolver[2m > [22mresolve() - failed scope (US3)[2m > [22mshould escape regex special characters in test names
 [32mΓ£ô[39m extension/test/unit/agents/tools/testing/ScopeResolver.test.ts[2m > [22mScopeResolver[2m > [22mresolve() - failed scope (US3)[2m > [22mshould ignore target parameter for failed scope
 [32mΓ£ô[39m extension/test/unit/agents/tools/testing/ScopeResolver.test.ts[2m > [22mScopeResolver[2m > [22mresolve() - interface conformance[2m > [22mshould return ScopeResult with correct structure for successful resolutions
 [32mΓ£ô[39m extension/test/unit/agents/tools/testing/ScopeResolver.test.ts[2m > [22mScopeResolver[2m > [22mresolve() - interface conformance[2m > [22mshould return ToolError with correct structure for errors
 [32mΓ£ô[39m test/unit/mcp-server/configure-sprint.test.ts[2m > [22mconfigure_sprint handler[2m > [22msprint configuration[2m > [22mshould create sprint and deactivate existing sprints
 [32mΓ£ô[39m extension/test/unit/agents/AgentRunner.test.ts[2m > [22mAgentRunner[2m > [22mconstructor[2m > [22mshould create runner with default config
 [32mΓ£ô[39m extension/test/unit/agents/AgentRunner.test.ts[2m > [22mAgentRunner[2m > [22mconstructor[2m > [22mshould accept custom config
 [32mΓ£ô[39m extension/test/unit/agents/AgentRunner.test.ts[2m > [22mAgentRunner[2m > [22mconstructor[2m > [22mshould initialize event emitters
 [32mΓ£ô[39m extension/test/unit/agents/AgentRunner.test.ts[2m > [22mAgentRunner[2m > [22mloadImplementorTools[2m > [22mshould register all implementor tool categories
 [32mΓ£ô[39m extension/test/unit/agents/AgentRunner.test.ts[2m > [22mAgentRunner[2m > [22mconvertToLMMessages[2m > [22mshould serialize toolResult content parts
 [32mΓ£ô[39m extension/test/unit/chat/SessionManager.test.ts[2m > [22mSessionManager[2m > [22minvokeImplementor[2m > [22mshould set implementorActive to true after invocation
 [32mΓ£ô[39m extension/test/unit/chat/SessionManager.test.ts[2m > [22mSessionManager[2m > [22minvokeImplementor[2m > [22mshould handle errors gracefully
 [32mΓ£ô[39m test/integration/code-review-triggers.test.ts[2m > [22mCode Review Triggers and Gating[2m > [22mAuto-trigger mode: manual[2m > [22mshould NOT auto-trigger reviews on task completion when mode is manual
 [32mΓ£ô[39m test/integration/code-review-triggers.test.ts[2m > [22mCode Review Triggers and Gating[2m > [22mAuto-trigger mode: manual[2m > [22mshould NOT auto-trigger reviews on phase completion when mode is manual
 [32mΓ£ô[39m test/integration/code-review-triggers.test.ts[2m > [22mCode Review Triggers and Gating[2m > [22mAuto-trigger mode: task[2m > [22mshould auto-trigger review on task completion
 [32mΓ£ô[39m test/integration/code-review-triggers.test.ts[2m > [22mCode Review Triggers and Gating[2m > [22mAuto-trigger mode: task[2m > [22mshould NOT auto-trigger review on phase completion in task mode
 [32mΓ£ô[39m test/integration/code-review-triggers.test.ts[2m > [22mCode Review Triggers and Gating[2m > [22mAuto-trigger mode: task[2m > [22mshould ONLY enqueue completed unreviewed tasks
 [32mΓ£ô[39m test/integration/code-review-triggers.test.ts[2m > [22mCode Review Triggers and Gating[2m > [22mAuto-trigger mode: task[2m > [22mshould NOT enqueue already reviewed tasks
 [32mΓ£ô[39m test/integration/code-review-triggers.test.ts[2m > [22mCode Review Triggers and Gating[2m > [22mAuto-trigger mode: phase[2m > [22mshould NOT auto-trigger on task completion in phase mode
 [32mΓ£ô[39m test/integration/code-review-triggers.test.ts[2m > [22mCode Review Triggers and Gating[2m > [22mAuto-trigger mode: phase[2m > [22mshould auto-trigger review when all tasks in phase complete
 [32mΓ£ô[39m test/integration/code-review-triggers.test.ts[2m > [22mCode Review Triggers and Gating[2m > [22mAuto-trigger mode: both[2m > [22mshould trigger task-level review on each task completion[33m 403[2mms[22m[39m
 [32mΓ£ô[39m test/integration/code-review-triggers.test.ts[2m > [22mCode Review Triggers and Gating[2m > [22mAuto-trigger mode: both[2m > [22mshould trigger phase-level review when phase completes
 [32mΓ£ô[39m test/integration/code-review-triggers.test.ts[2m > [22mCode Review Triggers and Gating[2m > [22mManual trigger[2m > [22mshould allow manual trigger regardless of auto-trigger setting
 [32mΓ£ô[39m test/integration/code-review-triggers.test.ts[2m > [22mCode Review Triggers and Gating[2m > [22mManual trigger[2m > [22mshould allow manual phase-level trigger
 [32mΓ£ô[39m test/integration/code-review-triggers.test.ts[2m > [22mCode Review Triggers and Gating[2m > [22mTask gate policy[2m > [22mshould insert PENDING_CODE_REVIEW status between VERIFY and COMPLETE
 [32mΓ£ô[39m test/integration/code-review-triggers.test.ts[2m > [22mCode Review Triggers and Gating[2m > [22mTask gate policy[2m > [22mshould block completion until review is APPROVED
 [32mΓ£ô[39m test/integration/code-review-triggers.test.ts[2m > [22mCode Review Triggers and Gating[2m > [22mTask gate policy[2m > [22mshould allow completion when review is APPROVED
 [32mΓ£ô[39m test/integration/code-review-triggers.test.ts[2m > [22mCode Review Triggers and Gating[2m > [22mPhase gate policy[2m > [22mshould block phase progression until all tasks approved
 [32mΓ£ô[39m test/integration/code-review-triggers.test.ts[2m > [22mCode Review Triggers and Gating[2m > [22mPhase gate policy[2m > [22mshould allow phase progression when all tasks approved
 [32mΓ£ô[39m test/integration/code-review-triggers.test.ts[2m > [22mCode Review Triggers and Gating[2m > [22mFailed review gating[2m > [22mshould keep gate closed when review is CHANGES_REQUESTED
 [32mΓ£ô[39m test/integration/code-review-triggers.test.ts[2m > [22mCode Review Triggers and Gating[2m > [22mFailed review gating[2m > [22mshould keep gate closed when review is REJECTED
 [32mΓ£ô[39m test/integration/code-review-triggers.test.ts[2m > [22mCode Review Triggers and Gating[2m > [22mFailed review gating[2m > [22mshould open gate only after review is APPROVED
 [32mΓ£ô[39m extension/test/unit/agents/AgentRunner.test.ts[2m > [22mAgentRunner[2m > [22mstart[2m > [22mshould start new session with orchestrator role
 [32mΓ£ô[39m extension/test/unit/agents/AgentRunner.test.ts[2m > [22mAgentRunner[2m > [22mstart[2m > [22mshould start new session with implementor role
 [32mΓ£ô[39m extension/test/unit/agents/AgentRunner.test.ts[2m > [22mAgentRunner[2m > [22mstart[2m > [22mshould use default sprint ID if not provided
 [32mΓ£ô[39m extension/test/unit/agents/AgentRunner.test.ts[2m > [22mAgentRunner[2m > [22mstart[2m > [22mshould use custom max iterations if provided
 [32mΓ£ô[39m extension/test/unit/agents/tools/system/runCommand.test.ts[2m > [22mrunCommand tool[2m > [22mTimeout Handling[2m > [22mterminates command on timeout and returns partial output[33m 1032[2mms[22m[39m
 [32mΓ£ô[39m test/unit/mcp-server/prepare-task-tdd-red.test.ts[2m > [22mprepare_task TDD Red-Phase Verification Auto-Injection[2m > [22mSprint environment configuration[2m > [22mshould use sprint environment config when available
 [32mΓ£ô[39m test/integration/tdd-red-green-workflow.test.ts[2m > [22mTDD Red-Green Workflow End-to-End[2m > [22mComplete redΓåÆgreen workflow[2m > [22mshould provide actionable error messages per FR-011[33m 318[2mms[22m[39m
 [32mΓ£ô[39m extension/test/unit/agents/AgentRunner.test.ts[2m > [22mAgentRunner[2m > [22mstart[2m > [22mshould throw error if already running
 [32mΓ£ô[39m extension/test/unit/agents/AgentRunner.test.ts[2m > [22mAgentRunner[2m > [22mstart[2m > [22mshould add initial user message
 [32mΓ£ô[39m extension/test/unit/agents/AgentRunner.test.ts[2m > [22mAgentRunner[2m > [22mstart[2m > [22mshould call vscode.lm.selectChatModels
 [32mΓ£ô[39m extension/test/unit/agents/AgentRunner.test.ts[2m > [22mAgentRunner[2m > [22mstart[2m > [22mshould emit state change on start
 [32mΓ£ô[39m extension/test/unit/agents/AgentRunner.test.ts[2m > [22mAgentRunner[2m > [22mstart[2m > [22mshould inject codingStandardsPrompt as system message when provided
 [32mΓ£ô[39m extension/test/unit/agents/AgentRunner.test.ts[2m > [22mAgentRunner[2m > [22mstart[2m > [22mshould not inject coding standards message when not provided
 [32mΓ£ô[39m test/unit/mcp-server/configure-sprint.test.ts[2m > [22mconfigure_sprint handler[2m > [22mtdd_relationships[2m > [22mshould store TDD relationships with declared_at='configure_sprint'
 [32mΓ£ô[39m test/unit/mcp-server/configure-sprint.test.ts[2m > [22mconfigure_sprint handler[2m > [22mtdd_relationships[2m > [22mshould reject relationship where red_task_id does not have tdd_red_phase=true
 [32mΓ£ô[39m test/unit/mcp-server/configure-sprint.test.ts[2m > [22mconfigure_sprint handler[2m > [22mtdd_relationships[2m > [22mshould reject relationship where red_task_id equals green_task_id
 [32mΓ£ô[39m test/unit/mcp-server/configure-sprint.test.ts[2m > [22mconfigure_sprint handler[2m > [22mtdd_relationships[2m > [22mshould reject relationship with non-existent red_task_id
 [32mΓ£ô[39m test/unit/mcp-server/configure-sprint.test.ts[2m > [22mconfigure_sprint handler[2m > [22mtdd_relationships[2m > [22mshould reject relationship with non-existent green_task_id
 [32mΓ£ô[39m extension/test/unit/agents/AgentRunner.test.ts[2m > [22mAgentRunner[2m > [22mpause[2m > [22mshould pause running agent
 [32mΓ£ô[39m extension/test/unit/agents/AgentRunner.test.ts[2m > [22mAgentRunner[2m > [22mpause[2m > [22mshould throw error if not running
 [32mΓ£ô[39m extension/test/unit/agents/AgentRunner.test.ts[2m > [22mAgentRunner[2m > [22mpause[2m > [22mshould emit state change on pause
 [32mΓ£ô[39m extension/test/unit/chat/SessionManager.test.ts[2m > [22mSessionManager[2m > [22minvokeImplementor[2m > [22mshould log invocation details
 [32mΓ£ô[39m extension/test/unit/agents/AgentRunner.test.ts[2m > [22mAgentRunner[2m > [22mresume[2m > [22mshould resume paused agent
 [32mΓ£ô[39m extension/test/unit/agents/AgentRunner.test.ts[2m > [22mAgentRunner[2m > [22mresume[2m > [22mshould throw error if not paused
 [32mΓ£ô[39m test/unit/mcp-server/prepare-task-tdd-red.test.ts[2m > [22mprepare_task TDD Red-Phase Verification Auto-Injection[2m > [22mSprint environment configuration[2m > [22mshould prioritize sprint config over file_operations inference
(node:28780) [DEP0190] DeprecationWarning: Passing args to a child process with shell option true can lead to security vulnerabilities, as the arguments are not escaped, only concatenated.
(Use `node --trace-deprecation ...` to show where the warning was created)
 [32mΓ£ô[39m extension/test/unit/agents/tools/system/runCommand.test.ts[2m > [22mrunCommand tool[2m > [22mTimeout Handling[2m > [22mapplies default timeout of 30000ms[33m 310[2mms[22m[39m
 [32mΓ£ô[39m test/unit/core/testing/DartRunner.test.ts[2m > [22mDartRunner[2m > [22minterface compliance[2m > [22mshould have framework property set to 'dart' for Dart runner
 [32mΓ£ô[39m test/unit/core/testing/DartRunner.test.ts[2m > [22mDartRunner[2m > [22minterface compliance[2m > [22mshould have framework property set to 'flutter' for Flutter runner
 [32mΓ£ô[39m test/unit/core/testing/DartRunner.test.ts[2m > [22mDartRunner[2m > [22minterface compliance[2m > [22mshould be assignable to TestRunner interface
 [32mΓ£ô[39m test/unit/core/testing/DartRunner.test.ts[2m > [22mDartRunner[2m > [22mbuildCommand()[2m > [22mshould generate 'dart test --reporter=json' for pure Dart
 [32mΓ£ô[39m test/unit/core/testing/DartRunner.test.ts[2m > [22mDartRunner[2m > [22mbuildCommand()[2m > [22mshould generate 'flutter test --reporter=json --no-pub' for Flutter
 [32mΓ£ô[39m test/unit/core/testing/DartRunner.test.ts[2m > [22mDartRunner[2m > [22mbuildCommand()[2m > [22mshould include --name flag when pattern is provided
 [32mΓ£ô[39m test/unit/core/testing/DartRunner.test.ts[2m > [22mDartRunner[2m > [22mbuildCommand()[2m > [22mshould include --tags for includeTags
 [32mΓ£ô[39m test/unit/core/testing/DartRunner.test.ts[2m > [22mDartRunner[2m > [22mbuildCommand()[2m > [22mshould include --exclude-tags for excludeTags
 [32mΓ£ô[39m test/unit/core/testing/DartRunner.test.ts[2m > [22mDartRunner[2m > [22mbuildCommand()[2m > [22mshould include --timeout when timeout is provided
 [32mΓ£ô[39m test/unit/core/testing/DartRunner.test.ts[2m > [22mDartRunner[2m > [22mbuildCommand()[2m > [22mshould include multiple test files at end of command
 [32mΓ£ô[39m test/unit/core/testing/DartRunner.test.ts[2m > [22mDartRunner[2m > [22mbuildCommand()[2m > [22mshould generate command without file paths when files is empty
 [32mΓ£ô[39m test/unit/core/testing/DartRunner.test.ts[2m > [22mDartRunner[2m > [22mbuildCommand()[2m > [22mshould include --no-pub for pure Dart when dartNoPub is true
 [32mΓ£ô[39m test/unit/core/testing/DartRunner.test.ts[2m > [22mDartRunner[2m > [22mbuildCommand()[2m > [22mshould NOT include --no-pub for pure Dart when dartNoPub is not set
 [32mΓ£ô[39m test/unit/core/testing/DartRunner.test.ts[2m > [22mDartRunner[2m > [22mextractJsonEvents()[2m > [22mshould parse passing tests NDJSON fixture
 [32mΓ£ô[39m test/unit/core/testing/DartRunner.test.ts[2m > [22mDartRunner[2m > [22mextractJsonEvents()[2m > [22mshould filter Flutter engine logs from flutter-with-noise fixture
 [32mΓ£ô[39m test/unit/core/testing/DartRunner.test.ts[2m > [22mDartRunner[2m > [22mextractJsonEvents()[2m > [22mshould handle empty suite fixture
 [32mΓ£ô[39m test/unit/core/testing/DartRunner.test.ts[2m > [22mDartRunner[2m > [22mextractJsonEvents()[2m > [22mshould handle concatenated JSON objects on single line
 [32mΓ£ô[39m test/unit/core/testing/DartRunner.test.ts[2m > [22mDartRunner[2m > [22meventsToOutcomes()[2m > [22mshould produce 5 passed outcomes from passing-tests fixture
 [32mΓ£ô[39m test/unit/core/testing/DartRunner.test.ts[2m > [22mDartRunner[2m > [22meventsToOutcomes()[2m > [22mshould produce 2 failed outcomes from failing-tests fixture
 [32mΓ£ô[39m test/unit/core/testing/DartRunner.test.ts[2m > [22mDartRunner[2m > [22meventsToOutcomes()[2m > [22mshould produce 3 passed and 2 failed from mixed-results fixture
 [32mΓ£ô[39m test/unit/core/testing/DartRunner.test.ts[2m > [22mDartRunner[2m > [22meventsToOutcomes()[2m > [22mshould exclude hidden/loading tests
 [32mΓ£ô[39m test/unit/core/testing/DartRunner.test.ts[2m > [22mDartRunner[2m > [22meventsToOutcomes()[2m > [22mshould set test name from testStart event
 [32mΓ£ô[39m test/unit/core/testing/DartRunner.test.ts[2m > [22mDartRunner[2m > [22meventsToOutcomes()[2m > [22mshould set file path from test URL
 [32mΓ£ô[39m test/unit/core/testing/DartRunner.test.ts[2m > [22mDartRunner[2m > [22meventsToOutcomes()[2m > [22mshould set line number from testStart event
 [32mΓ£ô[39m test/unit/core/testing/DartRunner.test.ts[2m > [22mDartRunner[2m > [22meventsToOutcomes()[2m > [22mshould return empty array for empty suite
 [32mΓ£ô[39m test/unit/core/testing/DartRunner.test.ts[2m > [22mDartRunner[2m > [22meventsToOutcomes()[2m > [22mshould handle partial timeout output ΓÇö returns completed tests only
 [32mΓ£ô[39m test/unit/core/testing/DartRunner.test.ts[2m > [22mDartRunner[2m > [22meventsToOutcomes()[2m > [22mshould parse Flutter tests with engine noise filtered out
 [32mΓ£ô[39m test/unit/core/testing/DartRunner.test.ts[2m > [22mDartRunner[2m > [22meventsToOutcomes()[2m > [22mshould handle all-tests fixture with multiple suites
 [32mΓ£ô[39m test/unit/core/testing/DartRunner.test.ts[2m > [22mDartRunner[2m > [22mfailure compression[2m > [22mshould extract expected/actual from Dart assertion errors
 [32mΓ£ô[39m test/unit/core/testing/DartRunner.test.ts[2m > [22mDartRunner[2m > [22mfailure compression[2m > [22mshould compress stack traces filtering out test framework frames
 [32mΓ£ô[39m test/unit/core/testing/DartRunner.test.ts[2m > [22mDartRunner[2m > [22mfailure compression[2m > [22mshould include error message in failure details
 [32mΓ£ô[39m test/unit/core/testing/DartRunner.test.ts[2m > [22mDartRunner[2m > [22mfileUrlToPath()[2m > [22mshould convert file:// URL with Windows drive letter to path with uppercase drive
 [32mΓ£ô[39m test/unit/core/testing/DartRunner.test.ts[2m > [22mDartRunner[2m > [22mfileUrlToPath()[2m > [22mshould normalize uppercase drive letter
 [32mΓ£ô[39m test/unit/core/testing/DartRunner.test.ts[2m > [22mDartRunner[2m > [22mfileUrlToPath()[2m > [22mshould handle Unix file:// URLs
 [32mΓ£ô[39m test/unit/core/testing/DartRunner.test.ts[2m > [22mDartRunner[2m > [22mfileUrlToPath()[2m > [22mshould return non-file:// URLs unchanged
 [32mΓ£ô[39m test/unit/core/testing/DartRunner.test.ts[2m > [22mDartRunner[2m > [22mfileUrlToPath()[2m > [22mshould handle lowercase drive letter normalization
 [32mΓ£ô[39m test/unit/core/testing/DartRunner.test.ts[2m > [22mDartRunner[2m > [22mextractExpectedActual()[2m > [22mshould extract expected and actual from Dart error format
 [32mΓ£ô[39m test/unit/core/testing/DartRunner.test.ts[2m > [22mDartRunner[2m > [22mextractExpectedActual()[2m > [22mshould extract numeric expected/actual
 [32mΓ£ô[39m test/unit/core/testing/DartRunner.test.ts[2m > [22mDartRunner[2m > [22mextractExpectedActual()[2m > [22mshould return empty object for non-assertion errors
 [32mΓ£ô[39m test/unit/core/testing/DartRunner.test.ts[2m > [22mDartRunner[2m > [22mextractExpectedActual()[2m > [22mshould handle expected only
 [32mΓ£ô[39m test/unit/core/testing/DartRunner.test.ts[2m > [22mDartRunner[2m > [22mcompressStackTrace()[2m > [22mshould filter out package:matcher frames
 [32mΓ£ô[39m test/unit/core/testing/DartRunner.test.ts[2m > [22mDartRunner[2m > [22mcompressStackTrace()[2m > [22mshould filter out package:test/ frames
 [32mΓ£ô[39m test/unit/core/testing/DartRunner.test.ts[2m > [22mDartRunner[2m > [22mcompressStackTrace()[2m > [22mshould filter out dart: SDK frames
 [32mΓ£ô[39m test/unit/core/testing/DartRunner.test.ts[2m > [22mDartRunner[2m > [22mcompressStackTrace()[2m > [22mshould keep project-relevant frames
 [32mΓ£ô[39m test/unit/core/testing/DartRunner.test.ts[2m > [22mDartRunner[2m > [22mcompressStackTrace()[2m > [22mshould limit to max 5 frames
 [32mΓ£ô[39m test/unit/core/testing/DartRunner.test.ts[2m > [22mDartRunner[2m > [22mmissing executable error handling[2m > [22mshould produce descriptive error for dart ENOENT
 [32mΓ£ô[39m test/unit/core/testing/DartRunner.test.ts[2m > [22mDartRunner[2m > [22mmissing executable error handling[2m > [22mshould produce descriptive error for flutter ENOENT
 [32mΓ£ô[39m test/unit/core/testing/DartRunner.test.ts[2m > [22mTestRunnerFactory - DartRunner integration[2m > [22mshould create DartRunner('dart') for framework 'dart'
 [32mΓ£ô[39m test/unit/core/testing/DartRunner.test.ts[2m > [22mTestRunnerFactory - DartRunner integration[2m > [22mshould create DartRunner('flutter') for framework 'flutter'
 [32mΓ£ô[39m test/unit/core/testing/DartRunner.test.ts[2m > [22mMockDartRunner (FR-019 compliance)[2m > [22mshould implement TestRunner interface explicitly
 [32mΓ£ô[39m test/unit/core/testing/DartRunner.test.ts[2m > [22mMockDartRunner (FR-019 compliance)[2m > [22mshould return TestRunOutput from execute()
 [32mΓ£ô[39m test/unit/core/testing/DartRunner.test.ts[2m > [22mMockDartRunner (FR-019 compliance)[2m > [22mshould return string[] from buildCommand()
 [32mΓ£ô[39m extension/test/unit/agents/AgentRunner.test.ts[2m > [22mAgentRunner[2m > [22mresume[2m > [22mshould emit state change on resume
 [32mΓ£ô[39m extension/test/unit/agents/AgentRunner.test.ts[2m > [22mAgentRunner[2m > [22mresumeFromStorage[2m > [22mshould throw deprecation error for resumeFromStorage
 [32mΓ£ô[39m extension/test/unit/agents/AgentRunner.test.ts[2m > [22mAgentRunner[2m > [22mresumeFromStorage[2m > [22mshould reject non-recoverable session status
 [32mΓ£ô[39m extension/test/unit/chat/SessionManager.test.ts[2m > [22mSessionManager[2m > [22minvokeImplementor[2m > [22mshould log success message
 [32mΓ£ô[39m extension/test/unit/agents/AgentRunner.test.ts[2m > [22mAgentRunner[2m > [22mstop[2m > [22mshould stop running agent
 [32mΓ£ô[39m extension/test/unit/agents/tools/system/runCommand.test.ts[2m > [22mrunCommand tool[2m > [22mShell Integration Fallback[2m > [22mincludes warning when shell integration unavailable
 [32mΓ£ô[39m extension/test/unit/agents/AgentRunner.test.ts[2m > [22mAgentRunner[2m > [22mstop[2m > [22mshould stop paused agent
 [32mΓ£ô[39m extension/test/unit/agents/AgentRunner.test.ts[2m > [22mAgentRunner[2m > [22mstop[2m > [22mshould throw error if not running or paused
 [32mΓ£ô[39m extension/test/unit/agents/AgentRunner.test.ts[2m > [22mAgentRunner[2m > [22mstop[2m > [22mshould emit state change on stop
 [32mΓ£ô[39m test/integration/tdd-red-green-workflow.test.ts[2m > [22mTDD Red-Green Workflow End-to-End[2m > [22mComplete redΓåÆgreen workflow[2m > [22mshould block sprint closeout when tests are not GREEN[33m 702[2mms[22m[39m
 [32mΓ£ô[39m extension/test/unit/agents/tools/system/runCommand.test.ts[2m > [22mrunCommand tool[2m > [22mANSI Cleanup[2m > [22mstrips ANSI escape codes from output
 [32mΓ£ô[39m extension/test/unit/agents/tools/testing/promoteTests.test.ts[2m > [22mpromoteTestsTool[2m > [22mtool metadata[2m > [22mshould have correct name
 [32mΓ£ô[39m extension/test/unit/agents/tools/testing/promoteTests.test.ts[2m > [22mpromoteTestsTool[2m > [22mtool metadata[2m > [22mshould have description mentioning TDD, dry-run, and git mv
 [32mΓ£ô[39m extension/test/unit/agents/tools/testing/promoteTests.test.ts[2m > [22mpromoteTestsTool[2m > [22mtool metadata[2m > [22mshould have inputSchema with required files property
 [32mΓ£ô[39m extension/test/unit/agents/tools/testing/promoteTests.test.ts[2m > [22mpromoteTestsTool[2m > [22mregistration in index.ts[2m > [22mshould be included in testingTools array
 [32mΓ£ô[39m extension/test/unit/agents/tools/testing/promoteTests.test.ts[2m > [22mpromoteTestsTool[2m > [22mregistration in index.ts[2m > [22mshould be registered via registerTestingTools
 [32mΓ£ô[39m extension/test/unit/agents/tools/testing/promoteTests.test.ts[2m > [22mpromoteTestsTool[2m > [22msetLastRedPhaseResult / getLastRedPhaseResult[2m > [22mshould store and retrieve the last red phase result
 [32mΓ£ô[39m extension/test/unit/agents/tools/testing/promoteTests.test.ts[2m > [22mpromoteTestsTool[2m > [22msetLastRedPhaseResult / getLastRedPhaseResult[2m > [22mshould clear the last red phase result
 [32mΓ£ô[39m extension/test/unit/agents/tools/testing/promoteTests.test.ts[2m > [22mpromoteTestsTool[2m > [22mdry-run mode (default)[2m > [22mshould return dry-run output by default when config.promotion.dryRun is true
 [32mΓ£ô[39m extension/test/unit/agents/tools/testing/promoteTests.test.ts[2m > [22mpromoteTestsTool[2m > [22mdry-run mode (default)[2m > [22mshould explicitly use dry_run=true when specified
 [32mΓ£ô[39m extension/test/unit/agents/tools/testing/promoteTests.test.ts[2m > [22mpromoteTestsTool[2m > [22medge cases[2m > [22mshould return INVALID_INPUT error when file is not in red directory
 [32mΓ£ô[39m extension/test/unit/agents/tools/testing/promoteTests.test.ts[2m > [22mpromoteTestsTool[2m > [22medge cases[2m > [22mshould block promotion when source file is missing
 [32mΓ£ô[39m extension/test/unit/agents/tools/testing/promoteTests.test.ts[2m > [22mpromoteTestsTool[2m > [22medge cases[2m > [22mshould block promotion when destination file already exists
 [32mΓ£ô[39m extension/test/unit/agents/tools/testing/promoteTests.test.ts[2m > [22mpromoteTestsTool[2m > [22medge cases[2m > [22mshould block promotion when tests are still failing
 [32mΓ£ô[39m extension/test/unit/agents/tools/testing/promoteTests.test.ts[2m > [22mpromoteTestsTool[2m > [22medge cases[2m > [22mshould return PROMOTION_BLOCKED when all files have failing tests
 [32mΓ£ô[39m extension/test/unit/agents/tools/testing/promoteTests.test.ts[2m > [22mpromoteTestsTool[2m > [22medge cases[2m > [22mshould block promotion when no test results available for file
 [32mΓ£ô[39m extension/test/unit/agents/tools/testing/promoteTests.test.ts[2m > [22mpromoteTestsTool[2m > [22mconfig errors[2m > [22mshould return error when no red tier is configured
 [32mΓ£ô[39m extension/test/unit/agents/tools/testing/promoteTests.test.ts[2m > [22mpromoteTestsTool[2m > [22mconfig errors[2m > [22mshould return error when config loading fails
 [32mΓ£ô[39m extension/test/unit/agents/tools/testing/promoteTests.test.ts[2m > [22mpromoteTestsTool[2m > [22minput validation[2m > [22mshould reject empty files array
 [32mΓ£ô[39m extension/test/unit/agents/tools/testing/promoteTests.test.ts[2m > [22mpromoteTestsTool[2m > [22mDart _test.dart file support[2m > [22mshould infer correct destination for _test.dart files in dry-run
 [32mΓ£ô[39m extension/test/unit/agents/tools/testing/promoteTests.test.ts[2m > [22mpromoteTestsTool[2m > [22mDart _test.dart file support[2m > [22mshould handle nested Dart test files across tiers
 [32mΓ£ô[39m extension/test/unit/agents/tools/testing/promoteTests.test.ts[2m > [22mpromoteTestsTool[2m > [22mDart _test.dart file support[2m > [22mshould block promotion when Dart tests are still failing
 [32mΓ£ô[39m extension/test/unit/agents/tools/testing/promoteTests.test.ts[2m > [22mpromoteTestsTool[2m > [22mDart _test.dart file support[2m > [22mshould reject Dart file not in red directory
 [32mΓ£ô[39m extension/test/unit/agents/AgentRunner.test.ts[2m > [22mAgentRunner[2m > [22mredirect[2m > [22mshould inject new instruction into running agent
 [32mΓ£ô[39m extension/test/unit/agents/AgentRunner.test.ts[2m > [22mAgentRunner[2m > [22mredirect[2m > [22mshould throw error if not running
 [32mΓ£ô[39m extension/test/unit/chat/SessionManager.test.ts[2m > [22mSessionManager[2m > [22mclearImplementorSession[2m > [22mshould reset implementorActive flag
 [32mΓ£ô[39m test/unit/mcp-server/prepare-task-tdd-red.test.ts[2m > [22mprepare_task TDD Red-Phase Verification Auto-Injection[2m > [22mSprint environment configuration[2m > [22mshould fall back to language detection when no sprint config
 [32mΓ£ô[39m test/unit/mcp-server/prepare-task-tdd-red.test.ts[2m > [22mprepare_task TDD Red-Phase Verification Auto-Injection[2m > [22mCheck ID generation[2m > [22mshould generate unique check IDs when multiple checks exist[33m 376[2mms[22m[39m
 [32mΓ£ô[39m extension/test/unit/agents/AgentRunner.test.ts[2m > [22mAgentRunner[2m > [22mredirect[2m > [22mshould emit prompt output on redirect
 [32mΓ£ô[39m extension/test/unit/agents/AgentRunner.test.ts[2m > [22mAgentRunner[2m > [22mgetSession[2m > [22mshould return undefined when no session exists
 [32mΓ£ô[39m extension/test/unit/agents/AgentRunner.test.ts[2m > [22mAgentRunner[2m > [22mgetSession[2m > [22mshould return current session after start
 [32mΓ£ô[39m extension/test/unit/agents/AgentRunner.test.ts[2m > [22mAgentRunner[2m > [22mgetState[2m > [22mshould return undefined when no session exists
 [32mΓ£ô[39m extension/test/unit/agents/AgentRunner.test.ts[2m > [22mAgentRunner[2m > [22mgetState[2m > [22mshould return state for UI after start
 [32mΓ£ô[39m extension/test/unit/agents/AgentRunner.test.ts[2m > [22mAgentRunner[2m > [22mgetState[2m > [22mshould include taskId for implementor
 [32mΓ£ô[39m extension/test/unit/prompts/ensurePromptTemplates.test.ts[2m > [22mensurePromptTemplates - Template Sync[2m > [22mall 13 templates are synced[2m > [22mshould copy all 13 .hbs template files to workspace
 [32mΓ£ô[39m extension/test/unit/prompts/ensurePromptTemplates.test.ts[2m > [22mensurePromptTemplates - Template Sync[2m > [22mall 13 templates are synced[2m > [22mshould preserve template content during copy
 [32mΓ£ô[39m extension/test/unit/prompts/ensurePromptTemplates.test.ts[2m > [22mensurePromptTemplates - Template Sync[2m > [22mall 13 templates are synced[2m > [22mshould log each template sync
 [32mΓ£ô[39m extension/test/unit/prompts/ensurePromptTemplates.test.ts[2m > [22mensurePromptTemplates - Template Sync[2m > [22mall 13 templates are synced[2m > [22mshould have exactly 13 template files
 [32mΓ£ô[39m extension/test/unit/prompts/ensurePromptTemplates.test.ts[2m > [22mensurePromptTemplates - Template Sync[2m > [22m_partials directory contents are synced[2m > [22mshould copy stub-hunter-mode.hbs to _partials
 [32mΓ£ô[39m extension/test/unit/prompts/ensurePromptTemplates.test.ts[2m > [22mensurePromptTemplates - Template Sync[2m > [22m_partials directory contents are synced[2m > [22mshould copy spec-protocol.hbs to _partials
 [32mΓ£ô[39m extension/test/unit/prompts/ensurePromptTemplates.test.ts[2m > [22mensurePromptTemplates - Template Sync[2m > [22m_partials directory contents are synced[2m > [22mshould copy task-header.hbs to _partials
 [32mΓ£ô[39m extension/test/unit/prompts/ensurePromptTemplates.test.ts[2m > [22mensurePromptTemplates - Template Sync[2m > [22m_partials directory contents are synced[2m > [22mshould copy all 3 partials to _partials directory
 [32mΓ£ô[39m extension/test/unit/prompts/ensurePromptTemplates.test.ts[2m > [22mensurePromptTemplates - Template Sync[2m > [22m_partials directory contents are synced[2m > [22mshould preserve partial content during copy
 [32mΓ£ô[39m extension/test/unit/prompts/ensurePromptTemplates.test.ts[2m > [22mensurePromptTemplates - Template Sync[2m > [22m_partials directory contents are synced[2m > [22mshould log each partial sync
 [32mΓ£ô[39m extension/test/unit/prompts/ensurePromptTemplates.test.ts[2m > [22mensurePromptTemplates - Template Sync[2m > [22m_partials directory contents are synced[2m > [22mshould overwrite user-modified partials with extension updates
 [32mΓ£ô[39m extension/test/unit/prompts/ensurePromptTemplates.test.ts[2m > [22mensurePromptTemplates - Template Sync[2m > [22m_schema directory contents are synced[2m > [22mshould copy context.schema.json to _schema
 [32mΓ£ô[39m extension/test/unit/prompts/ensurePromptTemplates.test.ts[2m > [22mensurePromptTemplates - Template Sync[2m > [22m_schema directory contents are synced[2m > [22mshould preserve schema file content during copy
 [32mΓ£ô[39m extension/test/unit/prompts/ensurePromptTemplates.test.ts[2m > [22mensurePromptTemplates - Template Sync[2m > [22m_schema directory contents are synced[2m > [22mshould log schema file sync
 [32mΓ£ô[39m extension/test/unit/prompts/ensurePromptTemplates.test.ts[2m > [22mensurePromptTemplates - Template Sync[2m > [22m_docs directory contents are synced[2m > [22mshould copy test-tier-migration-guide.md to _docs
 [32mΓ£ô[39m extension/test/unit/prompts/ensurePromptTemplates.test.ts[2m > [22mensurePromptTemplates - Template Sync[2m > [22m_docs directory contents are synced[2m > [22mshould preserve doc file content during copy
 [32mΓ£ô[39m extension/test/unit/prompts/ensurePromptTemplates.test.ts[2m > [22mensurePromptTemplates - Template Sync[2m > [22m_docs directory contents are synced[2m > [22mshould log doc file sync
 [32mΓ£ô[39m extension/test/unit/prompts/ensurePromptTemplates.test.ts[2m > [22mensurePromptTemplates - Template Sync[2m > [22m_docs directory contents are synced[2m > [22mshould overwrite user-modified docs with extension updates
 [32mΓ£ô[39m extension/test/unit/prompts/ensurePromptTemplates.test.ts[2m > [22mensurePromptTemplates - Template Sync[2m > [22mcomplete sync validation[2m > [22mshould sync all templates, partials, schema, and docs in a single call
 [32mΓ£ô[39m extension/test/unit/prompts/ensurePromptTemplates.test.ts[2m > [22mensurePromptTemplates - Template Sync[2m > [22mcomplete sync validation[2m > [22mshould overwrite regular templates with extension updates
 [32mΓ£ô[39m extension/test/unit/prompts/ensurePromptTemplates.test.ts[2m > [22mensurePromptTemplates - Template Sync[2m > [22mcomplete sync validation[2m > [22mshould preserve coding-standards.hbs (user-customizable file)
 [32mΓ£ô[39m extension/test/unit/prompts/ensurePromptTemplates.test.ts[2m > [22mensurePromptTemplates - Template Sync[2m > [22mcomplete sync validation[2m > [22mshould log sync messages for templates that are always overwritten
 [32mΓ£ô[39m extension/test/unit/prompts/ensurePromptTemplates.test.ts[2m > [22mensurePromptTemplates - Template Sync[2m > [22mcomplete sync validation[2m > [22mshould copy new templates that don't exist yet in workspace
 [32mΓ£ô[39m extension/test/unit/prompts/ensurePromptTemplates.test.ts[2m > [22mensurePromptTemplates - Template Sync[2m > [22mcomplete sync validation[2m > [22mshould not produce errors during normal sync operation
 [32mΓ£ô[39m extension/test/unit/prompts/ensurePromptTemplates.test.ts[2m > [22mensurePromptTemplates - Template Sync[2m > [22msync from real extension bundle[2m > [22mshould verify real extension bundle has all 13 templates
 [32mΓ£ô[39m extension/test/unit/prompts/ensurePromptTemplates.test.ts[2m > [22mensurePromptTemplates - Template Sync[2m > [22msync from real extension bundle[2m > [22mshould verify real extension bundle has all 3 partials
 [32mΓ£ô[39m extension/test/unit/prompts/ensurePromptTemplates.test.ts[2m > [22mensurePromptTemplates - Template Sync[2m > [22msync from real extension bundle[2m > [22mshould verify real extension bundle has context.schema.json
 [32mΓ£ô[39m extension/test/unit/prompts/ensurePromptTemplates.test.ts[2m > [22mensurePromptTemplates - Template Sync[2m > [22msync from real extension bundle[2m > [22mshould verify real extension bundle has _docs with migration guide
 [32mΓ£ô[39m extension/test/unit/prompts/ensurePromptTemplates.test.ts[2m > [22mensurePromptTemplates - Template Sync[2m > [22msync from real extension bundle[2m > [22mshould successfully sync from real extension bundle to temp workspace
 [32mΓ£ô[39m extension/test/unit/prompts/ensurePromptTemplates.test.ts[2m > [22mensurePromptTemplates - Template Sync[2m > [22mREADME.md sync[2m > [22mshould copy README.md from templates/ root to .orchestra/templates/
 [32mΓ£ô[39m extension/test/unit/prompts/ensurePromptTemplates.test.ts[2m > [22mensurePromptTemplates - Template Sync[2m > [22mREADME.md sync[2m > [22mshould overwrite user-modified README.md with extension updates
 [32mΓ£ô[39m extension/test/unit/prompts/ensurePromptTemplates.test.ts[2m > [22mensurePromptTemplates - Template Sync[2m > [22mREADME.md sync[2m > [22mshould not error when README.md does not exist in bundle
 [32mΓ£ô[39m test/unit/mcp-server/configure-sprint.test.ts[2m > [22mconfigure_sprint handler[2m > [22mtdd_relationships[2m > [22mshould handle multiple TDD relationships in one sprint
 [32mΓ£ô[39m test/unit/mcp-server/configure-sprint.test.ts[2m > [22mconfigure_sprint handler[2m > [22mtdd_relationships[2m > [22mshould reject tdd_red_phase task without corresponding tdd_relationship entry
 [32mΓ£ô[39m test/unit/mcp-server/configure-sprint.test.ts[2m > [22mconfigure_sprint handler[2m > [22mTDD environment validation[2m > [22mshould reject configuration when TDD task exists without environment
 [32mΓ£ô[39m test/unit/mcp-server/configure-sprint.test.ts[2m > [22mconfigure_sprint handler[2m > [22mTDD environment validation[2m > [22mshould reject configuration when TDD task exists but environment.test_command is missing
 [32mΓ£ô[39m test/unit/mcp-server/configure-sprint.test.ts[2m > [22mconfigure_sprint handler[2m > [22mTDD environment validation[2m > [22mshould reject configuration when TDD task exists but environment.test_file_pattern is missing
 [32mΓ£ô[39m test/unit/mcp-server/configure-sprint.test.ts[2m > [22mconfigure_sprint handler[2m > [22mTDD environment validation[2m > [22mshould reject configuration when both test_command and test_file_pattern are missing
 [32mΓ£ô[39m test/unit/mcp-server/configure-sprint.test.ts[2m > [22mconfigure_sprint handler[2m > [22mTDD environment validation[2m > [22mshould list multiple TDD task IDs when multiple tasks need environment
 [32mΓ£ô[39m extension/test/unit/agents/AgentRunner.test.ts[2m > [22mAgentRunner[2m > [22monOutput subscription[2m > [22mshould allow subscribing to output events
 [32mΓ£ô[39m extension/test/unit/agents/tools/system/runCommand.test.ts[2m > [22mrunCommand tool[2m > [22mOutput Truncation[2m > [22mtruncates output exceeding 500 lines with head/tail preservation
 [32mΓ£ô[39m extension/test/unit/agents/types.test.ts[2m > [22mAgent Type Definitions[2m > [22mAgentRoleSchema[2m > [22mshould accept valid orchestrator role
 [32mΓ£ô[39m extension/test/unit/agents/types.test.ts[2m > [22mAgent Type Definitions[2m > [22mAgentRoleSchema[2m > [22mshould accept valid implementor role
 [32mΓ£ô[39m extension/test/unit/agents/types.test.ts[2m > [22mAgent Type Definitions[2m > [22mAgentRoleSchema[2m > [22mshould reject invalid role
 [32mΓ£ô[39m extension/test/unit/agents/types.test.ts[2m > [22mAgent Type Definitions[2m > [22mAgentRoleSchema[2m > [22mshould export TypeScript type
 [32mΓ£ô[39m extension/test/unit/agents/types.test.ts[2m > [22mAgent Type Definitions[2m > [22mAgentStatusSchema[2m > [22mshould accept all valid statuses
 [32mΓ£ô[39m extension/test/unit/agents/types.test.ts[2m > [22mAgent Type Definitions[2m > [22mAgentStatusSchema[2m > [22mshould reject invalid status
 [32mΓ£ô[39m extension/test/unit/agents/types.test.ts[2m > [22mAgent Type Definitions[2m > [22mAgentStatusSchema[2m > [22mshould export TypeScript type
 [32mΓ£ô[39m extension/test/unit/agents/types.test.ts[2m > [22mAgent Type Definitions[2m > [22mToolInputSchemaSchema[2m > [22mshould accept valid tool input schema
 [32mΓ£ô[39m extension/test/unit/agents/types.test.ts[2m > [22mAgent Type Definitions[2m > [22mToolInputSchemaSchema[2m > [22mshould accept schema without required field
 [32mΓ£ô[39m extension/test/unit/agents/types.test.ts[2m > [22mAgent Type Definitions[2m > [22mToolInputSchemaSchema[2m > [22mshould reject schema with wrong type
 [32mΓ£ô[39m extension/test/unit/agents/types.test.ts[2m > [22mAgent Type Definitions[2m > [22mToolContextSchema[2m > [22mshould accept valid tool context
 [32mΓ£ô[39m extension/test/unit/agents/types.test.ts[2m > [22mAgent Type Definitions[2m > [22mToolContextSchema[2m > [22mshould accept context with optional fileTracker
 [32mΓ£ô[39m extension/test/unit/agents/types.test.ts[2m > [22mAgent Type Definitions[2m > [22mToolContextSchema[2m > [22mshould reject context with negative iteration
 [32mΓ£ô[39m extension/test/unit/agents/types.test.ts[2m > [22mAgent Type Definitions[2m > [22mToolResultSchema[2m > [22mshould accept successful result
 [32mΓ£ô[39m extension/test/unit/agents/types.test.ts[2m > [22mAgent Type Definitions[2m > [22mToolResultSchema[2m > [22mshould accept result with error and metadata
 [32mΓ£ô[39m extension/test/unit/agents/types.test.ts[2m > [22mAgent Type Definitions[2m > [22mToolResultSchema[2m > [22mshould require success and output fields
 [32mΓ£ô[39m extension/test/unit/agents/types.test.ts[2m > [22mAgent Type Definitions[2m > [22mToolDefinitionSchema[2m > [22mshould accept valid tool definition
 [32mΓ£ô[39m extension/test/unit/agents/types.test.ts[2m > [22mAgent Type Definitions[2m > [22mToolDefinitionSchema[2m > [22mshould reject tool without name
 [32mΓ£ô[39m extension/test/unit/agents/types.test.ts[2m > [22mAgent Type Definitions[2m > [22mVerbosityLevelSchema[2m > [22mshould accept all valid verbosity levels
 [32mΓ£ô[39m extension/test/unit/agents/types.test.ts[2m > [22mAgent Type Definitions[2m > [22mVerbosityLevelSchema[2m > [22mshould export TypeScript type
 [32mΓ£ô[39m extension/test/unit/agents/types.test.ts[2m > [22mAgent Type Definitions[2m > [22mAgentConfigSchema[2m > [22mshould accept valid config with defaults
 [32mΓ£ô[39m extension/test/unit/agents/types.test.ts[2m > [22mAgent Type Definitions[2m > [22mAgentConfigSchema[2m > [22mshould accept config with custom values
 [32mΓ£ô[39m extension/test/unit/agents/types.test.ts[2m > [22mAgent Type Definitions[2m > [22mAgentConfigSchema[2m > [22mshould reject config with negative maxIterations
 [32mΓ£ô[39m extension/test/unit/agents/types.test.ts[2m > [22mAgent Type Definitions[2m > [22mMessageRoleSchema[2m > [22mshould accept valid message roles
 [32mΓ£ô[39m extension/test/unit/agents/types.test.ts[2m > [22mAgent Type Definitions[2m > [22mMessageRoleSchema[2m > [22mshould export TypeScript type
 [32mΓ£ô[39m extension/test/unit/agents/types.test.ts[2m > [22mAgent Type Definitions[2m > [22mMessageContentPartSchema[2m > [22mshould accept text content part
 [32mΓ£ô[39m extension/test/unit/agents/types.test.ts[2m > [22mAgent Type Definitions[2m > [22mMessageContentPartSchema[2m > [22mshould accept toolCall content part
 [32mΓ£ô[39m extension/test/unit/agents/types.test.ts[2m > [22mAgent Type Definitions[2m > [22mMessageContentPartSchema[2m > [22mshould accept toolResult content part
 [32mΓ£ô[39m extension/test/unit/agents/types.test.ts[2m > [22mAgent Type Definitions[2m > [22mMessageContentPartSchema[2m > [22mshould reject invalid content part type
 [32mΓ£ô[39m extension/test/unit/agents/types.test.ts[2m > [22mAgent Type Definitions[2m > [22mAgentMessageSchema[2m > [22mshould accept message with string content
 [32mΓ£ô[39m extension/test/unit/agents/types.test.ts[2m > [22mAgent Type Definitions[2m > [22mAgentMessageSchema[2m > [22mshould accept message with multi-part content
 [32mΓ£ô[39m extension/test/unit/agents/types.test.ts[2m > [22mAgent Type Definitions[2m > [22mAgentMessageSchema[2m > [22mshould reject message with invalid UUID
 [32mΓ£ô[39m extension/test/unit/agents/types.test.ts[2m > [22mAgent Type Definitions[2m > [22mToolCallStatusSchema[2m > [22mshould accept valid tool call statuses
 [32mΓ£ô[39m extension/test/unit/agents/types.test.ts[2m > [22mAgent Type Definitions[2m > [22mToolCallErrorSchema[2m > [22mshould accept valid tool call error
 [32mΓ£ô[39m extension/test/unit/agents/types.test.ts[2m > [22mAgent Type Definitions[2m > [22mToolCallErrorSchema[2m > [22mshould accept error without stack
 [32mΓ£ô[39m extension/test/unit/agents/types.test.ts[2m > [22mAgent Type Definitions[2m > [22mToolCallSchema[2m > [22mshould accept valid tool call
 [32mΓ£ô[39m extension/test/unit/agents/types.test.ts[2m > [22mAgent Type Definitions[2m > [22mToolCallSchema[2m > [22mshould accept pending tool call with null completedAt
 [32mΓ£ô[39m extension/test/unit/agents/types.test.ts[2m > [22mAgent Type Definitions[2m > [22mToolCallSchema[2m > [22mshould accept tool call with error
 [32mΓ£ô[39m extension/test/unit/agents/types.test.ts[2m > [22mAgent Type Definitions[2m > [22mFileOperationSchema[2m > [22mshould accept valid file operations
 [32mΓ£ô[39m extension/test/unit/agents/types.test.ts[2m > [22mAgent Type Definitions[2m > [22mFileChangeSchema[2m > [22mshould accept valid file change
 [32mΓ£ô[39m extension/test/unit/agents/types.test.ts[2m > [22mAgent Type Definitions[2m > [22mFileChangeSchema[2m > [22mshould accept file change with undo info
 [32mΓ£ô[39m extension/test/unit/agents/types.test.ts[2m > [22mAgent Type Definitions[2m > [22mCheckpointReferenceSchema[2m > [22mshould accept valid checkpoint reference
 [32mΓ£ô[39m extension/test/unit/agents/types.test.ts[2m > [22mAgent Type Definitions[2m > [22mCheckpointReferenceSchema[2m > [22mshould accept checkpoint with null toolCallId
 [32mΓ£ô[39m extension/test/unit/agents/types.test.ts[2m > [22mAgent Type Definitions[2m > [22mRecoveryInfoSchema[2m > [22mshould accept recovery info for resumable session
 [32mΓ£ô[39m extension/test/unit/agents/types.test.ts[2m > [22mAgent Type Definitions[2m > [22mRecoveryInfoSchema[2m > [22mshould accept recovery info for failed session
 [32mΓ£ô[39m extension/test/unit/agents/types.test.ts[2m > [22mAgent Type Definitions[2m > [22mAgentSessionSchema[2m > [22mshould accept valid agent session
 [32mΓ£ô[39m extension/test/unit/agents/types.test.ts[2m > [22mAgent Type Definitions[2m > [22mAgentSessionSchema[2m > [22mshould accept orchestrator session with null taskId
 [32mΓ£ô[39m extension/test/unit/agents/types.test.ts[2m > [22mAgent Type Definitions[2m > [22mAgentSessionSchema[2m > [22mshould reject session with invalid version
 [32mΓ£ô[39m extension/test/unit/agents/types.test.ts[2m > [22mAgent Type Definitions[2m > [22mAgentSessionSchema[2m > [22mshould reject session with negative currentIteration
 [32mΓ£ô[39m extension/test/unit/agents/types.test.ts[2m > [22mAgent Type Definitions[2m > [22mAgentSessionSchema[2m > [22mshould accept session with populated arrays
 [32mΓ£ô[39m extension/test/unit/chat/SessionManager.test.ts[2m > [22mSessionManager[2m > [22mclearImplementorSession[2m > [22mshould log clear action
 [32mΓ£ô[39m test/unit/mcp-server/configure-sprint.test.ts[2m > [22mconfigure_sprint handler[2m > [22mTDD environment validation[2m > [22mshould allow configuration without environment when no TDD tasks exist
 [32mΓ£ô[39m extension/test/unit/agents/AgentRunner.test.ts[2m > [22mAgentRunner[2m > [22monOutput subscription[2m > [22mshould emit thinking events
 [32mΓ£ô[39m extension/test/unit/agents/AgentRunner.test.ts[2m > [22mAgentRunner[2m > [22monOutput subscription[2m > [22mshould dispose subscription
 [32mΓ£ô[39m extension/test/unit/agents/AgentRunner.test.ts[2m > [22mAgentRunner[2m > [22monStateChange subscription[2m > [22mshould allow subscribing to state changes
 [32mΓ£ô[39m extension/test/unit/agents/AgentRunner.test.ts[2m > [22mAgentRunner[2m > [22monStateChange subscription[2m > [22mshould emit state on start
 [32mΓ£ô[39m extension/test/unit/agents/AgentRunner.test.ts[2m > [22mAgentRunner[2m > [22monStateChange subscription[2m > [22mshould dispose subscription
 [32mΓ£ô[39m extension/test/unit/agents/AgentRunner.test.ts[2m > [22mAgentRunner[2m > [22mdispose[2m > [22mshould dispose all resources
 [32mΓ£ô[39m extension/test/unit/agents/AgentRunner.test.ts[2m > [22mAgentRunner[2m > [22mdispose[2m > [22mshould dispose event emitters
 [32mΓ£ô[39m test/unit/mcp-server/configure-sprint.test.ts[2m > [22mconfigure_sprint handler[2m > [22mTDD environment validation[2m > [22mshould allow configuration with complete environment when TDD tasks exist
 [32mΓ£ô[39m extension/test/unit/agents/tools/system/runCommand.test.ts[2m > [22mrunCommand tool[2m > [22mOutput Truncation[2m > [22mdoes not truncate output under 500 lines
 [32mΓ£ô[39m extension/test/unit/agents/tools/system/runCommand.test.ts[2m > [22mrunCommand tool[2m > [22mInput Validation[2m > [22mrequires command parameter
 [32mΓ£ô[39m extension/test/unit/agents/AgentRunner.test.ts[2m > [22mAgentRunner[2m > [22miteration limit enforcement[2m > [22mshould stop after reaching max iterations
 [32mΓ£ô[39m extension/test/unit/agents/tools/system/runCommand.test.ts[2m > [22mrunCommand tool[2m > [22mCancellation Support[2m > [22mreturns error when token is already cancelled
 [32mΓ£ô[39m extension/test/unit/views/webview/CodeReviewSummaryPanel.test.ts[2m > [22mCodeReviewSummaryPanel[2m > [22mclass structure[2m > [22mshould exist and be constructible
 [32mΓ£ô[39m extension/test/unit/views/webview/CodeReviewSummaryPanel.test.ts[2m > [22mCodeReviewSummaryPanel[2m > [22mclass structure[2m > [22mshould implement singleton pattern with createOrShow
 [32mΓ£ô[39m extension/test/unit/views/webview/CodeReviewSummaryPanel.test.ts[2m > [22mCodeReviewSummaryPanel[2m > [22mclass structure[2m > [22mshould have dispose method
 [32mΓ£ô[39m extension/test/unit/views/webview/CodeReviewSummaryPanel.test.ts[2m > [22mCodeReviewSummaryPanel[2m > [22mclass structure[2m > [22mshould have refresh method
 [32mΓ£ô[39m extension/test/unit/views/webview/CodeReviewSummaryPanel.test.ts[2m > [22mCodeReviewSummaryPanel[2m > [22mwebview panel creation[2m > [22mshould create webview panel with correct viewType
 [32mΓ£ô[39m extension/test/unit/views/webview/CodeReviewSummaryPanel.test.ts[2m > [22mCodeReviewSummaryPanel[2m > [22mwebview panel creation[2m > [22mshould set panel title to 'Code Review Summary'
 [32mΓ£ô[39m extension/test/unit/views/webview/CodeReviewSummaryPanel.test.ts[2m > [22mCodeReviewSummaryPanel[2m > [22mwebview panel creation[2m > [22mshould enable scripts in webview
 [32mΓ£ô[39m extension/test/unit/views/webview/CodeReviewSummaryPanel.test.ts[2m > [22mCodeReviewSummaryPanel[2m > [22mwebview panel creation[2m > [22mshould set localResourceRoots
 [32mΓ£ô[39m extension/test/unit/views/webview/CodeReviewSummaryPanel.test.ts[2m > [22mCodeReviewSummaryPanel[2m > [22mHTML generation[2m > [22mshould set HTML content on webview
 [32mΓ£ô[39m extension/test/unit/views/webview/CodeReviewSummaryPanel.test.ts[2m > [22mCodeReviewSummaryPanel[2m > [22mHTML generation[2m > [22mshould contain DOCTYPE declaration
 [32mΓ£ô[39m extension/test/unit/views/webview/CodeReviewSummaryPanel.test.ts[2m > [22mCodeReviewSummaryPanel[2m > [22mHTML generation[2m > [22mshould have proper HTML structure
 [32mΓ£ô[39m extension/test/unit/views/webview/CodeReviewSummaryPanel.test.ts[2m > [22mCodeReviewSummaryPanel[2m > [22mHTML generation[2m > [22mshould include CSP meta tag
 [32mΓ£ô[39m extension/test/unit/views/webview/CodeReviewSummaryPanel.test.ts[2m > [22mCodeReviewSummaryPanel[2m > [22mstatus totals section[2m > [22mshould display total review count
 [32mΓ£ô[39m extension/test/unit/views/webview/CodeReviewSummaryPanel.test.ts[2m > [22mCodeReviewSummaryPanel[2m > [22mstatus totals section[2m > [22mshould display APPROVED count
 [32mΓ£ô[39m extension/test/unit/views/webview/CodeReviewSummaryPanel.test.ts[2m > [22mCodeReviewSummaryPanel[2m > [22mstatus totals section[2m > [22mshould display NEEDS_REVISION count
 [32mΓ£ô[39m extension/test/unit/views/webview/CodeReviewSummaryPanel.test.ts[2m > [22mCodeReviewSummaryPanel[2m > [22mstatus totals section[2m > [22mshould display REJECTED count
 [32mΓ£ô[39m extension/test/unit/views/webview/CodeReviewSummaryPanel.test.ts[2m > [22mCodeReviewSummaryPanel[2m > [22mstatus totals section[2m > [22mshould display PENDING count
 [32mΓ£ô[39m extension/test/unit/views/webview/CodeReviewSummaryPanel.test.ts[2m > [22mCodeReviewSummaryPanel[2m > [22mstatus totals section[2m > [22mshould display open issues count
 [32mΓ£ô[39m extension/test/unit/views/webview/CodeReviewSummaryPanel.test.ts[2m > [22mCodeReviewSummaryPanel[2m > [22mopen issues list[2m > [22mshould display issues list section
 [32mΓ£ô[39m extension/test/unit/views/webview/CodeReviewSummaryPanel.test.ts[2m > [22mCodeReviewSummaryPanel[2m > [22mopen issues list[2m > [22mshould display issue severity
 [32mΓ£ô[39m extension/test/unit/views/webview/CodeReviewSummaryPanel.test.ts[2m > [22mCodeReviewSummaryPanel[2m > [22mopen issues list[2m > [22mshould display issue category
 [32mΓ£ô[39m extension/test/unit/views/webview/CodeReviewSummaryPanel.test.ts[2m > [22mCodeReviewSummaryPanel[2m > [22mopen issues list[2m > [22mshould display issue description
 [32mΓ£ô[39m extension/test/unit/views/webview/CodeReviewSummaryPanel.test.ts[2m > [22mCodeReviewSummaryPanel[2m > [22mopen issues list[2m > [22mshould display file path and line number
 [32mΓ£ô[39m extension/test/unit/views/webview/CodeReviewSummaryPanel.test.ts[2m > [22mCodeReviewSummaryPanel[2m > [22mopen issues list[2m > [22mshould display issue recommendation
 [32mΓ£ô[39m extension/test/unit/views/webview/CodeReviewSummaryPanel.test.ts[2m > [22mCodeReviewSummaryPanel[2m > [22mopen issues list[2m > [22mshould make issues clickable
 [32mΓ£ô[39m extension/test/unit/views/webview/CodeReviewSummaryPanel.test.ts[2m > [22mCodeReviewSummaryPanel[2m > [22mseverity filtering[2m > [22mshould have severity filter controls
 [32mΓ£ô[39m extension/test/unit/views/webview/CodeReviewSummaryPanel.test.ts[2m > [22mCodeReviewSummaryPanel[2m > [22mseverity filtering[2m > [22mshould default to BLOCKING and above
 [32mΓ£ô[39m extension/test/unit/views/webview/CodeReviewSummaryPanel.test.ts[2m > [22mCodeReviewSummaryPanel[2m > [22mseverity filtering[2m > [22mshould support filtering by MAJOR and above
 [32mΓ£ô[39m extension/test/unit/views/webview/CodeReviewSummaryPanel.test.ts[2m > [22mCodeReviewSummaryPanel[2m > [22mseverity filtering[2m > [22mshould support filtering by MINOR and above
 [32mΓ£ô[39m extension/test/unit/views/webview/CodeReviewSummaryPanel.test.ts[2m > [22mCodeReviewSummaryPanel[2m > [22mseverity filtering[2m > [22mshould support showing all issues
 [32mΓ£ô[39m extension/test/unit/views/webview/CodeReviewSummaryPanel.test.ts[2m > [22mCodeReviewSummaryPanel[2m > [22mreview history[2m > [22mshould display review history section
 [32mΓ£ô[39m extension/test/unit/views/webview/CodeReviewSummaryPanel.test.ts[2m > [22mCodeReviewSummaryPanel[2m > [22mreview history[2m > [22mshould display review decision
 [32mΓ£ô[39m extension/test/unit/views/webview/CodeReviewSummaryPanel.test.ts[2m > [22mCodeReviewSummaryPanel[2m > [22mreview history[2m > [22mshould display reviewer name
 [32mΓ£ô[39m extension/test/unit/views/webview/CodeReviewSummaryPanel.test.ts[2m > [22mCodeReviewSummaryPanel[2m > [22mreview history[2m > [22mshould display review timestamp
 [32mΓ£ô[39m extension/test/unit/views/webview/CodeReviewSummaryPanel.test.ts[2m > [22mCodeReviewSummaryPanel[2m > [22mreview history[2m > [22mshould display revision count
 [32mΓ£ô[39m extension/test/unit/views/webview/CodeReviewSummaryPanel.test.ts[2m > [22mCodeReviewSummaryPanel[2m > [22mreview history[2m > [22mshould display risk rating
 [32mΓ£ô[39m extension/test/unit/views/webview/CodeReviewSummaryPanel.test.ts[2m > [22mCodeReviewSummaryPanel[2m > [22mreview history[2m > [22mshould display review summary
 [32mΓ£ô[39m extension/test/unit/views/webview/CodeReviewSummaryPanel.test.ts[2m > [22mCodeReviewSummaryPanel[2m > [22mmessage passing[2m > [22mshould set up message handler
 [32mΓ£ô[39m extension/test/unit/views/webview/CodeReviewSummaryPanel.test.ts[2m > [22mCodeReviewSummaryPanel[2m > [22mmessage passing[2m > [22mshould handle viewIssueDetails command
 [32mΓ£ô[39m extension/test/unit/views/webview/CodeReviewSummaryPanel.test.ts[2m > [22mCodeReviewSummaryPanel[2m > [22mmessage passing[2m > [22mshould handle filterBySeverity command
 [32mΓ£ô[39m extension/test/unit/views/webview/CodeReviewSummaryPanel.test.ts[2m > [22mCodeReviewSummaryPanel[2m > [22mmessage passing[2m > [22mshould handle viewReviewDetails command
 [32mΓ£ô[39m extension/test/unit/views/webview/CodeReviewSummaryPanel.test.ts[2m > [22mCodeReviewSummaryPanel[2m > [22mmessage passing[2m > [22mshould handle refresh command
 [32mΓ£ô[39m extension/test/unit/views/webview/CodeReviewSummaryPanel.test.ts[2m > [22mCodeReviewSummaryPanel[2m > [22mdatabase reactivity[2m > [22mshould register database change listener
 [32mΓ£ô[39m extension/test/unit/views/webview/CodeReviewSummaryPanel.test.ts[2m > [22mCodeReviewSummaryPanel[2m > [22mdatabase reactivity[2m > [22mshould refresh on database change
 [32mΓ£ô[39m extension/test/unit/views/webview/CodeReviewSummaryPanel.test.ts[2m > [22mCodeReviewSummaryPanel[2m > [22mdatabase reactivity[2m > [22mshould update webview content when refreshed
 [32mΓ£ô[39m extension/test/unit/views/webview/CodeReviewSummaryPanel.test.ts[2m > [22mCodeReviewSummaryPanel[2m > [22mCSS and styling[2m > [22mshould use VS Code theme variables
 [32mΓ£ô[39m extension/test/unit/views/webview/CodeReviewSummaryPanel.test.ts[2m > [22mCodeReviewSummaryPanel[2m > [22mCSS and styling[2m > [22mshould have responsive layout
 [32mΓ£ô[39m extension/test/unit/views/webview/CodeReviewSummaryPanel.test.ts[2m > [22mCodeReviewSummaryPanel[2m > [22mCSS and styling[2m > [22mshould style severity badges appropriately
 [32mΓ£ô[39m extension/test/unit/views/webview/CodeReviewSummaryPanel.test.ts[2m > [22mCodeReviewSummaryPanel[2m > [22mCSS and styling[2m > [22mshould style status pills appropriately
 [32mΓ£ô[39m extension/test/unit/views/webview/CodeReviewSummaryPanel.test.ts[2m > [22mCodeReviewSummaryPanel[2m > [22mempty states[2m > [22mshould show empty state when no reviews exist
 [32mΓ£ô[39m extension/test/unit/views/webview/CodeReviewSummaryPanel.test.ts[2m > [22mCodeReviewSummaryPanel[2m > [22mempty states[2m > [22mshould show empty state when no open issues
 [32mΓ£ô[39m extension/test/unit/views/webview/CodeReviewSummaryPanel.test.ts[2m > [22mCodeReviewSummaryPanel[2m > [22mlifecycle[2m > [22mshould dispose of resources
 [32mΓ£ô[39m extension/test/unit/views/webview/CodeReviewSummaryPanel.test.ts[2m > [22mCodeReviewSummaryPanel[2m > [22mlifecycle[2m > [22mshould clean up webview panel on dispose
 [32mΓ£ô[39m extension/test/unit/views/webview/CodeReviewSummaryPanel.test.ts[2m > [22mCodeReviewSummaryPanel[2m > [22mlifecycle[2m > [22mshould clean up disposables on dispose
 [32mΓ£ô[39m extension/test/unit/views/webview/CodeReviewSummaryPanel.test.ts[2m > [22mCodeReviewSummaryPanel[2m > [22mlinks to review details[2m > [22mshould provide links to individual review details
 [32mΓ£ô[39m extension/test/unit/views/webview/CodeReviewSummaryPanel.test.ts[2m > [22mCodeReviewSummaryPanel[2m > [22mlinks to review details[2m > [22mshould provide links to task from issue
 [32mΓ£ô[39m extension/test/unit/chat/SessionManager.test.ts[2m > [22mSessionManager[2m > [22msession state[2m > [22misOrchestratorActive should return correct state[33m 418[2mms[22m[39m
 [32mΓ£ô[39m test/unit/mcp-server/complete-task.test.ts[2m > [22mcomplete_task handler[2m > [22mbasic task completion[2m > [22mshould complete a task in VERIFY state
 [32mΓ£ô[39m test/unit/mcp-server/complete-task.test.ts[2m > [22mcomplete_task handler[2m > [22mbasic task completion[2m > [22mshould reject completing task not in VERIFY state
 [32mΓ£ô[39m test/unit/mcp-server/complete-task.test.ts[2m > [22mcomplete_task handler[2m > [22mbasic task completion[2m > [22mshould calculate progress correctly with multiple tasks
 [32mΓ£ô[39m test/unit/mcp-server/complete-task.test.ts[2m > [22mcomplete_task handler[2m > [22mTDD red-phase completion[2m > [22mshould complete TDD red-phase task with upfront relationship[33m 446[2mms[22m[39m
 [32mΓ£ô[39m test/unit/mcp-server/complete-task.test.ts[2m > [22mcomplete_task handler[2m > [22mTDD red-phase completion[2m > [22mshould complete TDD red-phase task with dynamic green_task_id
 [32mΓ£ô[39m test/unit/mcp-server/complete-task.test.ts[2m > [22mcomplete_task handler[2m > [22mTDD red-phase completion[2m > [22mshould block TDD red-phase completion when no green task assigned
 [32mΓ£ô[39m test/unit/mcp-server/complete-task.test.ts[2m > [22mcomplete_task handler[2m > [22mTDD red-phase completion[2m > [22mshould reject completion with non-existent green_task_id
 [32mΓ£ô[39m test/unit/mcp-server/complete-task.test.ts[2m > [22mcomplete_task handler[2m > [22mTDD red-phase completion[2m > [22mshould not transition non-VALIDATED registry entries
 [32mΓ£ô[39m test/unit/mcp-server/complete-task.test.ts[2m > [22mcomplete_task handler[2m > [22mworkflow transitions[2m > [22mshould transition sprint to CLOSEOUT when all tasks complete
 [32mΓ£ô[39m test/unit/mcp-server/complete-task.test.ts[2m > [22mcomplete_task handler[2m > [22mworkflow transitions[2m > [22mshould transition sprint to SELECT_TASK when more tasks remain
 [32mΓ£ô[39m extension/test/unit/agents/tools/system/runCommand.test.ts[2m > [22mrunCommand tool[2m > [22mEnvironment Variables[2m > [22mpasses environment variables to command
 [32mΓ£ô[39m extension/test/unit/agents/AgentRunner.test.ts[2m > [22mAgentRunner[2m > [22miteration limit enforcement[2m > [22mshould emit MAX_ITERATIONS error and auto-escalate with task context
 [32mΓ£ô[39m extension/test/unit/agents/sessions/aggregateUpdater.test.ts[2m > [22mupdateAggregatesFromEvent[2m > [22mtool_call events[2m > [22mshould increment toolCallCount on tool_call event
 [32mΓ£ô[39m extension/test/unit/agents/sessions/aggregateUpdater.test.ts[2m > [22mupdateAggregatesFromEvent[2m > [22mtool_call events[2m > [22mshould return only toolCallCount increment for tool_call
 [32mΓ£ô[39m extension/test/unit/agents/sessions/aggregateUpdater.test.ts[2m > [22mupdateAggregatesFromEvent[2m > [22mtool_result events[2m > [22mshould increment successfulToolCalls on successful tool result
 [32mΓ£ô[39m extension/test/unit/agents/sessions/aggregateUpdater.test.ts[2m > [22mupdateAggregatesFromEvent[2m > [22mtool_result events[2m > [22mshould increment failedToolCalls on failed tool result
 [32mΓ£ô[39m extension/test/unit/agents/sessions/aggregateUpdater.test.ts[2m > [22mupdateAggregatesFromEvent[2m > [22mtool_result events[2m > [22mshould not increment both success and failure counts
 [32mΓ£ô[39m extension/test/unit/agents/sessions/aggregateUpdater.test.ts[2m > [22mupdateAggregatesFromEvent[2m > [22merror events[2m > [22mshould increment warningCount on warning event
 [32mΓ£ô[39m extension/test/unit/agents/sessions/aggregateUpdater.test.ts[2m > [22mupdateAggregatesFromEvent[2m > [22merror events[2m > [22mshould not increment warningCount on error severity event
 [32mΓ£ô[39m extension/test/unit/agents/sessions/aggregateUpdater.test.ts[2m > [22mupdateAggregatesFromEvent[2m > [22merror events[2m > [22mshould distinguish between warning and error severity
 [32mΓ£ô[39m extension/test/unit/agents/sessions/aggregateUpdater.test.ts[2m > [22mupdateAggregatesFromEvent[2m > [22mtool_file_operation events[2m > [22mshould add unique file paths to filesModified
 [32mΓ£ô[39m extension/test/unit/agents/sessions/aggregateUpdater.test.ts[2m > [22mupdateAggregatesFromEvent[2m > [22mtool_file_operation events[2m > [22mshould not add duplicate file paths
 [32mΓ£ô[39m extension/test/unit/agents/sessions/aggregateUpdater.test.ts[2m > [22mupdateAggregatesFromEvent[2m > [22mtool_file_operation events[2m > [22mshould add new path to existing filesModified array
 [32mΓ£ô[39m extension/test/unit/agents/sessions/aggregateUpdater.test.ts[2m > [22mupdateAggregatesFromEvent[2m > [22mtool_file_operation events[2m > [22mshould handle empty currentFilesModified array
 [32mΓ£ô[39m extension/test/unit/agents/sessions/aggregateUpdater.test.ts[2m > [22mupdateAggregatesFromEvent[2m > [22mtool_file_operation events[2m > [22mshould handle different file operation types
 [32mΓ£ô[39m extension/test/unit/agents/sessions/aggregateUpdater.test.ts[2m > [22mupdateAggregatesFromEvent[2m > [22mnon-modifying events[2m > [22mshould return no updates for prompt events
 [32mΓ£ô[39m extension/test/unit/agents/sessions/aggregateUpdater.test.ts[2m > [22mupdateAggregatesFromEvent[2m > [22mnon-modifying events[2m > [22mshould return no updates for thinking events
 [32mΓ£ô[39m extension/test/unit/agents/sessions/aggregateUpdater.test.ts[2m > [22mupdateAggregatesFromEvent[2m > [22mnon-modifying events[2m > [22mshould return no updates for status_change events
 [32mΓ£ô[39m extension/test/unit/agents/sessions/aggregateUpdater.test.ts[2m > [22mupdateAggregatesFromEvent[2m > [22mnon-modifying events[2m > [22mshould return no updates for tool_progress events
 [32mΓ£ô[39m extension/test/unit/agents/sessions/aggregateUpdater.test.ts[2m > [22mupdateAggregatesFromEvent[2m > [22mnon-modifying events[2m > [22mshould return no updates for tool_output events
 [32mΓ£ô[39m extension/test/unit/agents/sessions/aggregateUpdater.test.ts[2m > [22mupdateAggregatesFromEvent[2m > [22mnon-modifying events[2m > [22mshould return no updates for tool_metadata events
 [32mΓ£ô[39m extension/test/unit/agents/sessions/aggregateUpdater.test.ts[2m > [22mupdateAggregatesFromEvent[2m > [22mnon-modifying events[2m > [22mshould return no updates for non-aggregate-affecting events
 [32mΓ£ô[39m extension/test/unit/agents/sessions/aggregateUpdater.test.ts[2m > [22mupdateAggregatesFromEvent[2m > [22medge cases and boundary conditions[2m > [22mshould handle undefined currentFilesModified parameter
 [32mΓ£ô[39m extension/test/unit/agents/sessions/aggregateUpdater.test.ts[2m > [22mupdateAggregatesFromEvent[2m > [22medge cases and boundary conditions[2m > [22mshould return object with only affected fields
 [32mΓ£ô[39m extension/test/unit/agents/sessions/aggregateUpdater.test.ts[2m > [22mupdateAggregatesFromEvent[2m > [22medge cases and boundary conditions[2m > [22mshould be idempotent for the same event
 [32mΓ£ô[39m extension/test/unit/agents/sessions/aggregateUpdater.test.ts[2m > [22mupdateAggregatesFromEvent[2m > [22medge cases and boundary conditions[2m > [22mshould handle file paths with special characters
 [32mΓ£ô[39m extension/test/unit/agents/sessions/aggregateUpdater.test.ts[2m > [22mupdateAggregatesFromEvent[2m > [22mincremental update pattern[2m > [22mshould return values suitable for incremental updates
 [32mΓ£ô[39m extension/test/unit/agents/sessions/aggregateUpdater.test.ts[2m > [22mupdateAggregatesFromEvent[2m > [22mincremental update pattern[2m > [22mshould preserve existing filesModified when adding new path
 [32mΓ£ô[39m extension/test/unit/agents/tools/coding/bulkReplace.test.ts[2m > [22mbulkReplace[2m > [22mLiteral Text Replacement (FR-026)[2m > [22mreplaces literal text across multiple files
 [32mΓ£ô[39m extension/test/unit/agents/tools/coding/bulkReplace.test.ts[2m > [22mbulkReplace[2m > [22mLiteral Text Replacement (FR-026)[2m > [22mescapes special regex characters in literal mode
 [32mΓ£ô[39m extension/test/unit/agents/tools/coding/bulkReplace.test.ts[2m > [22mbulkReplace[2m > [22mRegex Pattern Support (FR-026)[2m > [22mreplaces using regex patterns
 [32mΓ£ô[39m extension/test/unit/agents/tools/coding/bulkReplace.test.ts[2m > [22mbulkReplace[2m > [22mRegex Pattern Support (FR-026)[2m > [22mhandles invalid regex patterns gracefully
 [32mΓ£ô[39m extension/test/unit/agents/tools/coding/bulkReplace.test.ts[2m > [22mbulkReplace[2m > [22mCapture Group Replacement (FR-027)[2m > [22mreplaces using regex capture groups
 [32mΓ£ô[39m extension/test/unit/agents/tools/coding/bulkReplace.test.ts[2m > [22mbulkReplace[2m > [22mCapture Group Replacement (FR-027)[2m > [22msupports multiple capture groups
 [32mΓ£ô[39m extension/test/unit/agents/tools/coding/bulkReplace.test.ts[2m > [22mbulkReplace[2m > [22mFile Glob Pattern Targeting (FR-028)[2m > [22mprocesses only files matching include_glob
 [32mΓ£ô[39m extension/test/unit/agents/tools/coding/bulkReplace.test.ts[2m > [22mbulkReplace[2m > [22mFile Glob Pattern Targeting (FR-028)[2m > [22mexcludes files matching exclude_glob
 [32mΓ£ô[39m extension/test/unit/agents/tools/coding/bulkReplace.test.ts[2m > [22mbulkReplace[2m > [22mPreview Only Mode[2m > [22mgenerates previews without applying changes when preview_only is true
 [32mΓ£ô[39m extension/test/unit/agents/tools/coding/bulkReplace.test.ts[2m > [22mbulkReplace[2m > [22mPreview Only Mode[2m > [22mapplies changes when preview_only is false
 [32mΓ£ô[39m extension/test/unit/agents/tools/coding/bulkReplace.test.ts[2m > [22mbulkReplace[2m > [22mCase Sensitivity[2m > [22mperforms case-sensitive matching by default
 [32mΓ£ô[39m extension/test/unit/agents/tools/coding/bulkReplace.test.ts[2m > [22mbulkReplace[2m > [22mCase Sensitivity[2m > [22mperforms case-insensitive matching when case_sensitive is false
 [32mΓ£ô[39m extension/test/unit/agents/tools/coding/bulkReplace.test.ts[2m > [22mbulkReplace[2m > [22mWhole Word Matching[2m > [22mmatches whole words only when whole_word is true
 [32mΓ£ô[39m extension/test/unit/agents/tools/coding/bulkReplace.test.ts[2m > [22mbulkReplace[2m > [22mWhole Word Matching[2m > [22mmatches partial words when whole_word is false
 [32mΓ£ô[39m extension/test/unit/agents/tools/coding/bulkReplace.test.ts[2m > [22mbulkReplace[2m > [22mLimits[2m > [22mrespects max_files limit
 [32mΓ£ô[39m extension/test/unit/agents/tools/coding/bulkReplace.test.ts[2m > [22mbulkReplace[2m > [22mLimits[2m > [22mrespects max_replacements limit
 [32mΓ£ô[39m extension/test/unit/agents/tools/coding/bulkReplace.test.ts[2m > [22mbulkReplace[2m > [22mBinary File Handling[2m > [22mskips binary files with warning
 [32mΓ£ô[39m extension/test/unit/agents/tools/coding/bulkReplace.test.ts[2m > [22mbulkReplace[2m > [22mEmpty Results[2m > [22mreturns success with zero results when no files match glob
 [32mΓ£ô[39m extension/test/unit/agents/tools/coding/bulkReplace.test.ts[2m > [22mbulkReplace[2m > [22mEmpty Results[2m > [22mreturns success with zero replacements when pattern not found
 [32mΓ£ô[39m extension/test/unit/agents/tools/coding/bulkReplace.test.ts[2m > [22mbulkReplace[2m > [22mError Handling[2m > [22mfails when pattern is empty
 [32mΓ£ô[39m extension/test/unit/agents/tools/coding/bulkReplace.test.ts[2m > [22mbulkReplace[2m > [22mError Handling[2m > [22mcontinues processing other files when one file fails
 [32mΓ£ô[39m extension/test/unit/agents/tools/coding/bulkReplace.test.ts[2m > [22mbulkReplace[2m > [22mCancellation[2m > [22mstops processing when cancellation is requested
 [32mΓ£ô[39m extension/test/unit/chat/SessionManager.test.ts[2m > [22mSessionManager[2m > [22msession state[2m > [22misImplementorActive should return correct state
 [32mΓ£ô[39m extension/test/unit/agents/AgentRunner.test.ts[2m > [22mAgentRunner[2m > [22mtool call execution[2m > [22mshould execute tool calls from LLM
 [32mΓ£ô[39m extension/test/unit/agents/tools/system/runCommand.test.ts[2m > [22mrunCommand tool[2m > [22mEnvironment Variables[2m > [22msanitizes Electron and VS Code env vars from subprocesses
 [32mΓ£ô[39m test/unit/core/check-executor.test.ts[2m > [22mCheck Executor[2m > [22mexecuteStructuralCheck[2m > [22mshould pass when file exists
 [32mΓ£ô[39m test/unit/core/check-executor.test.ts[2m > [22mCheck Executor[2m > [22mexecuteStructuralCheck[2m > [22mshould fail when file does not exist
 [32mΓ£ô[39m test/unit/core/check-executor.test.ts[2m > [22mCheck Executor[2m > [22mexecuteStructuralCheck[2m > [22mshould pass when pattern matches in file
 [32mΓ£ô[39m test/unit/core/check-executor.test.ts[2m > [22mCheck Executor[2m > [22mexecuteStructuralCheck[2m > [22mshould fail when pattern does not match
 [32mΓ£ô[39m test/unit/core/check-executor.test.ts[2m > [22mCheck Executor[2m > [22mexecuteStructuralCheck[2m > [22mshould check minimum matches count
 [32mΓ£ô[39m test/unit/core/check-executor.test.ts[2m > [22mCheck Executor[2m > [22mexecuteStructuralCheck[2m > [22mshould fail when not enough matches
 [32mΓ£ô[39m test/unit/core/check-executor.test.ts[2m > [22mCheck Executor[2m > [22mexecuteStructuralCheck[2m > [22mshould handle relative paths
 [32mΓ£ô[39m test/unit/core/check-executor.test.ts[2m > [22mCheck Executor[2m > [22mexecuteStructuralCheck[2m > [22mshould match patterns across multiple lines
 [32mΓ£ô[39m extension/test/unit/agents/tools/system/runCommand.test.ts[2m > [22mrunCommand tool[2m > [22mEnvironment Variables[2m > [22mpreserves VSCODE_PORTABLE and VSCODE_SHELL_LOGIN
 [32mΓ£ô[39m test/unit/core/check-executor.test.ts[2m > [22mCheck Executor[2m > [22mexecuteStructuralCheck[2m > [22mshould pass when glob pattern finds file with matching content
 [32mΓ£ô[39m test/unit/core/check-executor.test.ts[2m > [22mCheck Executor[2m > [22mexecuteStructuralCheck[2m > [22mshould pass when pattern found in ANY file (not require ALL files)
 [32mΓ£ô[39m test/unit/core/check-executor.test.ts[2m > [22mCheck Executor[2m > [22mexecuteStructuralCheck[2m > [22mshould fail when pattern not found in any glob-matched file
 [32mΓ£ô[39m test/unit/core/check-executor.test.ts[2m > [22mCheck Executor[2m > [22mexecuteStructuralCheck[2m > [22mshould aggregate pattern matches across multiple files
 [32mΓ£ô[39m test/unit/core/check-executor.test.ts[2m > [22mCheck Executor[2m > [22mexecuteBehavioralCheck[2m > [22mshould run command and pass on success
 [32mΓ£ô[39m test/unit/core/check-executor.test.ts[2m > [22mCheck Executor[2m > [22mexecuteBehavioralCheck[2m > [22mshould fail when command fails
 [32mΓ£ô[39m test/unit/core/check-executor.test.ts[2m > [22mCheck Executor[2m > [22mexecuteBehavioralCheck[2m > [22mshould check expected exit code
 [32mΓ£ô[39m test/unit/core/check-executor.test.ts[2m > [22mCheck Executor[2m > [22mexecuteBehavioralCheck[2m > [22mshould pass when expect_exit_code is 1 and command fails with exit code 1 (TDD red-phase validation)
 [32mΓ£ô[39m test/unit/core/check-executor.test.ts[2m > [22mCheck Executor[2m > [22mexecuteBehavioralCheck[2m > [22mshould fail when exit code does not match
 [32mΓ£ô[39m test/unit/core/check-executor.test.ts[2m > [22mCheck Executor[2m > [22mexecuteBehavioralCheck[2m > [22mshould check output contains expected string
 [32mΓ£ô[39m test/unit/core/check-executor.test.ts[2m > [22mCheck Executor[2m > [22mexecuteBehavioralCheck[2m > [22mshould fail when output does not contain expected string
 [32mΓ£ô[39m test/unit/core/check-executor.test.ts[2m > [22mCheck Executor[2m > [22mexecuteBehavioralCheck[2m > [22mshould handle command execution errors
 [32mΓ£ô[39m test/unit/core/check-executor.test.ts[2m > [22mCheck Executor[2m > [22mexecuteQualityCheck[2m > [22mshould run lint command and pass
 [32mΓ£ô[39m test/unit/core/check-executor.test.ts[2m > [22mCheck Executor[2m > [22mexecuteQualityCheck[2m > [22mshould fail when lint command fails
 [32mΓ£ô[39m test/unit/core/check-executor.test.ts[2m > [22mCheck Executor[2m > [22mexecuteQualityCheck[2m > [22mshould check file pattern for quality
 [32mΓ£ô[39m test/unit/core/check-executor.test.ts[2m > [22mCheck Executor[2m > [22mexecuteQualityCheck[2m > [22mshould fail when quality pattern requirement not met
 [32mΓ£ô[39m test/unit/core/check-executor.test.ts[2m > [22mCheck Executor[2m > [22mexecuteQualityCheck[2m > [22mshould fail when quality file not found
 [32mΓ£ô[39m test/unit/core/check-executor.test.ts[2m > [22mCheck Executor[2m > [22mexecuteQualityCheck[2m > [22mshould fail when no command or path+pattern provided
 [32mΓ£ô[39m test/unit/core/check-executor.test.ts[2m > [22mCheck Executor[2m > [22mexecuteQualityCheck[2m > [22mshould support glob patterns in path for quality checks
 [32mΓ£ô[39m test/unit/core/check-executor.test.ts[2m > [22mCheck Executor[2m > [22mexecuteQualityCheck[2m > [22mshould aggregate quality pattern matches across multiple glob files
 [32mΓ£ô[39m test/unit/core/check-executor.test.ts[2m > [22mCheck Executor[2m > [22mexecuteQualityCheck[2m > [22mshould fail when glob pattern matches no files
 [32mΓ£ô[39m test/unit/core/check-executor.test.ts[2m > [22mCheck Executor[2m > [22mexecuteQualityCheck[2m > [22mshould pass quality check when pattern in ANY file (not all)
 [32mΓ£ô[39m test/unit/core/check-executor.test.ts[2m > [22mCheck Executor[2m > [22mexecuteCheck[2m > [22mshould route to structural check
 [32mΓ£ô[39m test/unit/core/check-executor.test.ts[2m > [22mCheck Executor[2m > [22mexecuteCheck[2m > [22mshould route to behavioral check
 [32mΓ£ô[39m test/unit/core/check-executor.test.ts[2m > [22mCheck Executor[2m > [22mexecuteCheck[2m > [22mshould route to quality check
 [32mΓ£ô[39m test/unit/core/check-executor.test.ts[2m > [22mCheck Executor[2m > [22mexecuteCheck[2m > [22mshould return error for unknown check type
 [32mΓ£ô[39m test/unit/core/feedback.test.ts[2m > [22mFeedback Core Module[2m > [22mrunFeedback[2m > [22mgenerates feedback with correct structure
 [32mΓ£ô[39m test/unit/core/feedback.test.ts[2m > [22mFeedback Core Module[2m > [22mrunFeedback[2m > [22mFeedbackIssue has correct severity mapping
 [32mΓ£ô[39m test/unit/core/feedback.test.ts[2m > [22mFeedback Core Module[2m > [22mrunFeedback[2m > [22mwrites feedback file to correct location
 [32mΓ£ô[39m test/unit/core/feedback.test.ts[2m > [22mFeedback Core Module[2m > [22mrunFeedback[2m > [22marchives previous feedback on retry
 [32mΓ£ô[39m test/unit/core/feedback.test.ts[2m > [22mFeedback Core Module[2m > [22mrunFeedback[2m > [22mupdates progress with VERIFY_FAILED status
 [32mΓ£ô[39m test/unit/core/feedback.test.ts[2m > [22mFeedback Core Module[2m > [22mrunFeedback[2m > [22msets canRetry to false when max attempts reached
 [32mΓ£ô[39m test/unit/core/feedback.test.ts[2m > [22mFeedback Core Module[2m > [22mrunFeedback[2m > [22mdoes NOT expose hidden verification criteria
 [32mΓ£ô[39m test/unit/core/feedback.test.ts[2m > [22mFeedback Core Module[2m > [22mrunFeedback[2m > [22muses current_task_id from manifest when task not specified
 [32mΓ£ô[39m test/unit/core/feedback.test.ts[2m > [22mFeedback Core Module[2m > [22mrunFeedback[2m > [22mthrows error when no task specified and no current task found
 [32mΓ£ô[39m test/unit/core/feedback.test.ts[2m > [22mFeedback Core Module[2m > [22mrunFeedback[2m > [22mthrows error when verification result not provided
 [32mΓ£ô[39m test/unit/core/feedback.test.ts[2m > [22mFeedback Core Module[2m > [22msaveVerificationResultForFeedback[2m > [22msaves verification result to correct location
 [32mΓ£ô[39m test/unit/core/feedback.test.ts[2m > [22mFeedback Core Module[2m > [22msaveVerificationResultForFeedback[2m > [22mcreates results directory if it doesn't exist
 [32mΓ£ô[39m test/unit/core/feedback.test.ts[2m > [22mFeedback Core Module[2m > [22mloadVerificationResultFromDisk[2m > [22mloads saved verification result
 [32mΓ£ô[39m test/unit/core/feedback.test.ts[2m > [22mFeedback Core Module[2m > [22mloadVerificationResultFromDisk[2m > [22mreturns null when file doesn't exist
 [32mΓ£ô[39m test/unit/core/feedback.test.ts[2m > [22mFeedback Core Module[2m > [22mgetAttemptNumber[2m > [22mreturns 1 for first attempt (no failures)
 [32mΓ£ô[39m test/unit/core/feedback.test.ts[2m > [22mFeedback Core Module[2m > [22mgetAttemptNumber[2m > [22mcounts VERIFY_FAILED entries correctly
 [32mΓ£ô[39m test/unit/core/feedback.test.ts[2m > [22mFeedback Core Module[2m > [22mgetAttemptNumber[2m > [22mcounts RETRY entries correctly
 [32mΓ£ô[39m test/unit/core/feedback.test.ts[2m > [22mFeedback Core Module[2m > [22mgetAttemptNumber[2m > [22mignores other task failures
 [32mΓ£ô[39m test/unit/core/feedback.test.ts[2m > [22mFeedback Core Module[2m > [22mFeedbackResult type[2m > [22mhas all required fields
 [32mΓ£ô[39m test/unit/core/feedback.test.ts[2m > [22mFeedback Core Module[2m > [22mFeedbackIssue type[2m > [22mhas correct structure
 [32mΓ£ô[39m extension/test/unit/views/statusbar/StatusBarManager.test.ts[2m > [22mStatusBarManager[2m > [22minitialization[2m > [22mshould create status bar item with correct configuration
 [32mΓ£ô[39m extension/test/unit/views/statusbar/StatusBarManager.test.ts[2m > [22mStatusBarManager[2m > [22minitialization[2m > [22mshould subscribe to database changes
 [32mΓ£ô[39m extension/test/unit/views/statusbar/StatusBarManager.test.ts[2m > [22mStatusBarManager[2m > [22mdynamic icon display[2m > [22mshould display circle-outline icon for PENDING status
 [32mΓ£ô[39m extension/test/unit/views/statusbar/StatusBarManager.test.ts[2m > [22mStatusBarManager[2m > [22mdynamic icon display[2m > [22mshould display play-circle icon for IMPLEMENT status
 [32mΓ£ô[39m extension/test/unit/views/statusbar/StatusBarManager.test.ts[2m > [22mStatusBarManager[2m > [22mdynamic icon display[2m > [22mshould display sync~spin icon for VERIFY status
 [32mΓ£ô[39m extension/test/unit/views/statusbar/StatusBarManager.test.ts[2m > [22mStatusBarManager[2m > [22mdynamic icon display[2m > [22mshould display warning icon for VERIFY_FAILED status
 [32mΓ£ô[39m extension/test/unit/views/statusbar/StatusBarManager.test.ts[2m > [22mStatusBarManager[2m > [22mdynamic icon display[2m > [22mshould display shield icon for GATE_CHECK status
 [32mΓ£ô[39m extension/test/unit/views/statusbar/StatusBarManager.test.ts[2m > [22mStatusBarManager[2m > [22mdynamic icon display[2m > [22mshould display alert icon for ESCALATED status
 [32mΓ£ô[39m extension/test/unit/views/statusbar/StatusBarManager.test.ts[2m > [22mStatusBarManager[2m > [22mdynamic icon display[2m > [22mshould display check-all icon for COMPLETE status
 [32mΓ£ô[39m extension/test/unit/views/statusbar/StatusBarManager.test.ts[2m > [22mStatusBarManager[2m > [22micon format validation[2m > [22mshould format icon using VS Code codicon syntax $(icon-name)
 [32mΓ£ô[39m extension/test/unit/views/statusbar/StatusBarManager.test.ts[2m > [22mStatusBarManager[2m > [22micon format validation[2m > [22mshould use statusDisplay.icon from getStatusDisplay
 [32mΓ£ô[39m extension/test/unit/views/statusbar/StatusBarManager.test.ts[2m > [22mStatusBarManager[2m > [22mcolor theming[2m > [22mshould maintain ThemeColor for status bar backgroundColor
 [32mΓ£ô[39m extension/test/unit/views/statusbar/StatusBarManager.test.ts[2m > [22mStatusBarManager[2m > [22medge cases[2m > [22mshould hide status bar when no workspace root found
 [32mΓ£ô[39m extension/test/unit/views/statusbar/StatusBarManager.test.ts[2m > [22mStatusBarManager[2m > [22medge cases[2m > [22mshould hide status bar when no active sprint
 [32mΓ£ô[39m extension/test/unit/views/statusbar/StatusBarManager.test.ts[2m > [22mStatusBarManager[2m > [22medge cases[2m > [22mshould show default Orchestra status when sprint exists but no current task
 [32mΓ£ô[39m extension/test/unit/views/statusbar/StatusBarManager.test.ts[2m > [22mStatusBarManager[2m > [22mrefresh functionality[2m > [22mshould update icon when task status changes
 [32mΓ£ô[39m extension/test/unit/views/statusbar/StatusBarManager.test.ts[2m > [22mStatusBarManager[2m > [22mdisposal[2m > [22mshould dispose status bar item when disposed
 [32mΓ£ô[39m extension/test/unit/views/statusbar/StatusBarManager.test.ts[2m > [22mStatusBarManager[2m > [22mcommand configuration for Play action[2m > [22mshould set command to playTask when current task exists
 [32mΓ£ô[39m extension/test/unit/views/statusbar/StatusBarManager.test.ts[2m > [22mStatusBarManager[2m > [22mcommand configuration for Play action[2m > [22mshould pass current task ID as argument to playTask command
 [32mΓ£ô[39m extension/test/unit/views/statusbar/StatusBarManager.test.ts[2m > [22mStatusBarManager[2m > [22mcommand configuration for Play action[2m > [22mshould set command to openDashboard when no current task
 [32mΓ£ô[39m extension/test/unit/views/statusbar/StatusBarManager.test.ts[2m > [22mStatusBarManager[2m > [22mcommand configuration for Play action[2m > [22mshould include Play action in tooltip when current task exists
 [32mΓ£ô[39m extension/test/unit/views/statusbar/StatusBarManager.test.ts[2m > [22mStatusBarManager[2m > [22mcommand configuration for Play action[2m > [22mshould update command when task changes during refresh
 [32mΓ£ô[39m extension/test/unit/agents/tools/system/runCommand.test.ts[2m > [22mrunCommand tool[2m > [22mEnvironment Variables[2m > [22mremoves DEBUG env var from subprocesses
 [32mΓ£ô[39m extension/test/unit/chat/SessionManager.test.ts[2m > [22mSessionManager[2m > [22mcloseAllChatEditorTabs[2m > [22mshould close chat tabs before orchestrator invocation[33m 424[2mms[22m[39m
 [32mΓ£ô[39m test/unit/core/tdd-cleanup.test.ts[2m > [22mdetectProjectLanguage[2m > [22mshould detect TypeScript project from package.json
 [32mΓ£ô[39m test/unit/core/tdd-cleanup.test.ts[2m > [22mdetectProjectLanguage[2m > [22mshould detect Dart project from pubspec.yaml
 [32mΓ£ô[39m test/unit/core/tdd-cleanup.test.ts[2m > [22mdetectProjectLanguage[2m > [22mshould prefer TypeScript when both package.json and pubspec.yaml exist
 [32mΓ£ô[39m test/unit/core/tdd-cleanup.test.ts[2m > [22mdetectProjectLanguage[2m > [22mshould return unknown for unrecognized project
 [32mΓ£ô[39m test/unit/core/tdd-cleanup.test.ts[2m > [22mremoveOrchestraTaskComment[2m > [22mshould remove // @orchestra-task: N comment line
 [32mΓ£ô[39m test/unit/core/tdd-cleanup.test.ts[2m > [22mremoveOrchestraTaskComment[2m > [22mshould remove # @orchestra-task: N comment line (Python style)
 [32mΓ£ô[39m test/unit/core/tdd-cleanup.test.ts[2m > [22mremoveOrchestraTaskComment[2m > [22mshould handle leading whitespace before comment
 [32mΓ£ô[39m test/unit/core/tdd-cleanup.test.ts[2m > [22mremoveOrchestraTaskComment[2m > [22mshould handle Windows line endings (\r\n)
 [32mΓ£ô[39m test/unit/core/tdd-cleanup.test.ts[2m > [22mremoveOrchestraTaskComment[2m > [22mshould leave content unchanged when no task comment present
 [32mΓ£ô[39m test/unit/core/tdd-cleanup.test.ts[2m > [22mremoveOrchestraTaskComment[2m > [22mshould remove multiple @orchestra-task comments
 [32mΓ£ô[39m extension/test/unit/agents/tools/system/runCommand.test.ts[2m > [22mrunCommand tool[2m > [22mWorking Directory[2m > [22mexecutes command in specified working directory
 [32mΓ£ô[39m test/unit/core/tdd-cleanup.test.ts[2m > [22mcleanupTddRedMarkers - TypeScript (file promotion)[2m > [22mshould move files from test/red/unit/ to test/unit/
 [32mΓ£ô[39m test/unit/core/tdd-cleanup.test.ts[2m > [22mcleanupTddRedMarkers - TypeScript (file promotion)[2m > [22mshould preserve subdirectory structure during promotion
 [32mΓ£ô[39m test/unit/core/tdd-cleanup.test.ts[2m > [22mcleanupTddRedMarkers - TypeScript (file promotion)[2m > [22mshould remove // @orchestra-task: N comment from promoted file content
 [32mΓ£ô[39m test/unit/core/tdd-cleanup.test.ts[2m > [22mcleanupTddRedMarkers - TypeScript (file promotion)[2m > [22mshould also remove # @orchestra-task: N comment from promoted file content
 [32mΓ£ô[39m test/unit/core/tdd-cleanup.test.ts[2m > [22mcleanupTddRedMarkers - TypeScript (file promotion)[2m > [22mshould fail with conflict error if destination file already exists
 [32mΓ£ô[39m test/unit/core/tdd-cleanup.test.ts[2m > [22mcleanupTddRedMarkers - TypeScript (file promotion)[2m > [22mshould fail-fast on first conflict with partial promotion
 [32mΓ£ô[39m test/unit/core/tdd-cleanup.test.ts[2m > [22mcleanupTddRedMarkers - TypeScript (file promotion)[2m > [22mshould create destination directories recursively if they don't exist
 [32mΓ£ô[39m test/unit/core/tdd-cleanup.test.ts[2m > [22mcleanupTddRedMarkers - TypeScript (file promotion)[2m > [22mshould return cleaned=false when test/red/ directory does not exist
 [32mΓ£ô[39m test/unit/core/tdd-cleanup.test.ts[2m > [22mcleanupTddRedMarkers - TypeScript (file promotion)[2m > [22mshould return cleaned=false when test/red/ directory is empty
 [32mΓ£ô[39m test/unit/core/tdd-cleanup.test.ts[2m > [22mcleanupTddRedMarkers - TypeScript (file promotion)[2m > [22mshould handle multiple files across different tiers
 [32mΓ£ô[39m test/unit/core/tdd-cleanup.test.ts[2m > [22mcleanupTddRedMarkers - TypeScript (file promotion)[2m > [22mshould promote file even without @orchestra-task comment
 [32mΓ£ô[39m test/unit/core/tdd-cleanup.test.ts[2m > [22mcleanupTddRedMarkers - Dart (directory-based promotion)[2m > [22mshould move .dart files from test/red/unit/ to test/unit/
 [32mΓ£ô[39m test/unit/core/tdd-cleanup.test.ts[2m > [22mcleanupTddRedMarkers - Dart (directory-based promotion)[2m > [22mshould handle multiple Dart files across different tiers
 [32mΓ£ô[39m test/unit/core/tdd-cleanup.test.ts[2m > [22mcleanupTddRedMarkers - Dart (directory-based promotion)[2m > [22mshould return cleaned=false when test/red/ directory does not exist
 [32mΓ£ô[39m test/unit/core/tdd-cleanup.test.ts[2m > [22mcleanupTddRedMarkers - Dart (directory-based promotion)[2m > [22mshould return cleaned=false when test/red/ is empty (no _test.dart files)
 [32mΓ£ô[39m test/unit/core/tdd-cleanup.test.ts[2m > [22mcleanupTddRedMarkers - Dart (directory-based promotion)[2m > [22mshould fail with conflict error if destination file already exists
 [32mΓ£ô[39m test/unit/core/tdd-cleanup.test.ts[2m > [22mcleanupTddRedMarkers - Dart (directory-based promotion)[2m > [22mshould create destination directories recursively
 [32mΓ£ô[39m test/unit/core/tdd-cleanup.test.ts[2m > [22mcleanupTddRedMarkers - Dart (directory-based promotion)[2m > [22mshould promote file even without @orchestra-task comment
 [32mΓ£ô[39m test/unit/core/tdd-cleanup.test.ts[2m > [22mcleanupTddRedMarkers - Unknown language[2m > [22mshould return false for unknown project type
 [32mΓ£ô[39m extension/test/unit/agents/tools/system/runCommand.test.ts[2m > [22mrunCommand tool[2m > [22mstdin Input[2m > [22msends stdin to command
 [32mΓ£ô[39m extension/test/unit/webviews/agent-panel/components/ToolCallComponents.test.ts[2m > [22mTool Call Components[2m > [22mToolIcon Component[2m > [22mshould export ToolIcon component function
 [32mΓ£ô[39m test/unit/core/pattern-validator.test.ts[2m > [22mpattern-validator[2m > [22mstructural checks[2m > [22mshould pass when path exists and pattern matches
 [32mΓ£ô[39m test/unit/core/pattern-validator.test.ts[2m > [22mpattern-validator[2m > [22mstructural checks[2m > [22mshould warn when path matches no files (CREATE expected)
 [32mΓ£ô[39m test/unit/core/pattern-validator.test.ts[2m > [22mpattern-validator[2m > [22mstructural checks[2m > [22mshould warn when pattern matches no content
 [32mΓ£ô[39m test/unit/core/pattern-validator.test.ts[2m > [22mpattern-validator[2m > [22mstructural checks[2m > [22mshould warn when pattern matches fewer than min_matches
 [32mΓ£ô[39m test/unit/core/pattern-validator.test.ts[2m > [22mpattern-validator[2m > [22mstructural checks[2m > [22mshould error when path is a directory without glob
 [32mΓ£ô[39m test/unit/core/pattern-validator.test.ts[2m > [22mpattern-validator[2m > [22mstructural checks[2m > [22mshould handle glob patterns correctly
 [32mΓ£ô[39m test/unit/core/pattern-validator.test.ts[2m > [22mpattern-validator[2m > [22mstructural checks[2m > [22mshould error on invalid regex pattern
 [32mΓ£ô[39m test/unit/core/pattern-validator.test.ts[2m > [22mpattern-validator[2m > [22mstructural checks[2m > [22mshould pass when glob matches files without pattern check
 [32mΓ£ô[39m test/unit/core/pattern-validator.test.ts[2m > [22mpattern-validator[2m > [22mbehavioral checks[2m > [22mshould error for bash && syntax (fails on Windows)
 [32mΓ£ô[39m test/unit/core/pattern-validator.test.ts[2m > [22mpattern-validator[2m > [22mbehavioral checks[2m > [22mshould pass for commands without bash-only syntax or test commands
 [32mΓ£ô[39m test/unit/core/pattern-validator.test.ts[2m > [22mpattern-validator[2m > [22mbehavioral checks[2m > [22mtest command rejection (FR-039)[2m > [22mshould reject 'npm test' commands
 [32mΓ£ô[39m test/unit/core/pattern-validator.test.ts[2m > [22mpattern-validator[2m > [22mbehavioral checks[2m > [22mtest command rejection (FR-039)[2m > [22mshould reject 'npx vitest' commands
 [32mΓ£ô[39m test/unit/core/pattern-validator.test.ts[2m > [22mpattern-validator[2m > [22mbehavioral checks[2m > [22mtest command rejection (FR-039)[2m > [22mshould reject 'npx jest' commands
 [32mΓ£ô[39m test/unit/core/pattern-validator.test.ts[2m > [22mpattern-validator[2m > [22mbehavioral checks[2m > [22mtest command rejection (FR-039)[2m > [22mshould reject 'flutter test' commands
 [32mΓ£ô[39m test/unit/core/pattern-validator.test.ts[2m > [22mpattern-validator[2m > [22mbehavioral checks[2m > [22mtest command rejection (FR-039)[2m > [22mshould reject 'pytest' commands
 [32mΓ£ô[39m test/unit/core/pattern-validator.test.ts[2m > [22mpattern-validator[2m > [22mbehavioral checks[2m > [22mtest command rejection (FR-039)[2m > [22mshould reject 'cargo test' commands
 [32mΓ£ô[39m test/unit/core/pattern-validator.test.ts[2m > [22mpattern-validator[2m > [22mbehavioral checks[2m > [22mtest command rejection (FR-039)[2m > [22mshould reject 'go test' commands
 [32mΓ£ô[39m test/unit/core/pattern-validator.test.ts[2m > [22mpattern-validator[2m > [22mbehavioral checks[2m > [22mtest command rejection (FR-039)[2m > [22mshould reject 'yarn test' commands
 [32mΓ£ô[39m test/unit/core/pattern-validator.test.ts[2m > [22mpattern-validator[2m > [22mbehavioral checks[2m > [22mtest command rejection (FR-039)[2m > [22mshould reject 'pnpm test' commands
 [32mΓ£ô[39m test/unit/core/pattern-validator.test.ts[2m > [22mpattern-validator[2m > [22mbehavioral checks[2m > [22mtest command rejection (FR-039)[2m > [22mshould reject commands with --testNamePattern flag
 [32mΓ£ô[39m test/unit/core/pattern-validator.test.ts[2m > [22mpattern-validator[2m > [22mbehavioral checks[2m > [22mtest command rejection (FR-039)[2m > [22mshould allow non-test commands in behavioral_checks
 [32mΓ£ô[39m test/unit/core/pattern-validator.test.ts[2m > [22mpattern-validator[2m > [22mquality checks - command-based[2m > [22mshould pass for command-based quality checks
 [32mΓ£ô[39m test/unit/core/pattern-validator.test.ts[2m > [22mpattern-validator[2m > [22mquality checks - pattern-based[2m > [22mshould warn when path matches no files
 [32mΓ£ô[39m test/unit/core/pattern-validator.test.ts[2m > [22mpattern-validator[2m > [22mquality checks - pattern-based[2m > [22mshould warn when pattern matches no content
 [32mΓ£ô[39m test/unit/core/pattern-validator.test.ts[2m > [22mpattern-validator[2m > [22mquality checks - pattern-based[2m > [22mshould pass when pattern matches content
 [32mΓ£ô[39m test/unit/core/pattern-validator.test.ts[2m > [22mpattern-validator[2m > [22mquality checks - pattern-based[2m > [22mshould error when path is a directory without glob
 [32mΓ£ô[39m test/unit/core/pattern-validator.test.ts[2m > [22mpattern-validator[2m > [22mmultiple checks[2m > [22mshould aggregate warnings and errors from all checks
 [32mΓ£ô[39m test/unit/core/pattern-validator.test.ts[2m > [22mpattern-validator[2m > [22mmultiple checks[2m > [22mshould pass when all checks are valid
 [32mΓ£ô[39m test/unit/core/pattern-validator.test.ts[2m > [22mpattern-validator[2m > [22medge cases[2m > [22mshould handle empty checks gracefully
 [32mΓ£ô[39m test/unit/core/pattern-validator.test.ts[2m > [22mpattern-validator[2m > [22medge cases[2m > [22mshould handle undefined optional properties
 [32mΓ£ô[39m test/unit/core/pattern-validator.test.ts[2m > [22mpattern-validator[2m > [22medge cases[2m > [22mshould handle checks without optional fields
 [32mΓ£ô[39m extension/test/unit/agents/tools/coding/lineOperations.test.ts[2m > [22minsertAtLine[2m > [22minsert before line[2m > [22mshould insert content before line 2
 [32mΓ£ô[39m extension/test/unit/agents/tools/coding/lineOperations.test.ts[2m > [22minsertAtLine[2m > [22minsert before line[2m > [22mshould insert content at beginning of file (line 1)
 [32mΓ£ô[39m extension/test/unit/agents/tools/coding/lineOperations.test.ts[2m > [22minsertAtLine[2m > [22minsert before line[2m > [22mshould insert multiple lines
 [32mΓ£ô[39m extension/test/unit/agents/tools/coding/lineOperations.test.ts[2m > [22minsertAtLine[2m > [22minsert before line[2m > [22mshould insert at end of file
 [32mΓ£ô[39m extension/test/unit/agents/tools/coding/lineOperations.test.ts[2m > [22minsertAtLine[2m > [22mauto_indent[2m > [22mshould match target line indentation when auto_indent=true (default)
 [32mΓ£ô[39m extension/test/unit/agents/tools/coding/lineOperations.test.ts[2m > [22minsertAtLine[2m > [22mauto_indent[2m > [22mshould preserve relative indentation in multi-line insert with auto_indent
 [32mΓ£ô[39m extension/test/unit/agents/tools/coding/lineOperations.test.ts[2m > [22minsertAtLine[2m > [22mauto_indent[2m > [22mshould not apply auto_indent when auto_indent=false
 [32mΓ£ô[39m extension/test/unit/agents/tools/coding/lineOperations.test.ts[2m > [22minsertAtLine[2m > [22mdry_run mode[2m > [22mshould return diff_preview without applying changes when dry_run=true
 [32mΓ£ô[39m extension/test/unit/agents/tools/coding/lineOperations.test.ts[2m > [22minsertAtLine[2m > [22merror handling[2m > [22mshould return error when line is out of bounds
 [32mΓ£ô[39m extension/test/unit/agents/tools/coding/lineOperations.test.ts[2m > [22minsertAtLine[2m > [22merror handling[2m > [22mshould reject path traversal attempts
 [32mΓ£ô[39m extension/test/unit/agents/tools/coding/lineOperations.test.ts[2m > [22minsertAtLine[2m > [22merror handling[2m > [22mshould return FILE_NOT_FOUND when file does not exist
 [32mΓ£ô[39m extension/test/unit/agents/tools/coding/lineOperations.test.ts[2m > [22minsertAtLine[2m > [22merror handling[2m > [22mshould return COMMAND_FAILED when applyEdit fails
 [32mΓ£ô[39m extension/test/unit/agents/tools/coding/lineOperations.test.ts[2m > [22mdeleteSection[2m > [22mdelete line range[2m > [22mshould delete lines 2-3
 [32mΓ£ô[39m extension/test/unit/agents/tools/coding/lineOperations.test.ts[2m > [22mdeleteSection[2m > [22mdelete line range[2m > [22mshould delete single line
 [32mΓ£ô[39m extension/test/unit/agents/tools/coding/lineOperations.test.ts[2m > [22mdeleteSection[2m > [22mdelete line range[2m > [22mshould delete first line
 [32mΓ£ô[39m extension/test/unit/agents/tools/coding/lineOperations.test.ts[2m > [22mdeleteSection[2m > [22mdelete line range[2m > [22mshould delete last line
 [32mΓ£ô[39m extension/test/unit/agents/tools/coding/lineOperations.test.ts[2m > [22mdeleteSection[2m > [22mdelete line range[2m > [22mshould delete all lines
 [32mΓ£ô[39m extension/test/unit/agents/tools/coding/lineOperations.test.ts[2m > [22mdeleteSection[2m > [22mdeleted_content capture[2m > [22mshould capture deleted content for potential undo
 [32mΓ£ô[39m extension/test/unit/agents/tools/coding/lineOperations.test.ts[2m > [22mdeleteSection[2m > [22mdry_run mode[2m > [22mshould return diff_preview without applying changes when dry_run=true
 [32mΓ£ô[39m extension/test/unit/agents/tools/coding/lineOperations.test.ts[2m > [22mdeleteSection[2m > [22merror handling[2m > [22mshould return error when start_line is out of bounds
 [32mΓ£ô[39m extension/test/unit/agents/tools/coding/lineOperations.test.ts[2m > [22mdeleteSection[2m > [22merror handling[2m > [22mshould return error when end_line is out of bounds
 [32mΓ£ô[39m extension/test/unit/agents/tools/coding/lineOperations.test.ts[2m > [22mdeleteSection[2m > [22merror handling[2m > [22mshould return error when start_line > end_line
 [32mΓ£ô[39m extension/test/unit/agents/tools/coding/lineOperations.test.ts[2m > [22mdeleteSection[2m > [22merror handling[2m > [22mshould reject path traversal attempts
 [32mΓ£ô[39m extension/test/unit/agents/tools/coding/lineOperations.test.ts[2m > [22mdeleteSection[2m > [22merror handling[2m > [22mshould return FILE_NOT_FOUND when file does not exist
 [32mΓ£ô[39m extension/test/unit/agents/tools/coding/lineOperations.test.ts[2m > [22mdeleteSection[2m > [22merror handling[2m > [22mshould return COMMAND_FAILED when applyEdit fails
 [32mΓ£ô[39m extension/test/unit/agents/tools/coding/validateEdit.test.ts[2m > [22mvalidateEdit[2m > [22mValid Content (FR-018)[2m > [22mreturns syntax_valid: true for valid TypeScript content[33m 1303[2mms[22m[39m
 [32mΓ£ô[39m extension/test/unit/agents/AgentRunner.test.ts[2m > [22mAgentRunner[2m > [22mtool call execution[2m > [22mshould handle tool execution errors gracefully[33m 1050[2mms[22m[39m
 [32mΓ£ô[39m extension/test/unit/chat/SessionManager.test.ts[2m > [22mSessionManager[2m > [22mcloseAllChatEditorTabs[2m > [22mshould reset implementorActive when closing tabs[33m 643[2mms[22m[39m
 [32mΓ£ô[39m extension/test/unit/agents/tools/system/runCommand.test.ts[2m > [22mrunCommand tool[2m > [22mError Summary Diagnostics[2m > [22mextracts test configuration issue with actionable suggestions[33m 322[2mms[22m[39m
 [32mΓ£ô[39m extension/test/unit/agents/tools/system/runCommand.test.ts[2m > [22mrunCommand tool[2m > [22mError Summary Diagnostics[2m > [22mprovides clean error summary for standard errors
 [32mΓ£ô[39m extension/test/unit/extension-registration.test.ts[2m > [22mExtension registration - Command registration (Task 15)[2m > [22mTDD tests for command registration[2m > [22mshould have at least 5 registerCommand calls
 [32mΓ£ô[39m extension/test/unit/extension-registration.test.ts[2m > [22mExtension registration - Command registration (Task 15)[2m > [22mTDD tests for command registration[2m > [22mshould have registerCommand patterns in extension.ts
 [32mΓ£ô[39m extension/test/unit/extension-registration.test.ts[2m > [22mExtension registration - Command registration (Task 15)[2m > [22mTDD tests for command registration[2m > [22mshould register all commands with orchestra.* prefix
 [32mΓ£ô[39m extension/test/unit/extension-registration.test.ts[2m > [22mExtension registration - Command registration (Task 15)[2m > [22mTDD tests for command registration[2m > [22mshould have context.subscriptions.push for command registrations
 [32mΓ£ô[39m extension/test/unit/extension-registration.test.ts[2m > [22mExtension registration - Command registration (Task 15)[2m > [22mConsistency between package.json and extension.ts[2m > [22mshould register all commands declared in package.json
 [32mΓ£ô[39m extension/test/unit/extension-registration.test.ts[2m > [22mExtension registration - Command registration (Task 15)[2m > [22mConsistency between package.json and extension.ts[2m > [22mshould not register commands not in package.json
 [32mΓ£ô[39m extension/test/unit/extension-registration.test.ts[2m > [22mExtension registration - Command registration (Task 15)[2m > [22mConsistency between package.json and extension.ts[2m > [22mshould have all package.json commands registered (may have extras)
 [32mΓ£ô[39m extension/test/unit/extension-registration.test.ts[2m > [22mExtension registration - Command registration (Task 15)[2m > [22mSpecific command registrations[2m > [22mshould register "orchestra.openDashboard"
 [32mΓ£ô[39m extension/test/unit/extension-registration.test.ts[2m > [22mExtension registration - Command registration (Task 15)[2m > [22mSpecific command registrations[2m > [22mshould register "orchestra.refreshStatus"
 [32mΓ£ô[39m extension/test/unit/extension-registration.test.ts[2m > [22mExtension registration - Command registration (Task 15)[2m > [22mSpecific command registrations[2m > [22mshould register "orchestra.openSprintSettings"
 [32mΓ£ô[39m extension/test/unit/extension-registration.test.ts[2m > [22mExtension registration - Command registration (Task 15)[2m > [22mSpecific command registrations[2m > [22mshould register "orchestra.openTaskDetail"
 [32mΓ£ô[39m extension/test/unit/extension-registration.test.ts[2m > [22mExtension registration - Command registration (Task 15)[2m > [22mSpecific command registrations[2m > [22mshould register "orchestra.installMcpServers"
 [32mΓ£ô[39m extension/test/unit/extension-registration.test.ts[2m > [22mExtension registration - Command registration (Task 15)[2m > [22mSpecific command registrations[2m > [22mshould register "orchestra.initializeWorkspace"
 [32mΓ£ô[39m extension/test/unit/extension-registration.test.ts[2m > [22mExtension registration - Command registration (Task 15)[2m > [22mSpecific command registrations[2m > [22mshould register "orchestra.invokeOrchestrator"
 [32mΓ£ô[39m extension/test/unit/extension-registration.test.ts[2m > [22mExtension registration - Command registration (Task 15)[2m > [22mSpecific command registrations[2m > [22mshould register "orchestra.invokeImplementor"
 [32mΓ£ô[39m extension/test/unit/extension-registration.test.ts[2m > [22mExtension registration - Command registration (Task 15)[2m > [22mSpecific command registrations[2m > [22mshould register "orchestra.startTask"
 [32mΓ£ô[39m extension/test/unit/extension-registration.test.ts[2m > [22mExtension registration - Command registration (Task 15)[2m > [22mSpecific command registrations[2m > [22mshould register "orchestra.playTask"
 [32mΓ£ô[39m extension/test/unit/extension-registration.test.ts[2m > [22mExtension registration - Command registration (Task 15)[2m > [22mSpecific command registrations[2m > [22mshould register "orchestra.deEscalateTask"
 [32mΓ£ô[39m extension/test/unit/extension-registration.test.ts[2m > [22mExtension registration - Command registration (Task 15)[2m > [22mSpecific command registrations[2m > [22mshould register "orchestra.moveToGateCheck"
 [32mΓ£ô[39m extension/test/unit/extension-registration.test.ts[2m > [22mExtension registration - Command registration (Task 15)[2m > [22mSpecific command registrations[2m > [22mshould register "orchestra.moveToImplement"
 [32mΓ£ô[39m extension/test/unit/extension-registration.test.ts[2m > [22mExtension registration - Command registration (Task 15)[2m > [22mSpecific command registrations[2m > [22mshould register "orchestra.forceComplete"
 [32mΓ£ô[39m extension/test/unit/extension-registration.test.ts[2m > [22mExtension registration - Command registration (Task 15)[2m > [22mSpecific command registrations[2m > [22mshould register "orchestra.setActiveSprint"
 [32mΓ£ô[39m extension/test/unit/extension-registration.test.ts[2m > [22mExtension registration - Command registration (Task 15)[2m > [22mCommand registration patterns[2m > [22mshould use proper registerCommand syntax
 [32mΓ£ô[39m extension/test/unit/extension-registration.test.ts[2m > [22mExtension registration - Command registration (Task 15)[2m > [22mCommand registration patterns[2m > [22mshould log command registration completion
 [32mΓ£ô[39m extension/test/unit/extension-registration.test.ts[2m > [22mExtension registration - Command registration (Task 15)[2m > [22mCommand registration patterns[2m > [22mshould register commands within activate function
 [32mΓ£ô[39m extension/test/unit/extension-registration.test.ts[2m > [22mExtension registration - CurrentTaskViewProvider (Task 7)[2m > [22mimport statement[2m > [22mshould import CurrentTaskViewProvider from correct path
 [32mΓ£ô[39m extension/test/unit/extension-registration.test.ts[2m > [22mExtension registration - CurrentTaskViewProvider (Task 7)[2m > [22mprovider instantiation[2m > [22mshould instantiate CurrentTaskViewProvider with new keyword
 [32mΓ£ô[39m extension/test/unit/extension-registration.test.ts[2m > [22mExtension registration - CurrentTaskViewProvider (Task 7)[2m > [22mprovider instantiation[2m > [22mshould pass context.extensionUri as first parameter
 [32mΓ£ô[39m extension/test/unit/extension-registration.test.ts[2m > [22mExtension registration - CurrentTaskViewProvider (Task 7)[2m > [22mprovider instantiation[2m > [22mshould pass orchestraRoot as second parameter
 [32mΓ£ô[39m extension/test/unit/extension-registration.test.ts[2m > [22mExtension registration - CurrentTaskViewProvider (Task 7)[2m > [22mprovider instantiation[2m > [22mshould pass dbWatcher as third parameter
 [32mΓ£ô[39m extension/test/unit/extension-registration.test.ts[2m > [22mExtension registration - CurrentTaskViewProvider (Task 7)[2m > [22mwebview view registration[2m > [22mshould register with vscode.window.registerWebviewViewProvider
 [32mΓ£ô[39m extension/test/unit/extension-registration.test.ts[2m > [22mExtension registration - CurrentTaskViewProvider (Task 7)[2m > [22mwebview view registration[2m > [22mshould register with view ID "orchestra.currentTask"
 [32mΓ£ô[39m extension/test/unit/extension-registration.test.ts[2m > [22mExtension registration - CurrentTaskViewProvider (Task 7)[2m > [22mwebview view registration[2m > [22mshould pass currentTaskProvider as second parameter to registerWebviewViewProvider
 [32mΓ£ô[39m extension/test/unit/extension-registration.test.ts[2m > [22mExtension registration - CurrentTaskViewProvider (Task 7)[2m > [22msubscription management[2m > [22mshould add registration disposable to context.subscriptions
 [32mΓ£ô[39m extension/test/unit/extension-registration.test.ts[2m > [22mExtension registration - CurrentTaskViewProvider (Task 7)[2m > [22msubscription management[2m > [22mshould log successful registration
 [32mΓ£ô[39m extension/test/unit/extension-registration.test.ts[2m > [22mExtension registration - CurrentTaskViewProvider (Task 7)[2m > [22mplacement in activation sequence[2m > [22mshould register after DatabaseWatcher is created
 [32mΓ£ô[39m extension/test/unit/extension-registration.test.ts[2m > [22mExtension registration - CurrentTaskViewProvider (Task 7)[2m > [22mplacement in activation sequence[2m > [22mshould register before SprintTreeProvider
 [32mΓ£ô[39m extension/test/unit/extension-registration.test.ts[2m > [22mExtension registration - CurrentTaskViewProvider (Task 7)[2m > [22mdependency requirements[2m > [22mshould use extensionUri from context (not extensionPath)
 [32mΓ£ô[39m extension/test/unit/extension-registration.test.ts[2m > [22mExtension registration - CurrentTaskViewProvider (Task 7)[2m > [22mdependency requirements[2m > [22mshould use orchestraRoot (workspace root string)
 [32mΓ£ô[39m extension/test/unit/extension-registration.test.ts[2m > [22mExtension registration - CurrentTaskViewProvider (Task 7)[2m > [22mdependency requirements[2m > [22mshould use dbWatcher instance (not create new)
 [32mΓ£ô[39m extension/test/unit/extension-registration.test.ts[2m > [22mExtension registration - CurrentTaskViewProvider (Task 7)[2m > [22mcode comment and organization[2m > [22mshould include Task 7 reference in comment
 [32mΓ£ô[39m extension/test/unit/extension-registration.test.ts[2m > [22mExtension registration - CurrentTaskViewProvider (Task 7)[2m > [22mcode comment and organization[2m > [22mshould be in the correct section (after database watcher, with step 5b)
 [32mΓ£ô[39m extension/test/unit/extension-registration.test.ts[2m > [22mExtension registration - ContextFileResolver (Task 8)[2m > [22mimport statement[2m > [22mshould import ContextFileResolver from prompts/ContextFileResolver.js
 [32mΓ£ô[39m extension/test/unit/extension-registration.test.ts[2m > [22mExtension registration - ContextFileResolver (Task 8)[2m > [22mmodule-level variable[2m > [22mshould declare contextFileResolver variable with optional type
 [32mΓ£ô[39m extension/test/unit/extension-registration.test.ts[2m > [22mExtension registration - ContextFileResolver (Task 8)[2m > [22mgetContextFileResolver export function[2m > [22mshould export getContextFileResolver function
 [32mΓ£ô[39m extension/test/unit/extension-registration.test.ts[2m > [22mExtension registration - ContextFileResolver (Task 8)[2m > [22mgetContextFileResolver export function[2m > [22mshould return ContextFileResolver type
 [32mΓ£ô[39m extension/test/unit/extension-registration.test.ts[2m > [22mExtension registration - ContextFileResolver (Task 8)[2m > [22mgetContextFileResolver export function[2m > [22mshould throw error if not initialized
 [32mΓ£ô[39m extension/test/unit/extension-registration.test.ts[2m > [22mExtension registration - ContextFileResolver (Task 8)[2m > [22mgetContextFileResolver export function[2m > [22mshould return contextFileResolver instance when initialized
 [32mΓ£ô[39m extension/test/unit/extension-registration.test.ts[2m > [22mExtension registration - ContextFileResolver (Task 8)[2m > [22mactivation and instantiation[2m > [22mshould instantiate ContextFileResolver in activate function
 [32mΓ£ô[39m extension/test/unit/extension-registration.test.ts[2m > [22mExtension registration - ContextFileResolver (Task 8)[2m > [22mactivation and instantiation[2m > [22mshould pass orchestraRoot as constructor parameter
 [32mΓ£ô[39m extension/test/unit/extension-registration.test.ts[2m > [22mExtension registration - ContextFileResolver (Task 8)[2m > [22mactivation and instantiation[2m > [22mshould initialize after orchestraRoot is detected
 [32mΓ£ô[39m extension/test/unit/extension-registration.test.ts[2m > [22mExtension registration - ContextFileResolver (Task 8)[2m > [22mactivation and instantiation[2m > [22mshould log initialization
 [32mΓ£ô[39m extension/test/unit/extension-registration.test.ts[2m > [22mExtension registration - ContextFileResolver (Task 8)[2m > [22mactivation and instantiation[2m > [22mshould include Task 8 reference in comment
 [32mΓ£ô[39m extension/test/unit/agents/tools/system/runCommand.test.ts[2m > [22mrunCommand tool[2m > [22mexpect_failure flag[2m > [22mtreats non-zero exit as success when expect_failure is true
 [32mΓ£ô[39m extension/test/unit/agents/AgentRunner.test.ts[2m > [22mAgentRunner[2m > [22mtool call execution[2m > [22mshould retry failed tools and reset consecutiveErrors on success[33m 637[2mms[22m[39m
 [32mΓ£ô[39m extension/test/unit/chat/SessionManager.test.ts[2m > [22mSessionManager[2m > [22mintegration scenarios[2m > [22mshould handle orchestrator -> implementor -> orchestrator workflow[33m 854[2mms[22m[39m
 [32mΓ£ô[39m extension/test/unit/webviews/agent-panel/components/ToolCallComponents.test.ts[2m > [22mTool Call Components[2m > [22mToolIcon Component[2m > [22mshould be exported from barrel export[33m 1066[2mms[22m[39m
 [32mΓ£ô[39m extension/test/unit/webviews/agent-panel/components/ToolCallComponents.test.ts[2m > [22mTool Call Components[2m > [22mToolIcon Component[2m > [22mshould contain icon mapping for all tools
 [32mΓ£ô[39m extension/test/unit/webviews/agent-panel/components/ToolCallComponents.test.ts[2m > [22mTool Call Components[2m > [22mToolIcon Component[2m > [22mshould have default wrench icon fallback
 [32mΓ£ô[39m extension/test/unit/webviews/agent-panel/components/ToolCallComponents.test.ts[2m > [22mTool Call Components[2m > [22mToolIcon Component[2m > [22mshould use lucide icon set
 [32mΓ£ô[39m extension/test/unit/webviews/agent-panel/components/ToolCallComponents.test.ts[2m > [22mTool Call Components[2m > [22mFileOperationBadge Component[2m > [22mshould export FileOperationBadge component function
 [32mΓ£ô[39m extension/test/unit/webviews/agent-panel/components/ToolCallComponents.test.ts[2m > [22mTool Call Components[2m > [22mFileOperationBadge Component[2m > [22mshould map all 6 file operation types
 [32mΓ£ô[39m extension/test/unit/webviews/agent-panel/components/ToolCallComponents.test.ts[2m > [22mTool Call Components[2m > [22mFileOperationBadge Component[2m > [22mshould have icon mappings for each operation type
 [32mΓ£ô[39m extension/test/unit/webviews/agent-panel/components/ToolCallComponents.test.ts[2m > [22mTool Call Components[2m > [22mFileOperationBadge Component[2m > [22mshould have color mappings for each operation type
 [32mΓ£ô[39m extension/test/unit/webviews/agent-panel/components/ToolCallComponents.test.ts[2m > [22mTool Call Components[2m > [22mFileOperationBadge Component[2m > [22mshould handle target path for move/copy operations
 [32mΓ£ô[39m extension/test/unit/webviews/agent-panel/components/ToolCallComponents.test.ts[2m > [22mTool Call Components[2m > [22mFileOperationBadge Component[2m > [22mshould display line changes
 [32mΓ£ô[39m extension/test/unit/webviews/agent-panel/components/ToolCallComponents.test.ts[2m > [22mTool Call Components[2m > [22mStreamingOutput Component[2m > [22mshould export StreamingOutput component function
 [32mΓ£ô[39m extension/test/unit/webviews/agent-panel/components/ToolCallComponents.test.ts[2m > [22mTool Call Components[2m > [22mStreamingOutput Component[2m > [22mshould have 5-line preview limit constant
 [32mΓ£ô[39m extension/test/unit/webviews/agent-panel/components/ToolCallComponents.test.ts[2m > [22mTool Call Components[2m > [22mStreamingOutput Component[2m > [22mshould have 500-line maximum limit constant
 [32mΓ£ô[39m extension/test/unit/webviews/agent-panel/components/ToolCallComponents.test.ts[2m > [22mTool Call Components[2m > [22mStreamingOutput Component[2m > [22mshould have expand/collapse functionality
 [32mΓ£ô[39m extension/test/unit/webviews/agent-panel/components/ToolCallComponents.test.ts[2m > [22mTool Call Components[2m > [22mStreamingOutput Component[2m > [22mshould support stderr/stdout distinction via isStderr prop
 [32mΓ£ô[39m extension/test/unit/webviews/agent-panel/components/ToolCallComponents.test.ts[2m > [22mTool Call Components[2m > [22mStreamingOutput Component[2m > [22mshould accept outputChunks prop
 [32mΓ£ô[39m extension/test/unit/webviews/agent-panel/components/ToolCallComponents.test.ts[2m > [22mTool Call Components[2m > [22mStreamingOutput Component[2m > [22mshould show expand button with hidden line count
 [32mΓ£ô[39m extension/test/unit/webviews/agent-panel/components/ToolCallComponents.test.ts[2m > [22mTool Call Components[2m > [22mToolCallHeader Component[2m > [22mshould export ToolCallHeader component function
 [32mΓ£ô[39m extension/test/unit/webviews/agent-panel/components/ToolCallComponents.test.ts[2m > [22mTool Call Components[2m > [22mToolCallHeader Component[2m > [22mshould have formatDuration helper function with JSDoc
 [32mΓ£ô[39m extension/test/unit/webviews/agent-panel/components/ToolCallComponents.test.ts[2m > [22mTool Call Components[2m > [22mToolCallHeader Component[2m > [22mshould have formatTimestamp helper function with JSDoc
 [32mΓ£ô[39m extension/test/unit/webviews/agent-panel/components/ToolCallComponents.test.ts[2m > [22mTool Call Components[2m > [22mToolCallHeader Component[2m > [22mshould use ToolIcon component
 [32mΓ£ô[39m extension/test/unit/webviews/agent-panel/components/ToolCallComponents.test.ts[2m > [22mTool Call Components[2m > [22mToolCallHeader Component[2m > [22mshould have status color mappings for all statuses
 [32mΓ£ô[39m extension/test/unit/webviews/agent-panel/components/ToolCallComponents.test.ts[2m > [22mTool Call Components[2m > [22mToolCallHeader Component[2m > [22mshould display timestamp in HH:MM:SS format
 [32mΓ£ô[39m extension/test/unit/webviews/agent-panel/components/ToolCallComponents.test.ts[2m > [22mTool Call Components[2m > [22mToolCallHeader Component[2m > [22mshould display duration with smart formatting
 [32mΓ£ô[39m extension/test/unit/webviews/agent-panel/components/ToolCallComponents.test.ts[2m > [22mTool Call Components[2m > [22mToolCallCard Component[2m > [22mshould export ToolCallCard component function
 [32mΓ£ô[39m extension/test/unit/webviews/agent-panel/components/ToolCallComponents.test.ts[2m > [22mTool Call Components[2m > [22mToolCallCard Component[2m > [22mshould use ToolIcon and lucide icons for status
 [32mΓ£ô[39m extension/test/unit/webviews/agent-panel/components/ToolCallComponents.test.ts[2m > [22mTool Call Components[2m > [22mToolCallCard Component[2m > [22mshould reference JsonViewer/TerminalOutput for rendering details
 [32mΓ£ô[39m extension/test/unit/webviews/agent-panel/components/ToolCallComponents.test.ts[2m > [22mTool Call Components[2m > [22mToolCallCard Component[2m > [22mshould use TerminalOutput component
 [32mΓ£ô[39m extension/test/unit/webviews/agent-panel/components/ToolCallComponents.test.ts[2m > [22mTool Call Components[2m > [22mToolCallCard Component[2m > [22mshould have collapsible body with input/output tabs
 [32mΓ£ô[39m extension/test/unit/webviews/agent-panel/components/ToolCallComponents.test.ts[2m > [22mTool Call Components[2m > [22mToolCallCard Component[2m > [22mshould display status helper functions for progress/status
 [32mΓ£ô[39m extension/test/unit/webviews/agent-panel/components/ToolCallComponents.test.ts[2m > [22mTool Call Components[2m > [22mToolCallCard Component[2m > [22mshould display tool-call related information
 [32mΓ£ô[39m extension/test/unit/webviews/agent-panel/components/ToolCallComponents.test.ts[2m > [22mTool Call Components[2m > [22mToolCallCard Component[2m > [22mshould display streaming/terminal output when present
 [32mΓ£ô[39m extension/test/unit/webviews/agent-panel/components/ToolCallComponents.test.ts[2m > [22mTool Call Components[2m > [22mToolCallCard Component[2m > [22mshould have result footer for success/error status
 [32mΓ£ô[39m extension/test/unit/webviews/agent-panel/components/ToolCallComponents.test.ts[2m > [22mTool Call Components[2m > [22mToolCallCard Component[2m > [22mshould display error details and suggestions
 [32mΓ£ô[39m extension/test/unit/webviews/agent-panel/components/ToolCallComponents.test.ts[2m > [22mTool Call Components[2m > [22mToolCallCard Component[2m > [22mshould define ToolCallCardProps with a toolCall property
 [32mΓ£ô[39m extension/test/unit/webviews/agent-panel/components/ToolCallComponents.test.ts[2m > [22mTool Call Components[2m > [22mIntegration: Props and Types[2m > [22mshould use ToolCallAggregate type from sessions/types
 [32mΓ£ô[39m extension/test/unit/webviews/agent-panel/components/ToolCallComponents.test.ts[2m > [22mTool Call Components[2m > [22mIntegration: Props and Types[2m > [22mshould use FileOperation type from sessions/types
 [32mΓ£ô[39m extension/test/unit/webviews/agent-panel/components/ToolCallComponents.test.ts[2m > [22mTool Call Components[2m > [22mIntegration: Props and Types[2m > [22mshould all use Tailwind CSS styling
 [32mΓ£ô[39m extension/test/unit/webviews/agent-panel/components/ToolCallComponents.test.ts[2m > [22mTool Call Components[2m > [22mIntegration: Props and Types[2m > [22mshould all use @iconify-icon/solid for icons
 [32mΓ£ô[39m extension/test/unit/webviews/agent-panel/components/ToolCallComponents.test.ts[2m > [22mTool Call Components[2m > [22mIntegration: Props and Types[2m > [22mshould all use SolidJS primitives (Show, For, createSignal)
 [32mΓ£ô[39m extension/test/unit/webviews/agent-panel/components/ToolCallComponents.test.ts[2m > [22mTool Call Components[2m > [22mIntegration: Props and Types[2m > [22mshould all be exported from barrel export
 [32mΓ£ô[39m extension/test/unit/webviews/agent-panel/components/ToolCallComponents.test.ts[2m > [22mTool Call Components[2m > [22mType Safety: Component Props[2m > [22mToolIconProps should have toolName property
 [32mΓ£ô[39m extension/test/unit/webviews/agent-panel/components/ToolCallComponents.test.ts[2m > [22mTool Call Components[2m > [22mType Safety: Component Props[2m > [22mFileOperationBadgeProps should have operation property
 [32mΓ£ô[39m extension/test/unit/webviews/agent-panel/components/ToolCallComponents.test.ts[2m > [22mTool Call Components[2m > [22mType Safety: Component Props[2m > [22mStreamingOutputProps should have outputChunks and isStderr
 [32mΓ£ô[39m extension/test/unit/webviews/agent-panel/components/ToolCallComponents.test.ts[2m > [22mTool Call Components[2m > [22mType Safety: Component Props[2m > [22mToolCallHeaderProps should have toolCall property
 [32mΓ£ô[39m extension/test/unit/webviews/agent-panel/components/ToolCallComponents.test.ts[2m > [22mTool Call Components[2m > [22mType Safety: Component Props[2m > [22mToolCallCardProps should have toolCall and optional startCollapsed
 [32mΓ£ô[39m extension/test/unit/agents/tools/system/runCommand.test.ts[2m > [22mrunCommand tool[2m > [22mexpect_failure flag[2m > [22mdoes not cache failure when expect_failure is true[33m 313[2mms[22m[39m
 [32mΓ£ô[39m extension/test/unit/agents/AgentRunner.test.ts[2m > [22mAgentRunner[2m > [22mtool call execution[2m > [22mshould auto-escalate after five consecutive tool failures[33m 352[2mms[22m[39m
 [32mΓ£ô[39m extension/test/unit/agents/AgentRunner.test.ts[2m > [22mAgentRunner[2m > [22mmodel selection[2m > [22mshould get all models and find exact match
 [32mΓ£ô[39m extension/test/unit/agents/AgentRunner.test.ts[2m > [22mAgentRunner[2m > [22mmodel selection[2m > [22mshould return exact model match when available
 [32mΓ£ô[39m extension/test/unit/agents/AgentRunner.test.ts[2m > [22mAgentRunner[2m > [22mmodel selection[2m > [22mshould fall back to first available model when preferred not found
 [32mΓ£ô[39m extension/test/unit/agents/AgentRunner.test.ts[2m > [22mAgentRunner[2m > [22mmodel selection[2m > [22mshould fallback to first available when Claude not found
 [32mΓ£ô[39m extension/test/unit/agents/AgentRunner.test.ts[2m > [22mAgentRunner[2m > [22mmodel selection[2m > [22mshould throw general error when no models are available
 [32mΓ£ô[39m extension/test/unit/agents/AgentRunner.test.ts[2m > [22mAgentRunner[2m > [22mmodel selection[2m > [22mshould select orchestrator model for orchestrator role
 [32mΓ£ô[39m extension/test/unit/agents/AgentRunner.test.ts[2m > [22mAgentRunner[2m > [22mmodel selection[2m > [22mshould select implementor model for implementor role
 [32mΓ£ô[39m extension/test/unit/agents/AgentRunner.test.ts[2m > [22mAgentRunner[2m > [22mmodel selection[2m > [22mshould use model override if provided
 [32mΓ£ô[39m extension/test/unit/agents/tools/system/runCommand.test.ts[2m > [22mrunCommand tool[2m > [22mexpect_failure flag[2m > [22mbypasses duplicate detection for expect_failure commands
 [32mΓ£ô[39m extension/test/unit/agents/AgentRunner.test.ts[2m > [22mAgentRunner[2m > [22mmodel selection[2m > [22mshould throw error if no models available
 [32mΓ£ô[39m extension/test/unit/agents/AgentRunner.test.ts[2m > [22mAgentRunner[2m > [22medge cases[2m > [22mshould handle empty prompt
 [32mΓ£ô[39m extension/test/unit/agents/AgentRunner.test.ts[2m > [22mAgentRunner[2m > [22medge cases[2m > [22mshould handle very long prompt
 [32mΓ£ô[39m extension/test/unit/agents/AgentRunner.test.ts[2m > [22mAgentRunner[2m > [22medge cases[2m > [22mshould handle pause immediately after start
 [32mΓ£ô[39m extension/test/unit/agents/AgentRunner.test.ts[2m > [22mAgentRunner[2m > [22medge cases[2m > [22mshould handle stop immediately after start
 [32mΓ£ô[39m extension/test/unit/agents/tools/coding/validateEdit.test.ts[2m > [22mvalidateEdit[2m > [22mValid Content (FR-018)[2m > [22mreturns syntax_valid: true for valid JavaScript content[33m 1332[2mms[22m[39m
 [32mΓ£ô[39m test/unit/core/green-phase-verification.test.ts[2m > [22mGreen Phase Verification[2m > [22mloadLinkedRedTaskFiles[2m > [22mshould return test files from tdd_red_registry for a given red_task_id
 [32mΓ£ô[39m test/unit/core/green-phase-verification.test.ts[2m > [22mGreen Phase Verification[2m > [22mloadLinkedRedTaskFiles[2m > [22mshould return empty array when no files are registered for the red task
 [32mΓ£ô[39m test/unit/core/green-phase-verification.test.ts[2m > [22mGreen Phase Verification[2m > [22mloadLinkedRedTaskFiles[2m > [22mshould return files only for the specified red_task_id
 [32mΓ£ô[39m test/unit/core/green-phase-verification.test.ts[2m > [22mGreen Phase Verification[2m > [22mrunGreenPhaseVerification[2m > [22mshould pass when all linked tests pass (exit code 0)
 [32mΓ£ô[39m test/unit/core/green-phase-verification.test.ts[2m > [22mGreen Phase Verification[2m > [22mrunGreenPhaseVerification[2m > [22mshould fail with 'Linked red-phase tests still failing' when tests fail
 [32mΓ£ô[39m test/unit/core/green-phase-verification.test.ts[2m > [22mGreen Phase Verification[2m > [22mrunGreenPhaseVerification[2m > [22mshould call runTestsCore with specific file paths
 [32mΓ£ô[39m test/unit/core/green-phase-verification.test.ts[2m > [22mGreen Phase Verification[2m > [22mrunGreenPhaseVerification[2m > [22mshould skip test execution when skip is true
 [32mΓ£ô[39m test/unit/core/green-phase-verification.test.ts[2m > [22mGreen Phase Verification[2m > [22mrunGreenPhaseVerification[2m > [22mshould fail when no linked files provided
 [32mΓ£ô[39m test/unit/core/green-phase-verification.test.ts[2m > [22mGreen Phase Verification[2m > [22mrunGreenPhaseVerification[2m > [22mshould check promoted locations when original path doesn't exist
 [32mΓ£ô[39m test/unit/core/green-phase-verification.test.ts[2m > [22mGreen Phase Verification[2m > [22mrunPreSignalChecks with green phase[2m > [22mshould use green phase verification when greenPhase is true
 [32mΓ£ô[39m test/unit/core/green-phase-verification.test.ts[2m > [22mGreen Phase Verification[2m > [22mrunPreSignalChecks with green phase[2m > [22mshould fail when green phase tests fail
 [32mΓ£ô[39m test/unit/core/green-phase-verification.test.ts[2m > [22mGreen Phase Verification[2m > [22mrunPreSignalChecks with green phase[2m > [22mshould fall back to normal mode when greenPhase is false
 [32mΓ£ô[39m test/unit/core/green-phase-verification.test.ts[2m > [22mGreen Phase Verification[2m > [22mrunPreSignalChecks with green phase[2m > [22mshould accept PreSignalConfig with green phase fields
 [32mΓ£ô[39m test/unit/core/green-phase-verification.test.ts[2m > [22mGreen Phase Verification[2m > [22mcompleted_at update on green phase success[2m > [22mshould set completed_at on tdd_task_relationships when green phase passes
 [32mΓ£ô[39m test/unit/core/green-phase-verification.test.ts[2m > [22mGreen Phase Verification[2m > [22mcompleted_at update on green phase success[2m > [22mshould NOT set completed_at when green phase tests fail
 [32mΓ£ô[39m extension/test/unit/agents/tools/system/runCommand.test.ts[2m > [22mrunCommand tool[2m > [22mexpect_failure flag[2m > [22mstill reports timeout as failure even with expect_failure[33m 530[2mms[22m[39m
 [32mΓ£ô[39m extension/test/unit/chat/SessionManager.test.ts[2m > [22mSessionManager[2m > [22mintegration scenarios[2m > [22mshould allow multiple consecutive orchestrator calls[33m 863[2mms[22m[39m
 [32mΓ£ô[39m extension/test/unit/commands/deEscalation.test.ts[2m > [22mdeEscalation handlers[2m > [22mhandleDeEscalateTask[2m > [22mshould show error if no escalation record found
 [32mΓ£ô[39m extension/test/unit/commands/deEscalation.test.ts[2m > [22mdeEscalation handlers[2m > [22mhandleDeEscalateTask[2m > [22mshould handle user cancelling quick pick
 [32mΓ£ô[39m extension/test/unit/commands/deEscalation.test.ts[2m > [22mdeEscalation handlers[2m > [22mhandleDeEscalateTask[2m > [22mshould handle user cancelling input box
 [32mΓ£ô[39m extension/test/unit/commands/deEscalation.test.ts[2m > [22mdeEscalation handlers[2m > [22mhandleDeEscalateTask[2m > [22mshould successfully de-escalate task to VERIFY_FAILED
 [32mΓ£ô[39m extension/test/unit/commands/deEscalation.test.ts[2m > [22mdeEscalation handlers[2m > [22mhandleDeEscalateTask[2m > [22mshould successfully de-escalate task to PENDING
 [32mΓ£ô[39m extension/test/unit/commands/deEscalation.test.ts[2m > [22mdeEscalation handlers[2m > [22mhandleDeEscalateTask[2m > [22mshould successfully de-escalate task to GATE_CHECK
 [32mΓ£ô[39m extension/test/unit/commands/deEscalation.test.ts[2m > [22mdeEscalation handlers[2m > [22mhandleDeEscalateTask[2m > [22mshould handle errors gracefully
 [32mΓ£ô[39m extension/test/unit/commands/deEscalation.test.ts[2m > [22mdeEscalation handlers[2m > [22mhandleMoveToGateCheck[2m > [22mshould handle user cancelling confirmation
 [32mΓ£ô[39m extension/test/unit/commands/deEscalation.test.ts[2m > [22mdeEscalation handlers[2m > [22mhandleMoveToGateCheck[2m > [22mshould successfully move task to GATE_CHECK
 [32mΓ£ô[39m extension/test/unit/commands/deEscalation.test.ts[2m > [22mdeEscalation handlers[2m > [22mhandleMoveToGateCheck[2m > [22mshould handle errors gracefully
 [32mΓ£ô[39m extension/test/unit/commands/deEscalation.test.ts[2m > [22mdeEscalation handlers[2m > [22mhandleMoveToImplement[2m > [22mshould handle user cancelling confirmation
 [32mΓ£ô[39m extension/test/unit/commands/deEscalation.test.ts[2m > [22mdeEscalation handlers[2m > [22mhandleMoveToImplement[2m > [22mshould successfully move task to IMPLEMENT
 [32mΓ£ô[39m extension/test/unit/commands/deEscalation.test.ts[2m > [22mdeEscalation handlers[2m > [22mhandleMoveToImplement[2m > [22mshould handle errors gracefully
 [32mΓ£ô[39m extension/test/unit/commands/deEscalation.test.ts[2m > [22mdeEscalation handlers[2m > [22mhandleForceComplete[2m > [22mshould handle user cancelling justification input
 [32mΓ£ô[39m extension/test/unit/commands/deEscalation.test.ts[2m > [22mdeEscalation handlers[2m > [22mhandleForceComplete[2m > [22mshould handle user cancelling confirmation
 [32mΓ£ô[39m extension/test/unit/commands/deEscalation.test.ts[2m > [22mdeEscalation handlers[2m > [22mhandleForceComplete[2m > [22mshould successfully force-complete task
 [32mΓ£ô[39m extension/test/unit/commands/deEscalation.test.ts[2m > [22mdeEscalation handlers[2m > [22mhandleForceComplete[2m > [22mshould handle errors gracefully
 [32mΓ£ô[39m extension/test/unit/commands/deEscalation.test.ts[2m > [22mdeEscalation handlers[2m > [22mhandleForceComplete[2m > [22mshould validate justification length (input validation)
 [32mΓ£ô[39m extension/test/unit/commands/deEscalation.test.ts[2m > [22mdeEscalation handlers[2m > [22mintegration - dbWatcher parameter[2m > [22mshould work without dbWatcher (optional parameter)
 [32mΓ£ô[39m extension/test/unit/commands/deEscalation.test.ts[2m > [22mdeEscalation handlers[2m > [22mintegration - dbWatcher parameter[2m > [22mshould pass dbWatcher when provided
 [32mΓ£ô[39m test/unit/mcp-server/prepare-task-tdd.test.ts[2m > [22mprepare_task TDD Auto-Injection[2m > [22mshould inject TDD check when require_tests=true and category matches
 [32mΓ£ô[39m test/unit/core/command-validation.test.ts[2m > [22mcommand-validation[2m > [22merror constants[2m > [22mexports COMMAND_EMPTY constant
 [32mΓ£ô[39m test/unit/core/command-validation.test.ts[2m > [22mcommand-validation[2m > [22merror constants[2m > [22mexports EXECUTABLE_NOT_FOUND constant
 [32mΓ£ô[39m test/unit/core/command-validation.test.ts[2m > [22mcommand-validation[2m > [22merror constants[2m > [22mexports SCRIPT_NOT_FOUND constant
 [32mΓ£ô[39m test/unit/core/command-validation.test.ts[2m > [22mcommand-validation[2m > [22merror constants[2m > [22mexports WORKDIR_NOT_FOUND constant
 [32mΓ£ô[39m test/unit/core/command-validation.test.ts[2m > [22mcommand-validation[2m > [22merror constants[2m > [22mexports RUNNER_FLAG_INCOMPATIBLE constant
 [32mΓ£ô[39m test/unit/core/command-validation.test.ts[2m > [22mcommand-validation[2m > [22mvalidateBehavioralCommand[2m > [22mempty command validation[2m > [22mrejects empty string command
 [32mΓ£ô[39m test/unit/core/command-validation.test.ts[2m > [22mcommand-validation[2m > [22mvalidateBehavioralCommand[2m > [22mempty command validation[2m > [22mrejects whitespace-only command
 [32mΓ£ô[39m test/unit/core/command-validation.test.ts[2m > [22mcommand-validation[2m > [22mvalidateBehavioralCommand[2m > [22mempty command validation[2m > [22mrejects command with only tabs and newlines
 [32mΓ£ô[39m test/unit/core/command-validation.test.ts[2m > [22mcommand-validation[2m > [22mvalidateBehavioralCommand[2m > [22mexecutable validation[2m > [22mvalidates that npm exists (should pass on most systems)[33m 355[2mms[22m[39m
 [32mΓ£ô[39m test/unit/core/command-validation.test.ts[2m > [22mcommand-validation[2m > [22mvalidateBehavioralCommand[2m > [22mexecutable validation[2m > [22mdetects non-existent executable
 [32mΓ£ô[39m test/unit/core/command-validation.test.ts[2m > [22mcommand-validation[2m > [22mvalidateBehavioralCommand[2m > [22mexecutable validation[2m > [22mvalidates node exists (should pass on most systems)
 [32mΓ£ô[39m test/unit/core/command-validation.test.ts[2m > [22mcommand-validation[2m > [22mvalidateBehavioralCommand[2m > [22mexecutable validation[2m > [22mallows commands with executables not in common list
 [32mΓ£ô[39m test/unit/core/command-validation.test.ts[2m > [22mcommand-validation[2m > [22mvalidateBehavioralCommand[2m > [22mnpm script validation[2m > [22mvalidates npm script exists in package.json
 [32mΓ£ô[39m test/unit/core/command-validation.test.ts[2m > [22mcommand-validation[2m > [22mvalidateBehavioralCommand[2m > [22mnpm script validation[2m > [22mdetects missing npm script
 [32mΓ£ô[39m test/unit/core/command-validation.test.ts[2m > [22mcommand-validation[2m > [22mvalidateBehavioralCommand[2m > [22mnpm script validation[2m > [22mvalidates pnpm script exists
 [32mΓ£ô[39m test/unit/core/command-validation.test.ts[2m > [22mcommand-validation[2m > [22mvalidateBehavioralCommand[2m > [22mnpm script validation[2m > [22mvalidates yarn script exists
 [32mΓ£ô[39m test/unit/core/command-validation.test.ts[2m > [22mcommand-validation[2m > [22mvalidateBehavioralCommand[2m > [22mnpm script validation[2m > [22mdetects missing package.json for npm script
 [32mΓ£ô[39m test/unit/core/command-validation.test.ts[2m > [22mcommand-validation[2m > [22mvalidateBehavioralCommand[2m > [22mnpm script validation[2m > [22mhandles npm run with explicit run keyword
 [32mΓ£ô[39m test/unit/core/command-validation.test.ts[2m > [22mcommand-validation[2m > [22mvalidateBehavioralCommand[2m > [22mnpm script validation[2m > [22mhandles pnpm run with explicit run keyword
 [32mΓ£ô[39m test/unit/core/command-validation.test.ts[2m > [22mcommand-validation[2m > [22mvalidateBehavioralCommand[2m > [22mworking directory validation[2m > [22mvalidates existing working directory
 [32mΓ£ô[39m test/unit/core/command-validation.test.ts[2m > [22mcommand-validation[2m > [22mvalidateBehavioralCommand[2m > [22mworking directory validation[2m > [22mdetects non-existent working directory
 [32mΓ£ô[39m test/unit/core/command-validation.test.ts[2m > [22mcommand-validation[2m > [22mvalidateBehavioralCommand[2m > [22mworking directory validation[2m > [22mallows commands without working directory specified
 [32mΓ£ô[39m test/unit/core/command-validation.test.ts[2m > [22mcommand-validation[2m > [22mvalidateBehavioralCommand[2m > [22mnpm --prefix validation[2m > [22mvalidates --prefix directory exists
 [32mΓ£ô[39m test/unit/core/command-validation.test.ts[2m > [22mcommand-validation[2m > [22mvalidateBehavioralCommand[2m > [22mnpm --prefix validation[2m > [22mdetects non-existent --prefix directory
 [32mΓ£ô[39m test/unit/core/command-validation.test.ts[2m > [22mcommand-validation[2m > [22mvalidateBehavioralCommand[2m > [22mnpm --prefix validation[2m > [22mvalidates script in --prefix directory package.json
 [32mΓ£ô[39m test/unit/core/command-validation.test.ts[2m > [22mcommand-validation[2m > [22mvalidateBehavioralCommand[2m > [22mnpm --prefix validation[2m > [22mdetects missing script in --prefix directory[33m 354[2mms[22m[39m
 [32mΓ£ô[39m test/unit/core/command-validation.test.ts[2m > [22mcommand-validation[2m > [22mvalidateBehavioralCommand[2m > [22mpath segment validation[2m > [22mwarns about non-existent path segment
 [32mΓ£ô[39m test/unit/core/command-validation.test.ts[2m > [22mcommand-validation[2m > [22mvalidateBehavioralCommand[2m > [22mpath segment validation[2m > [22mvalidates existing path segment
 [32mΓ£ô[39m test/unit/core/command-validation.test.ts[2m > [22mcommand-validation[2m > [22mvalidateBehavioralCommand[2m > [22mpath segment validation[2m > [22mignores absolute paths in validation
 [32mΓ£ô[39m test/unit/core/command-validation.test.ts[2m > [22mcommand-validation[2m > [22mvalidateBehavioralCommand[2m > [22mpath segment validation[2m > [22mignores URLs in validation
 [32mΓ£ô[39m test/unit/core/command-validation.test.ts[2m > [22mcommand-validation[2m > [22mvalidateBehavioralCommand[2m > [22mpath segment validation[2m > [22mignores command flags in path validation
 [32mΓ£ô[39m test/unit/core/command-validation.test.ts[2m > [22mcommand-validation[2m > [22mvalidateBehavioralCommand[2m > [22medge cases[2m > [22mhandles command with multiple spaces
 [32mΓ£ô[39m test/unit/core/command-validation.test.ts[2m > [22mcommand-validation[2m > [22mvalidateBehavioralCommand[2m > [22medge cases[2m > [22mhandles command with leading/trailing spaces
 [32mΓ£ô[39m test/unit/core/command-validation.test.ts[2m > [22mcommand-validation[2m > [22mvalidateBehavioralCommand[2m > [22medge cases[2m > [22mhandles complex command with pipes and redirects
 [32mΓ£ô[39m test/unit/core/command-validation.test.ts[2m > [22mcommand-validation[2m > [22mvalidateBehavioralCommand[2m > [22medge cases[2m > [22mhandles command with environment variables
 [32mΓ£ô[39m test/unit/core/command-validation.test.ts[2m > [22mcommand-validation[2m > [22mvalidateBehavioralCommand[2m > [22medge cases[2m > [22mreturns empty errors and warnings arrays for valid command
 [32mΓ£ô[39m test/unit/core/command-validation.test.ts[2m > [22mcommand-validation[2m > [22mvalidateBehavioralCommand[2m > [22medge cases[2m > [22maccumulates multiple errors
 [32mΓ£ô[39m test/unit/core/command-validation.test.ts[2m > [22mcommand-validation[2m > [22mvalidateBehavioralCommand[2m > [22medge cases[2m > [22mhandles malformed package.json gracefully
 [32mΓ£ô[39m test/unit/core/command-validation.test.ts[2m > [22mcommand-validation[2m > [22mvalidateBehavioralCommand[2m > [22medge cases[2m > [22mhandles package.json without scripts field
 [32mΓ£ô[39m test/unit/core/command-validation.test.ts[2m > [22mcommand-validation[2m > [22mvalidateBehavioralCommand[2m > [22mvalidation result structure[2m > [22mreturns ValidationResult with correct structure
 [32mΓ£ô[39m test/unit/core/command-validation.test.ts[2m > [22mcommand-validation[2m > [22mvalidateBehavioralCommand[2m > [22mvalidation result structure[2m > [22merror objects have code and message
 [32mΓ£ô[39m test/unit/core/command-validation.test.ts[2m > [22mcommand-validation[2m > [22mvalidateBehavioralCommand[2m > [22mvalidation result structure[2m > [22mwarning objects have code and message
 [32mΓ£ô[39m test/unit/core/command-validation.test.ts[2m > [22mcommand-validation[2m > [22mvalidateBehavioralCommand[2m > [22msynchronous execution[2m > [22mreturns result immediately without Promise
 [32mΓ£ô[39m test/unit/core/command-validation.test.ts[2m > [22mcommand-validation[2m > [22mvalidateBehavioralCommand[2m > [22msynchronous execution[2m > [22mdoes not use async/await
 [32mΓ£ô[39m test/unit/core/command-validation.test.ts[2m > [22mcommand-validation[2m > [22mdetectRunner[2m > [22mdirect runner detection[2m > [22mdetects vitest from direct invocation
 [32mΓ£ô[39m test/unit/core/command-validation.test.ts[2m > [22mcommand-validation[2m > [22mdetectRunner[2m > [22mdirect runner detection[2m > [22mdetects jest from direct invocation
 [32mΓ£ô[39m test/unit/core/command-validation.test.ts[2m > [22mcommand-validation[2m > [22mdetectRunner[2m > [22mdirect runner detection[2m > [22mdetects flutter from 'flutter test' command
 [32mΓ£ô[39m test/unit/core/command-validation.test.ts[2m > [22mcommand-validation[2m > [22mdetectRunner[2m > [22mdirect runner detection[2m > [22mdetects pytest from direct invocation
 [32mΓ£ô[39m test/unit/core/command-validation.test.ts[2m > [22mcommand-validation[2m > [22mdetectRunner[2m > [22mdirect runner detection[2m > [22mdetects pytest from python -m pytest
 [32mΓ£ô[39m test/unit/core/command-validation.test.ts[2m > [22mcommand-validation[2m > [22mdetectRunner[2m > [22mdirect runner detection[2m > [22mdetects cargo test
 [32mΓ£ô[39m test/unit/core/command-validation.test.ts[2m > [22mcommand-validation[2m > [22mdetectRunner[2m > [22mnpx runner detection[2m > [22mdetects vitest from npx invocation
 [32mΓ£ô[39m test/unit/core/command-validation.test.ts[2m > [22mcommand-validation[2m > [22mdetectRunner[2m > [22mnpx runner detection[2m > [22mdetects jest from npx invocation
 [32mΓ£ô[39m test/unit/core/command-validation.test.ts[2m > [22mcommand-validation[2m > [22mdetectRunner[2m > [22mnpm script inspection[2m > [22mdetects vitest from npm script
 [32mΓ£ô[39m test/unit/core/command-validation.test.ts[2m > [22mcommand-validation[2m > [22mdetectRunner[2m > [22mnpm script inspection[2m > [22mdetects jest from npm script
 [32mΓ£ô[39m test/unit/core/command-validation.test.ts[2m > [22mcommand-validation[2m > [22mdetectRunner[2m > [22mnpm script inspection[2m > [22mdetects vitest from pnpm script
 [32mΓ£ô[39m test/unit/core/command-validation.test.ts[2m > [22mcommand-validation[2m > [22mdetectRunner[2m > [22mnpm script inspection[2m > [22mdetects jest from yarn script
 [32mΓ£ô[39m test/unit/core/command-validation.test.ts[2m > [22mcommand-validation[2m > [22mdetectRunner[2m > [22mnpm script inspection[2m > [22mdetects flutter from npm script
 [32mΓ£ô[39m test/unit/core/command-validation.test.ts[2m > [22mcommand-validation[2m > [22mdetectRunner[2m > [22mnpm script inspection[2m > [22mdetects pytest from npm script
 [32mΓ£ô[39m test/unit/core/command-validation.test.ts[2m > [22mcommand-validation[2m > [22mdetectRunner[2m > [22mnpm script inspection[2m > [22mreturns unknown for unrecognized npm script
 [32mΓ£ô[39m test/unit/core/command-validation.test.ts[2m > [22mcommand-validation[2m > [22mdetectRunner[2m > [22mnpm --prefix handling[2m > [22mdetects runner from --prefix directory package.json
 [32mΓ£ô[39m test/unit/core/command-validation.test.ts[2m > [22mcommand-validation[2m > [22mdetectRunner[2m > [22mnpm --prefix handling[2m > [22mdetects jest from --prefix directory
 [32mΓ£ô[39m test/unit/core/command-validation.test.ts[2m > [22mcommand-validation[2m > [22mdetectRunner[2m > [22medge cases[2m > [22mreturns unknown for unrecognized commands
 [32mΓ£ô[39m test/unit/core/command-validation.test.ts[2m > [22mcommand-validation[2m > [22mdetectRunner[2m > [22medge cases[2m > [22mreturns unknown when package.json doesn't exist
 [32mΓ£ô[39m test/unit/core/command-validation.test.ts[2m > [22mcommand-validation[2m > [22mdetectRunner[2m > [22medge cases[2m > [22mreturns unknown when script doesn't exist in package.json
 [32mΓ£ô[39m test/unit/core/command-validation.test.ts[2m > [22mcommand-validation[2m > [22mdetectRunner[2m > [22medge cases[2m > [22mhandles commands with extra whitespace
 [32mΓ£ô[39m test/unit/core/command-validation.test.ts[2m > [22mcommand-validation[2m > [22mcheckRunnerFlagCompatibility[2m > [22mflag constant exports[2m > [22mexports JEST_ONLY_FLAGS
 [32mΓ£ô[39m test/unit/core/command-validation.test.ts[2m > [22mcommand-validation[2m > [22mcheckRunnerFlagCompatibility[2m > [22mflag constant exports[2m > [22mexports VITEST_ONLY_FLAGS
 [32mΓ£ô[39m test/unit/core/command-validation.test.ts[2m > [22mcommand-validation[2m > [22mcheckRunnerFlagCompatibility[2m > [22mflag constant exports[2m > [22mexports FLUTTER_ONLY_FLAGS
 [32mΓ£ô[39m test/unit/core/command-validation.test.ts[2m > [22mcommand-validation[2m > [22mcheckRunnerFlagCompatibility[2m > [22mflag constant exports[2m > [22mexports PYTEST_ONLY_FLAGS
 [32mΓ£ô[39m test/unit/core/command-validation.test.ts[2m > [22mcommand-validation[2m > [22mcheckRunnerFlagCompatibility[2m > [22mflag constant exports[2m > [22mexports CARGO_ONLY_FLAGS
 [32mΓ£ô[39m test/unit/core/command-validation.test.ts[2m > [22mcommand-validation[2m > [22mcheckRunnerFlagCompatibility[2m > [22mJest flag rejection with Vitest[2m > [22mdetects --testPathIgnorePatterns with vitest
 [32mΓ£ô[39m test/unit/core/command-validation.test.ts[2m > [22mcommand-validation[2m > [22mcheckRunnerFlagCompatibility[2m > [22mJest flag rejection with Vitest[2m > [22mdetects --runInBand with vitest
 [32mΓ£ô[39m test/unit/core/command-validation.test.ts[2m > [22mcommand-validation[2m > [22mcheckRunnerFlagCompatibility[2m > [22mJest flag rejection with Vitest[2m > [22mdetects --detectOpenHandles with vitest
 [32mΓ£ô[39m test/unit/core/command-validation.test.ts[2m > [22mcommand-validation[2m > [22mcheckRunnerFlagCompatibility[2m > [22mJest flag rejection with Vitest[2m > [22mdetects --forceExit with vitest
 [32mΓ£ô[39m test/unit/core/command-validation.test.ts[2m > [22mcommand-validation[2m > [22mcheckRunnerFlagCompatibility[2m > [22mJest flag rejection with Vitest[2m > [22mdetects --watchAll with vitest
 [32mΓ£ô[39m test/unit/core/command-validation.test.ts[2m > [22mcommand-validation[2m > [22mcheckRunnerFlagCompatibility[2m > [22mJest flag rejection with Vitest[2m > [22mdetects multiple Jest flags with vitest
 [32mΓ£ô[39m test/unit/core/command-validation.test.ts[2m > [22mcommand-validation[2m > [22mcheckRunnerFlagCompatibility[2m > [22mVitest flag rejection with Jest[2m > [22mdetects --exclude with jest
 [32mΓ£ô[39m test/unit/core/command-validation.test.ts[2m > [22mcommand-validation[2m > [22mcheckRunnerFlagCompatibility[2m > [22mVitest flag rejection with Jest[2m > [22mdetects --pool with jest
 [32mΓ£ô[39m test/unit/core/command-validation.test.ts[2m > [22mcommand-validation[2m > [22mcheckRunnerFlagCompatibility[2m > [22mVitest flag rejection with Jest[2m > [22mdetects --poolOptions with jest
 [32mΓ£ô[39m test/unit/core/command-validation.test.ts[2m > [22mcommand-validation[2m > [22mcheckRunnerFlagCompatibility[2m > [22mVitest flag rejection with Jest[2m > [22mdetects multiple Vitest flags with jest
 [32mΓ£ô[39m test/unit/core/command-validation.test.ts[2m > [22mcommand-validation[2m > [22mcheckRunnerFlagCompatibility[2m > [22mFlutter flag rejection with other runners[2m > [22mdetects --tags with vitest
 [32mΓ£ô[39m test/unit/core/command-validation.test.ts[2m > [22mcommand-validation[2m > [22mcheckRunnerFlagCompatibility[2m > [22mFlutter flag rejection with other runners[2m > [22mdetects --exclude-tags with jest
 [32mΓ£ô[39m test/unit/core/command-validation.test.ts[2m > [22mcommand-validation[2m > [22mcheckRunnerFlagCompatibility[2m > [22mFlutter flag rejection with other runners[2m > [22mallows --tags with flutter
 [32mΓ£ô[39m test/unit/core/command-validation.test.ts[2m > [22mcommand-validation[2m > [22mcheckRunnerFlagCompatibility[2m > [22mPytest flag rejection with other runners[2m > [22mdetects -m with vitest
 [32mΓ£ô[39m test/unit/core/command-validation.test.ts[2m > [22mcommand-validation[2m > [22mcheckRunnerFlagCompatibility[2m > [22mPytest flag rejection with other runners[2m > [22mdetects -k with jest
 [32mΓ£ô[39m test/unit/core/command-validation.test.ts[2m > [22mcommand-validation[2m > [22mcheckRunnerFlagCompatibility[2m > [22mPytest flag rejection with other runners[2m > [22mdetects --ignore with vitest
 [32mΓ£ô[39m test/unit/core/command-validation.test.ts[2m > [22mcommand-validation[2m > [22mcheckRunnerFlagCompatibility[2m > [22mPytest flag rejection with other runners[2m > [22mallows pytest flags with pytest
 [32mΓ£ô[39m test/unit/core/command-validation.test.ts[2m > [22mcommand-validation[2m > [22mcheckRunnerFlagCompatibility[2m > [22mCargo flag rejection with other runners[2m > [22mdetects --lib with vitest
 [32mΓ£ô[39m test/unit/core/command-validation.test.ts[2m > [22mcommand-validation[2m > [22mcheckRunnerFlagCompatibility[2m > [22mCargo flag rejection with other runners[2m > [22mdetects --no-fail-fast with jest
 [32mΓ£ô[39m test/unit/core/command-validation.test.ts[2m > [22mcommand-validation[2m > [22mcheckRunnerFlagCompatibility[2m > [22mCargo flag rejection with other runners[2m > [22mallows cargo flags with cargo
 [32mΓ£ô[39m test/unit/core/command-validation.test.ts[2m > [22mcommand-validation[2m > [22mcheckRunnerFlagCompatibility[2m > [22munknown runner handling[2m > [22mreturns empty array for unknown runner
 [32mΓ£ô[39m test/unit/core/command-validation.test.ts[2m > [22mcommand-validation[2m > [22mcheckRunnerFlagCompatibility[2m > [22munknown runner handling[2m > [22mdoesn't validate flags when runner is unknown
 [32mΓ£ô[39m test/unit/core/command-validation.test.ts[2m > [22mcommand-validation[2m > [22mcheckRunnerFlagCompatibility[2m > [22mvalid flag combinations[2m > [22mallows valid vitest flags
 [32mΓ£ô[39m test/unit/core/command-validation.test.ts[2m > [22mcommand-validation[2m > [22mcheckRunnerFlagCompatibility[2m > [22mvalid flag combinations[2m > [22mallows valid jest flags
 [32mΓ£ô[39m test/unit/core/command-validation.test.ts[2m > [22mcommand-validation[2m > [22mcheckRunnerFlagCompatibility[2m > [22mvalid flag combinations[2m > [22mallows valid flutter flags
 [32mΓ£ô[39m test/unit/core/command-validation.test.ts[2m > [22mcommand-validation[2m > [22mcheckRunnerFlagCompatibility[2m > [22mvalid flag combinations[2m > [22mallows valid pytest flags
 [32mΓ£ô[39m test/unit/core/command-validation.test.ts[2m > [22mcommand-validation[2m > [22mcheckRunnerFlagCompatibility[2m > [22mvalid flag combinations[2m > [22mallows valid cargo flags
 [32mΓ£ô[39m test/unit/core/command-validation.test.ts[2m > [22mcommand-validation[2m > [22mcheckRunnerFlagCompatibility[2m > [22medge cases[2m > [22mhandles empty command
 [32mΓ£ô[39m test/unit/core/command-validation.test.ts[2m > [22mcommand-validation[2m > [22mcheckRunnerFlagCompatibility[2m > [22medge cases[2m > [22mhandles command without flags
 [32mΓ£ô[39m test/unit/core/command-validation.test.ts[2m > [22mcommand-validation[2m > [22mcheckRunnerFlagCompatibility[2m > [22medge cases[2m > [22mdoesn't match partial flag names
 [32mΓ£ô[39m test/unit/core/command-validation.test.ts[2m > [22mcommand-validation[2m > [22mcheckRunnerFlagCompatibility[2m > [22medge cases[2m > [22mmatches flags with = assignment
 [32mΓ£ô[39m test/unit/core/command-validation.test.ts[2m > [22mcommand-validation[2m > [22mcheckRunnerFlagCompatibility[2m > [22medge cases[2m > [22mmatches flags with space-separated values
 [32mΓ£ô[39m test/unit/core/command-validation.test.ts[2m > [22mcommand-validation[2m > [22mvalidateBehavioralCommand with runner flag checking[2m > [22mintegration with runner detection[2m > [22mrejects Jest flags when runner is Vitest
 [32mΓ£ô[39m test/unit/core/command-validation.test.ts[2m > [22mcommand-validation[2m > [22mvalidateBehavioralCommand with runner flag checking[2m > [22mintegration with runner detection[2m > [22mrejects Vitest flags when runner is Jest
 [32mΓ£ô[39m test/unit/core/command-validation.test.ts[2m > [22mcommand-validation[2m > [22mvalidateBehavioralCommand with runner flag checking[2m > [22mintegration with runner detection[2m > [22mrejects multiple incompatible flags
 [32mΓ£ô[39m test/unit/core/command-validation.test.ts[2m > [22mcommand-validation[2m > [22mvalidateBehavioralCommand with runner flag checking[2m > [22mdirect runner invocation validation[2m > [22mrejects Jest flags with direct vitest invocation
 [32mΓ£ô[39m test/unit/core/command-validation.test.ts[2m > [22mcommand-validation[2m > [22mvalidateBehavioralCommand with runner flag checking[2m > [22mdirect runner invocation validation[2m > [22mrejects Vitest flags with direct jest invocation
 [32mΓ£ô[39m test/unit/core/command-validation.test.ts[2m > [22mcommand-validation[2m > [22mvalidateBehavioralCommand with runner flag checking[2m > [22mdirect runner invocation validation[2m > [22mrejects incompatible flags with flutter test[33m 329[2mms[22m[39m
 [32mΓ£ô[39m test/unit/core/command-validation.test.ts[2m > [22mcommand-validation[2m > [22mvalidateBehavioralCommand with runner flag checking[2m > [22mdirect runner invocation validation[2m > [22mrejects incompatible flags with pytest
 [32mΓ£ô[39m test/unit/core/command-validation.test.ts[2m > [22mcommand-validation[2m > [22mvalidateBehavioralCommand with runner flag checking[2m > [22mdirect runner invocation validation[2m > [22mrejects incompatible flags with cargo test[33m 302[2mms[22m[39m
 [32mΓ£ô[39m test/unit/core/command-validation.test.ts[2m > [22mcommand-validation[2m > [22mvalidateBehavioralCommand with runner flag checking[2m > [22mvalid flag combinations[2m > [22mallows valid Vitest flags
 [32mΓ£ô[39m test/unit/core/command-validation.test.ts[2m > [22mcommand-validation[2m > [22mvalidateBehavioralCommand with runner flag checking[2m > [22mvalid flag combinations[2m > [22mallows valid Jest flags
 [32mΓ£ô[39m test/unit/core/command-validation.test.ts[2m > [22mcommand-validation[2m > [22mvalidateBehavioralCommand with runner flag checking[2m > [22mvalid flag combinations[2m > [22mallows valid Flutter flags
 [32mΓ£ô[39m test/unit/core/command-validation.test.ts[2m > [22mcommand-validation[2m > [22mvalidateBehavioralCommand with runner flag checking[2m > [22mvalid flag combinations[2m > [22mallows valid Pytest flags
 [32mΓ£ô[39m test/unit/core/command-validation.test.ts[2m > [22mcommand-validation[2m > [22mvalidateBehavioralCommand with runner flag checking[2m > [22mvalid flag combinations[2m > [22mallows valid Cargo flags
 [32mΓ£ô[39m test/unit/core/command-validation.test.ts[2m > [22mcommand-validation[2m > [22mvalidateBehavioralCommand with runner flag checking[2m > [22munknown runner handling[2m > [22mskips flag validation for unknown runners
 [32mΓ£ô[39m test/unit/core/command-validation.test.ts[2m > [22mcommand-validation[2m > [22mvalidateBehavioralCommand with runner flag checking[2m > [22munknown runner handling[2m > [22mskips flag validation when package.json doesn't exist
 [32mΓ£ô[39m test/unit/core/command-validation.test.ts[2m > [22mcommand-validation[2m > [22mvalidateBehavioralCommand with runner flag checking[2m > [22mcombined validation[2m > [22maccumulates multiple error types
 [32mΓ£ô[39m test/unit/core/command-validation.test.ts[2m > [22mcommand-validation[2m > [22mvalidateBehavioralCommand with runner flag checking[2m > [22mcombined validation[2m > [22mvalidates all checks when flags are compatible
 [32mΓ£ô[39m extension/test/unit/views/webview/currentTaskTemplate.test.ts[2m > [22mcurrentTaskTemplate[2m > [22mgenerateCurrentTaskHtml[2m > [22mshould generate valid HTML structure
 [32mΓ£ô[39m extension/test/unit/views/webview/currentTaskTemplate.test.ts[2m > [22mcurrentTaskTemplate[2m > [22mgenerateCurrentTaskHtml[2m > [22mshould include Content Security Policy
 [32mΓ£ô[39m extension/test/unit/views/webview/currentTaskTemplate.test.ts[2m > [22mcurrentTaskTemplate[2m > [22mgenerateCurrentTaskHtml[2m > [22mshould include task title in HTML
 [32mΓ£ô[39m extension/test/unit/views/webview/currentTaskTemplate.test.ts[2m > [22mcurrentTaskTemplate[2m > [22mgenerateCurrentTaskHtml[2m > [22mshould include task ID
 [32mΓ£ô[39m extension/test/unit/views/webview/currentTaskTemplate.test.ts[2m > [22mcurrentTaskTemplate[2m > [22mgenerateCurrentTaskHtml[2m > [22mshould include task description
 [32mΓ£ô[39m extension/test/unit/views/webview/currentTaskTemplate.test.ts[2m > [22mcurrentTaskTemplate[2m > [22mgenerateCurrentTaskHtml[2m > [22mshould include status display
 [32mΓ£ô[39m extension/test/unit/views/webview/currentTaskTemplate.test.ts[2m > [22mcurrentTaskTemplate[2m > [22mgenerateCurrentTaskHtml[2m > [22mshould include task metadata as pills
 [32mΓ£ô[39m extension/test/unit/views/webview/currentTaskTemplate.test.ts[2m > [22mcurrentTaskTemplate[2m > [22mgenerateCurrentTaskHtml[2m > [22mshould include action buttons with context-sensitive label
 [32mΓ£ô[39m extension/test/unit/views/webview/currentTaskTemplate.test.ts[2m > [22mcurrentTaskTemplate[2m > [22mgenerateCurrentTaskHtml[2m > [22mshould render no-task placeholder when taskData is null
 [32mΓ£ô[39m extension/test/unit/views/webview/currentTaskTemplate.test.ts[2m > [22mcurrentTaskTemplate[2m > [22mgenerateCurrentTaskHtml[2m > [22mshould escape HTML in task data
 [32mΓ£ô[39m extension/test/unit/views/webview/currentTaskTemplate.test.ts[2m > [22mcurrentTaskTemplate[2m > [22mCSS Variables[2m > [22mshould use --vscode-font-family
 [32mΓ£ô[39m extension/test/unit/views/webview/currentTaskTemplate.test.ts[2m > [22mcurrentTaskTemplate[2m > [22mCSS Variables[2m > [22mshould use --vscode-font-size
 [32mΓ£ô[39m extension/test/unit/views/webview/currentTaskTemplate.test.ts[2m > [22mcurrentTaskTemplate[2m > [22mCSS Variables[2m > [22mshould use --vscode-foreground
 [32mΓ£ô[39m extension/test/unit/views/webview/currentTaskTemplate.test.ts[2m > [22mcurrentTaskTemplate[2m > [22mCSS Variables[2m > [22mshould use --vscode-editor-background
 [32mΓ£ô[39m extension/test/unit/views/webview/currentTaskTemplate.test.ts[2m > [22mcurrentTaskTemplate[2m > [22mCSS Variables[2m > [22mshould use --vscode-panel-border
 [32mΓ£ô[39m extension/test/unit/views/webview/currentTaskTemplate.test.ts[2m > [22mcurrentTaskTemplate[2m > [22mCSS Variables[2m > [22mshould use --vscode-button-background
 [32mΓ£ô[39m extension/test/unit/views/webview/currentTaskTemplate.test.ts[2m > [22mcurrentTaskTemplate[2m > [22mCSS Variables[2m > [22mshould use --vscode-button-foreground
 [32mΓ£ô[39m extension/test/unit/views/webview/currentTaskTemplate.test.ts[2m > [22mcurrentTaskTemplate[2m > [22mCSS Variables[2m > [22mshould use --vscode-button-hoverBackground
 [32mΓ£ô[39m extension/test/unit/views/webview/currentTaskTemplate.test.ts[2m > [22mcurrentTaskTemplate[2m > [22mCSS Variables[2m > [22mshould use --vscode-descriptionForeground
 [32mΓ£ô[39m extension/test/unit/views/webview/currentTaskTemplate.test.ts[2m > [22mcurrentTaskTemplate[2m > [22mCSS Variables[2m > [22mshould use --vscode-textLink-foreground
 [32mΓ£ô[39m extension/test/unit/views/webview/currentTaskTemplate.test.ts[2m > [22mcurrentTaskTemplate[2m > [22mCSS Variables[2m > [22mshould use secondary button variables
 [32mΓ£ô[39m extension/test/unit/views/webview/currentTaskTemplate.test.ts[2m > [22mcurrentTaskTemplate[2m > [22mTemplate Structure[2m > [22mshould have container div with id content
 [32mΓ£ô[39m extension/test/unit/views/webview/currentTaskTemplate.test.ts[2m > [22mcurrentTaskTemplate[2m > [22mTemplate Structure[2m > [22mshould have task-card div for active task
 [32mΓ£ô[39m extension/test/unit/views/webview/currentTaskTemplate.test.ts[2m > [22mcurrentTaskTemplate[2m > [22mTemplate Structure[2m > [22mshould have task-header with task ID and status pill
 [32mΓ£ô[39m extension/test/unit/views/webview/currentTaskTemplate.test.ts[2m > [22mcurrentTaskTemplate[2m > [22mTemplate Structure[2m > [22mshould have task-title div
 [32mΓ£ô[39m extension/test/unit/views/webview/currentTaskTemplate.test.ts[2m > [22mcurrentTaskTemplate[2m > [22mTemplate Structure[2m > [22mshould have task-description div
 [32mΓ£ô[39m extension/test/unit/views/webview/currentTaskTemplate.test.ts[2m > [22mcurrentTaskTemplate[2m > [22mTemplate Structure[2m > [22mshould have task header with pills
 [32mΓ£ô[39m extension/test/unit/views/webview/currentTaskTemplate.test.ts[2m > [22mcurrentTaskTemplate[2m > [22mTemplate Structure[2m > [22mshould have action-buttons container
 [32mΓ£ô[39m extension/test/unit/views/webview/currentTaskTemplate.test.ts[2m > [22mcurrentTaskTemplate[2m > [22mTemplate Structure[2m > [22mshould have no-task div when no task active
 [32mΓ£ô[39m extension/test/unit/views/webview/currentTaskTemplate.test.ts[2m > [22mcurrentTaskTemplate[2m > [22mJavaScript[2m > [22mshould include vscode API acquisition
 [32mΓ£ô[39m extension/test/unit/views/webview/currentTaskTemplate.test.ts[2m > [22mcurrentTaskTemplate[2m > [22mJavaScript[2m > [22mshould include message listener
 [32mΓ£ô[39m extension/test/unit/views/webview/currentTaskTemplate.test.ts[2m > [22mcurrentTaskTemplate[2m > [22mJavaScript[2m > [22mshould include updateContent function
 [32mΓ£ô[39m extension/test/unit/views/webview/currentTaskTemplate.test.ts[2m > [22mcurrentTaskTemplate[2m > [22mJavaScript[2m > [22mshould include openTask function
 [32mΓ£ô[39m extension/test/unit/views/webview/currentTaskTemplate.test.ts[2m > [22mcurrentTaskTemplate[2m > [22mJavaScript[2m > [22mshould include signalCompletion function
 [32mΓ£ô[39m extension/test/unit/views/webview/currentTaskTemplate.test.ts[2m > [22mcurrentTaskTemplate[2m > [22mJavaScript[2m > [22mshould include refresh function
 [32mΓ£ô[39m extension/test/unit/views/webview/currentTaskTemplate.test.ts[2m > [22mcurrentTaskTemplate[2m > [22mJavaScript[2m > [22mshould include escapeHtml function
 [32mΓ£ô[39m extension/test/unit/views/webview/currentTaskTemplate.test.ts[2m > [22mcurrentTaskTemplate[2m > [22mJavaScript[2m > [22mshould post messages to vscode API
 [32mΓ£ô[39m extension/test/unit/views/webview/currentTaskTemplate.test.ts[2m > [22mcurrentTaskTemplate[2m > [22mResponsive Layout[2m > [22mshould use flexbox for layout
 [32mΓ£ô[39m extension/test/unit/views/webview/currentTaskTemplate.test.ts[2m > [22mcurrentTaskTemplate[2m > [22mResponsive Layout[2m > [22mshould use gap for spacing
 [32mΓ£ô[39m extension/test/unit/views/webview/currentTaskTemplate.test.ts[2m > [22mcurrentTaskTemplate[2m > [22mResponsive Layout[2m > [22mshould use padding for container
 [32mΓ£ô[39m extension/test/unit/views/webview/currentTaskTemplate.test.ts[2m > [22mcurrentTaskTemplate[2m > [22mResponsive Layout[2m > [22mshould use border-radius for rounded corners
 [32mΓ£ô[39m extension/test/unit/views/webview/currentTaskTemplate.test.ts[2m > [22mcurrentTaskTemplate[2m > [22mStatus Display Integration[2m > [22mshould render status icon from statusDisplay
 [32mΓ£ô[39m extension/test/unit/views/webview/currentTaskTemplate.test.ts[2m > [22mcurrentTaskTemplate[2m > [22mStatus Display Integration[2m > [22mshould render status label from statusDisplay
 [32mΓ£ô[39m extension/test/unit/views/webview/currentTaskTemplate.test.ts[2m > [22mcurrentTaskTemplate[2m > [22mStatus Display Integration[2m > [22mshould handle different status displays
 [32mΓ£ô[39m extension/test/unit/views/webview/currentTaskTemplate.test.ts[2m > [22mcurrentTaskTemplate[2m > [22mCode Review Action Integration[2m > [22mshould show code review action for completed tasks
 [32mΓ£ô[39m extension/test/unit/views/webview/currentTaskTemplate.test.ts[2m > [22mcurrentTaskTemplate[2m > [22mCode Review Action Integration[2m > [22mshould not show code review action for non-completed tasks
 [32mΓ£ô[39m extension/test/unit/views/webview/currentTaskTemplate.test.ts[2m > [22mcurrentTaskTemplate[2m > [22mCode Review Action Integration[2m > [22mshould include runCodeReview function in JavaScript
 [32mΓ£ô[39m extension/test/unit/views/webview/currentTaskTemplate.test.ts[2m > [22mcurrentTaskTemplate[2m > [22mCode Review Action Integration[2m > [22mshould call postMessage with runCodeReview command
 [32mΓ£ô[39m extension/test/unit/views/webview/currentTaskTemplate.test.ts[2m > [22mcurrentTaskTemplate[2m > [22mCode Review Action Integration[2m > [22mshould pass taskId to runCodeReview command
 [32mΓ£ô[39m extension/test/unit/views/webview/currentTaskTemplate.test.ts[2m > [22mcurrentTaskTemplate[2m > [22mCode Review Action Integration[2m > [22mshould allow re-review even if already reviewed
 [32mΓ£ô[39m extension/test/unit/views/webview/currentTaskTemplate.test.ts[2m > [22mcurrentTaskTemplate[2m > [22mCode Review Action Integration[2m > [22mshould use appropriate icon for code review button
 [32mΓ£ô[39m extension/test/unit/views/webview/currentTaskTemplate.test.ts[2m > [22mcurrentTaskTemplate[2m > [22mCode Review Action Integration[2m > [22mshould style code review button as secondary action
 [32mΓ£ô[39m extension/test/unit/views/webview/currentTaskTemplate.test.ts[2m > [22mcurrentTaskTemplate[2m > [22mCode Review Action Integration[2m > [22mshould show single-task scope in button label
 [32mΓ£ô[39m extension/test/unit/views/webview/currentTaskTemplate.test.ts[2m > [22mcurrentTaskTemplate[2m > [22mCode Review Action Integration[2m > [22mshould not require justification for re-review
 [32mΓ£ô[39m test/unit/mcp-server/prepare-task-tdd.test.ts[2m > [22mprepare_task TDD Auto-Injection[2m > [22mshould NOT inject TDD check when require_tests=false
 [32mΓ£ô[39m test/unit/mcp-server/signal-completion.test.ts[2m > [22msignal_completion handler[2m > [22mtdd_red_phase propagation[2m > [22mshould pass tddRedPhase=true to pre-signal config when task has tdd_red_phase=true
 [32mΓ£ô[39m extension/test/unit/chat/SessionManager.test.ts[2m > [22mSessionManager[2m > [22mintegration scenarios[2m > [22mshould allow multiple consecutive implementor calls[33m 421[2mms[22m[39m
 [32mΓ£ô[39m extension/test/unit/chat/SessionManager.test.ts[2m > [22mSessionManager[2m > [22mfindTabByLabel[2m > [22mshould find tab by exact label match
 [32mΓ£ô[39m extension/test/unit/chat/SessionManager.test.ts[2m > [22mSessionManager[2m > [22mfindTabByLabel[2m > [22mshould return null when tab is not found
 [32mΓ£ô[39m extension/test/unit/chat/SessionManager.test.ts[2m > [22mSessionManager[2m > [22mfindTabByLabel[2m > [22mshould search across multiple tab groups
 [32mΓ£ô[39m extension/test/unit/chat/SessionManager.test.ts[2m > [22mSessionManager[2m > [22mfindTabByLabel[2m > [22mshould return first match when multiple tabs have same label
 [32mΓ£ô[39m extension/test/unit/chat/SessionManager.test.ts[2m > [22mSessionManager[2m > [22mfindTabByLabel[2m > [22mshould use exact match, not partial match
 [32mΓ£ô[39m extension/test/unit/chat/SessionManager.test.ts[2m > [22mSessionManager[2m > [22mfindTabByLabel[2m > [22mshould return null when tabGroups.all is empty
 [32mΓ£ô[39m extension/test/unit/chat/SessionManager.test.ts[2m > [22mSessionManager[2m > [22mfindTabByLabel[2m > [22mshould return null when all tab groups have empty tabs
 [32mΓ£ô[39m extension/test/unit/chat/SessionManager.test.ts[2m > [22mSessionManager[2m > [22mpromptUserToSelectSession[2m > [22mshould show initial info message to user
 [32mΓ£ô[39m extension/test/unit/views/agent/AgentOutputPanel.test.ts[2m > [22mAgentOutputPanel[2m > [22mshould create a panel via createOrShow
 [32mΓ£ô[39m extension/test/unit/views/agent/AgentOutputPanel.test.ts[2m > [22mAgentOutputPanel[2m > [22mshould reuse the existing panel
 [32mΓ£ô[39m extension/test/unit/views/agent/AgentOutputPanel.test.ts[2m > [22mAgentOutputPanel[2m > [22mshould queue messages until webview is ready
 [32mΓ£ô[39m extension/test/unit/views/agent/AgentOutputPanel.test.ts[2m > [22mAgentOutputPanel[2m > [22mshould batch messages within the interval
 [32mΓ£ô[39m extension/test/unit/views/agent/AgentOutputPanel.test.ts[2m > [22mAgentOutputPanel[2m > [22mshould prune items beyond the max count
 [32mΓ£ô[39m extension/test/unit/views/agent/AgentOutputPanel.test.ts[2m > [22mAgentOutputPanel[2m > [22mshould hide thinking output when verbosity is minimal
 [32mΓ£ô[39m extension/test/unit/views/agent/AgentOutputPanel.test.ts[2m > [22mAgentOutputPanel[2m > [22mshould show thinking output when verbosity is normal
 [32mΓ£ô[39m extension/test/unit/views/agent/AgentOutputPanel.test.ts[2m > [22mAgentOutputPanel[2m > [22mshould show thinking output when verbosity is detailed
 [32mΓ£ô[39m extension/test/unit/views/agent/AgentOutputPanel.test.ts[2m > [22mAgentOutputPanel[2m > [22mshould include debug metadata when verbosity is debug
 [32mΓ£ô[39m extension/test/unit/views/agent/AgentOutputPanel.test.ts[2m > [22mAgentOutputPanel[2m > [22mshould strip debug metadata when verbosity is not debug
 [32mΓ£ô[39m extension/test/unit/views/agent/AgentOutputPanel.test.ts[2m > [22mAgentOutputPanel[2m > [22mshould route pause message to AgentRunner.pause
 [32mΓ£ô[39m extension/test/unit/views/agent/AgentOutputPanel.test.ts[2m > [22mAgentOutputPanel[2m > [22mshould route resume message to AgentRunner.resume
 [32mΓ£ô[39m extension/test/unit/views/agent/AgentOutputPanel.test.ts[2m > [22mAgentOutputPanel[2m > [22mshould route stop message to AgentRunner.stop
 [32mΓ£ô[39m extension/test/unit/views/agent/AgentOutputPanel.test.ts[2m > [22mAgentOutputPanel[2m > [22mshould route redirect message to AgentRunner.redirect
 [32mΓ£ô[39m extension/test/unit/views/agent/AgentOutputPanel.test.ts[2m > [22mAgentOutputPanel[2m > [22mshould show errors when control action fails
 [32mΓ£ô[39m extension/test/unit/views/agent/AgentOutputPanel.test.ts[2m > [22mAgentOutputPanel[2m > [22mshould update status when runner state changes
 [32mΓ£ô[39m extension/test/unit/views/agent/AgentOutputPanel.test.ts[2m > [22mgenerateAgentOutputHtml[2m > [22mshould render thinking, tool call, and tool result items
 [32mΓ£ô[39m extension/test/unit/views/agent/AgentOutputPanel.test.ts[2m > [22mgenerateAgentOutputHtml[2m > [22mshould render debug metadata when provided
 [32mΓ£ô[39m extension/test/unit/views/agent/AgentOutputPanel.test.ts[2m > [22mgenerateAgentOutputHtml[2m > [22mshould include CSP and styles
 [32mΓ£ô[39m extension/test/unit/views/agent/AgentOutputPanel.test.ts[2m > [22mgenerateAgentOutputHtml[2m > [22mshould render control buttons and redirect input
 [32mΓ£ô[39m extension/test/unit/views/agent/AgentOutputPanel.test.ts[2m > [22mgenerateAgentOutputHtml[2m > [22mshould post messages for control actions
 [32mΓ£ô[39m extension/test/unit/views/agent/AgentOutputPanel.test.ts[2m > [22mgenerateAgentOutputHtml[2m > [22mshould window initial render for large item sets
 [32mΓ£ô[39m extension/test/unit/agents/tools/system/runCommand.test.ts[2m > [22mrunCommand tool[2m > [22mresetFailedCommandCache[2m > [22mallows retrying a failed command after cache reset[33m 520[2mms[22m[39m
 [32mΓ£ô[39m extension/test/unit/agents/tools/system/runCommand.test.ts[2m > [22mrunCommand tool[2m > [22mTest Command Interception[2m > [22mblocks 'npm test' with TEST_COMMAND_BLOCKED error
 [32mΓ£ô[39m extension/test/unit/agents/tools/system/runCommand.test.ts[2m > [22mrunCommand tool[2m > [22mTest Command Interception[2m > [22mblocks 'npx vitest run' with TEST_COMMAND_BLOCKED error
 [32mΓ£ô[39m test/unit/mcp-server/signal-completion.test.ts[2m > [22msignal_completion handler[2m > [22mtdd_red_phase propagation[2m > [22mshould not set tddRedPhase when task has tdd_red_phase=false
 [32mΓ£ô[39m test/unit/mcp-server/prepare-task-tdd.test.ts[2m > [22mprepare_task TDD Auto-Injection[2m > [22mshould NOT inject TDD check when category doesn't match[33m 377[2mms[22m[39m
 [32mΓ£ô[39m extension/test/unit/agents/tools/system/runCommand.test.ts[2m > [22mrunCommand tool[2m > [22mTest Command Interception[2m > [22mallows non-test commands like 'echo hello' to pass through
 [32mΓ£ô[39m extension/test/unit/agents/tools/system/runCommand.test.ts[2m > [22mrunCommand tool[2m > [22mTest Command Interception[2m > [22mblocks 'npm test -- --coverage' (test command with arguments)
 [32mΓ£ô[39m extension/test/unit/agents/tools/coding/smartReplace.test.ts[2m > [22msmartReplace[2m > [22mMatch Cascade (FR-011)[2m > [22mreturns EXACT match when text is identical
 [32mΓ£ô[39m extension/test/unit/agents/tools/coding/smartReplace.test.ts[2m > [22msmartReplace[2m > [22mMatch Cascade (FR-011)[2m > [22mreturns NORMALIZED match when whitespace differs
 [32mΓ£ô[39m extension/test/unit/agents/tools/coding/smartReplace.test.ts[2m > [22msmartReplace[2m > [22mMatch Cascade (FR-011)[2m > [22mreturns FUZZY match when similarity is above threshold
 [32mΓ£ô[39m extension/test/unit/agents/tools/coding/smartReplace.test.ts[2m > [22msmartReplace[2m > [22mMatch Cascade (FR-011)[2m > [22mfails when no match found below threshold
 [32mΓ£ô[39m extension/test/unit/agents/tools/coding/smartReplace.test.ts[2m > [22msmartReplace[2m > [22mFuzzy Threshold (FR-012)[2m > [22muses default threshold of 0.85
 [32mΓ£ô[39m extension/test/unit/agents/tools/coding/smartReplace.test.ts[2m > [22msmartReplace[2m > [22mFuzzy Threshold (FR-012)[2m > [22mrespects custom fuzzy_threshold
 [32mΓ£ô[39m extension/test/unit/agents/tools/coding/smartReplace.test.ts[2m > [22msmartReplace[2m > [22mStart Line Hint (FR-013)[2m > [22msearches outward from start_line_hint
 [32mΓ£ô[39m extension/test/unit/agents/tools/coding/smartReplace.test.ts[2m > [22msmartReplace[2m > [22mStart Line Hint (FR-013)[2m > [22mfinds matches near hint faster than distant ones
 [32mΓ£ô[39m extension/test/unit/agents/tools/coding/smartReplace.test.ts[2m > [22msmartReplace[2m > [22mOccurrence Parameter (FR-014)[2m > [22mreplaces first occurrence by default
 [32mΓ£ô[39m extension/test/unit/agents/tools/coding/smartReplace.test.ts[2m > [22msmartReplace[2m > [22mOccurrence Parameter (FR-014)[2m > [22mreplaces Nth occurrence when specified
 [32mΓ£ô[39m extension/test/unit/agents/tools/coding/smartReplace.test.ts[2m > [22msmartReplace[2m > [22mOccurrence Parameter (FR-014)[2m > [22mfails when occurrence exceeds match count
 [32mΓ£ô[39m extension/test/unit/agents/tools/coding/smartReplace.test.ts[2m > [22msmartReplace[2m > [22mOccurrence Parameter (FR-014)[2m > [22mfails when occurrence is less than 1
 [32mΓ£ô[39m extension/test/unit/agents/tools/coding/smartReplace.test.ts[2m > [22msmartReplace[2m > [22mDry Run Mode (FR-020)[2m > [22mreturns preview without modifying file when dry_run is true
 [32mΓ£ô[39m extension/test/unit/agents/tools/coding/smartReplace.test.ts[2m > [22msmartReplace[2m > [22mDry Run Mode (FR-020)[2m > [22mapplies edit when dry_run is false
 [32mΓ£ô[39m extension/test/unit/agents/tools/coding/smartReplace.test.ts[2m > [22msmartReplace[2m > [22mResult Structure[2m > [22mincludes all required fields in SmartReplaceResult
 [32mΓ£ô[39m extension/test/unit/agents/tools/coding/smartReplace.test.ts[2m > [22msmartReplace[2m > [22mResult Structure[2m > [22mincludes diff_preview in unified diff format
 [32mΓ£ô[39m extension/test/unit/agents/tools/coding/smartReplace.test.ts[2m > [22msmartReplace[2m > [22mPath Validation (SEC-001)[2m > [22mrejects paths outside workspace
 [32mΓ£ô[39m extension/test/unit/agents/tools/coding/smartReplace.test.ts[2m > [22msmartReplace[2m > [22mPath Validation (SEC-001)[2m > [22mrejects absolute paths outside workspace
 [32mΓ£ô[39m extension/test/unit/agents/tools/coding/smartReplace.test.ts[2m > [22msmartReplace[2m > [22mMulti-line Matching[2m > [22mmatches and replaces multi-line old_text
 [32mΓ£ô[39m extension/test/unit/agents/tools/coding/smartReplace.test.ts[2m > [22msmartReplace[2m > [22mIntegration with FuzzyMatcher[2m > [22mdelegates matching logic to FuzzyMatcher
 [32mΓ£ô[39m test/unit/mcp-server/signal-completion.test.ts[2m > [22msignal_completion handler[2m > [22mTDD scan integration[2m > [22mshould call scanForTddMarkers and populate registry for tdd_red_phase tasks
 [32mΓ£ô[39m test/unit/mcp-server/prepare-task-tdd.test.ts[2m > [22mprepare_task TDD Auto-Injection[2m > [22mshould use default config values when config keys are missing
 [32mΓ£ô[39m extension/test/unit/agents/tools/coding/validateEdit.test.ts[2m > [22mvalidateEdit[2m > [22mValid Content (FR-018)[2m > [22mreturns syntax_valid: true for valid Python content[33m 1289[2mms[22m[39m
 [32mΓ£ô[39m extension/test/unit/agents/tools/coding/validateEdit.test.ts[2m > [22mvalidateEdit[2m > [22mSyntax Errors (FR-018, FR-019)[2m > [22mreturns syntax_valid: false with error details for missing closing brace
 [32mΓ£ô[39m extension/test/unit/agents/tools/coding/validateEdit.test.ts[2m > [22mvalidateEdit[2m > [22mSyntax Errors (FR-018, FR-019)[2m > [22mreturns syntax_valid: false with error details for undefined variable
 [32mΓ£ô[39m extension/test/unit/agents/tools/coding/validateEdit.test.ts[2m > [22mvalidateEdit[2m > [22mSyntax Errors (FR-018, FR-019)[2m > [22mreturns multiple errors when content has multiple syntax errors
 [32mΓ£ô[39m extension/test/unit/agents/tools/coding/validateEdit.test.ts[2m > [22mvalidateEdit[2m > [22mWarnings (FR-018)[2m > [22mseparates warnings from errors
 [32mΓ£ô[39m extension/test/unit/agents/tools/coding/validateEdit.test.ts[2m > [22mvalidateEdit[2m > [22mWarnings (FR-018)[2m > [22mreturns syntax_valid: true even with warnings
 [32mΓ£ô[39m extension/test/unit/agents/tools/coding/validateEdit.test.ts[2m > [22mvalidateEdit[2m > [22mActionable Error Messages (FR-019)[2m > [22mprovides fix suggestion for missing closing brace
 [32mΓ£ô[39m extension/test/unit/agents/tools/coding/validateEdit.test.ts[2m > [22mvalidateEdit[2m > [22mActionable Error Messages (FR-019)[2m > [22mprovides fix suggestion for missing semicolon
 [32mΓ£ô[39m extension/test/unit/agents/tools/coding/validateEdit.test.ts[2m > [22mvalidateEdit[2m > [22mActionable Error Messages (FR-019)[2m > [22mprovides fix suggestion for undefined variable
 [32mΓ£ô[39m extension/test/unit/agents/tools/coding/validateEdit.test.ts[2m > [22mvalidateEdit[2m > [22mActionable Error Messages (FR-019)[2m > [22mprovides fix suggestion for duplicate identifier
 [32mΓ£ô[39m extension/test/unit/agents/tools/coding/validateEdit.test.ts[2m > [22mvalidateEdit[2m > [22mActionable Error Messages (FR-019)[2m > [22mprovides multiple suggestions for multiple errors
 [32mΓ£ô[39m extension/test/unit/chat/SessionManager.test.ts[2m > [22mSessionManager[2m > [22mpromptUserToSelectSession[2m > [22mshould execute chat history command[33m 506[2mms[22m[39m
 [32mΓ£ô[39m extension/test/unit/agents/WorkflowChain.test.ts[2m > [22mWorkflowChain[2m > [22mSession continuation on VERIFY_FAILED[2m > [22mshould call continueSessionExecution when orchestrator completes and task is VERIFY_FAILED
 [32mΓ£ô[39m extension/test/unit/agents/WorkflowChain.test.ts[2m > [22mWorkflowChain[2m > [22mSession continuation on VERIFY_FAILED[2m > [22mshould fall back to handlePlayTask when no implementor session exists
 [32mΓ£ô[39m extension/test/unit/agents/WorkflowChain.test.ts[2m > [22mWorkflowChain[2m > [22mSession continuation on VERIFY_FAILED[2m > [22mshould fall back to handlePlayTask when continueSessionExecution throws
 [32mΓ£ô[39m extension/test/unit/agents/WorkflowChain.test.ts[2m > [22mWorkflowChain[2m > [22mSession continuation on CODE_REVIEW_CHANGES_REQUESTED[2m > [22mshould call continueSessionExecution when controller completes and task has changes requested
 [32mΓ£ô[39m extension/test/unit/agents/WorkflowChain.test.ts[2m > [22mWorkflowChain[2m > [22mSession continuation on CODE_REVIEW_CHANGES_REQUESTED[2m > [22mshould fall back to handlePlayTask when no implementor session for code review fix
 [32mΓ£ô[39m extension/test/unit/agents/WorkflowChain.test.ts[2m > [22mWorkflowChain[2m > [22mNext action determination[2m > [22mshould return continue_implementor type for VERIFY_FAILED
 [32mΓ£ô[39m extension/test/unit/agents/WorkflowChain.test.ts[2m > [22mWorkflowChain[2m > [22mNext action determination[2m > [22mshould return continue_implementor type for code review changes requested
 [32mΓ£ô[39m extension/test/unit/agents/WorkflowChain.test.ts[2m > [22mWorkflowChain[2m > [22mNext action determination[2m > [22mshould return next action for VERIFIED tasks without code review
 [32mΓ£ô[39m extension/test/unit/agents/WorkflowChain.test.ts[2m > [22mWorkflowChain[2m > [22mstart/stop lifecycle[2m > [22mshould subscribe to event bus on start
 [32mΓ£ô[39m extension/test/unit/agents/WorkflowChain.test.ts[2m > [22mWorkflowChain[2m > [22mstart/stop lifecycle[2m > [22mshould not subscribe twice on double start
 [32mΓ£ô[39m extension/test/unit/agents/WorkflowChain.test.ts[2m > [22mWorkflowChain[2m > [22mstart/stop lifecycle[2m > [22mshould dispose subscription on stop
 [32mΓ£ô[39m test/unit/mcp-server/signal-completion.test.ts[2m > [22msignal_completion handler[2m > [22mTDD scan integration[2m > [22mshould clear existing registry entries before inserting new ones
 [32mΓ£ô[39m test/unit/mcp-server/signal-completion.test.ts[2m > [22msignal_completion handler[2m > [22mTDD scan integration[2m > [22mshould fail signal if zero tests found for tdd_red_phase task
 [32mΓ£ô[39m test/unit/mcp-server/prepare-task-tdd.test.ts[2m > [22mprepare_task TDD Auto-Injection[2m > [22mshould inject check for INTEGRATION category when configured
 [32mΓ£ô[39m extension/test/unit/views/messageHistory.test.ts[2m > [22mMessage History Template[2m > [22mshould render system message correctly
 [32mΓ£ô[39m extension/test/unit/views/messageHistory.test.ts[2m > [22mMessage History Template[2m > [22mshould render user message correctly
 [32mΓ£ô[39m extension/test/unit/views/messageHistory.test.ts[2m > [22mMessage History Template[2m > [22mshould render assistant message correctly
 [32mΓ£ô[39m extension/test/unit/views/messageHistory.test.ts[2m > [22mMessage History Template[2m > [22mshould render structured content with text parts
 [32mΓ£ô[39m extension/test/unit/views/messageHistory.test.ts[2m > [22mMessage History Template[2m > [22mshould render structured content with toolCall parts
 [32mΓ£ô[39m extension/test/unit/views/messageHistory.test.ts[2m > [22mMessage History Template[2m > [22mshould render structured content with toolResult parts
 [32mΓ£ô[39m extension/test/unit/views/messageHistory.test.ts[2m > [22mMessage History Template[2m > [22mshould include session statistics
 [32mΓ£ô[39m extension/test/unit/views/messageHistory.test.ts[2m > [22mMessage History Template[2m > [22mshould show load more button when hasMore is true
 [32mΓ£ô[39m extension/test/unit/views/messageHistory.test.ts[2m > [22mMessage History Template[2m > [22mshould not show load more button when hasMore is false
 [32mΓ£ô[39m extension/test/unit/views/messageHistory.test.ts[2m > [22mMessage History Template[2m > [22mshould show empty state when no messages
 [32mΓ£ô[39m extension/test/unit/views/messageHistory.test.ts[2m > [22mMessage History Template[2m > [22mshould use VS Code CSS variables
 [32mΓ£ô[39m extension/test/unit/views/messageHistory.test.ts[2m > [22mSession Chain Template[2m > [22mshould render a single session node
 [32mΓ£ô[39m extension/test/unit/views/messageHistory.test.ts[2m > [22mSession Chain Template[2m > [22mshould render session chain with depth indicators
 [32mΓ£ô[39m extension/test/unit/views/messageHistory.test.ts[2m > [22mSession Chain Template[2m > [22mshould show stage information when present
 [32mΓ£ô[39m extension/test/unit/views/messageHistory.test.ts[2m > [22mSession Chain Template[2m > [22mshould show continued badge when session is continued
 [32mΓ£ô[39m extension/test/unit/views/messageHistory.test.ts[2m > [22mSession Chain Template[2m > [22mshould show empty state when no sessions
 [32mΓ£ô[39m extension/test/unit/views/messageHistory.test.ts[2m > [22mSession Chain Template[2m > [22mshould use VS Code CSS variables
 [32mΓ£ô[39m extension/test/unit/views/messageHistory.test.ts[2m > [22mMarkdown Exporter[2m > [22mshould export plain text messages to Markdown
 [32mΓ£ô[39m extension/test/unit/views/messageHistory.test.ts[2m > [22mMarkdown Exporter[2m > [22mshould include session metadata when provided
 [32mΓ£ô[39m extension/test/unit/views/messageHistory.test.ts[2m > [22mMarkdown Exporter[2m > [22mshould format structured content with tool calls
 [32mΓ£ô[39m extension/test/unit/views/messageHistory.test.ts[2m > [22mMarkdown Exporter[2m > [22mshould format structured content with tool results
 [32mΓ£ô[39m extension/test/unit/views/messageHistory.test.ts[2m > [22mMarkdown Exporter[2m > [22mshould include export timestamp in footer
 [32mΓ£ô[39m extension/test/unit/views/treeview/SprintTreeProvider.test.ts[2m > [22mSprintTreeProvider[2m > [22mgetTreeItem - Task Tooltips[2m > [22mshould create MarkdownString tooltip for task items
 [32mΓ£ô[39m extension/test/unit/views/treeview/SprintTreeProvider.test.ts[2m > [22mSprintTreeProvider[2m > [22mgetTreeItem - Task Tooltips[2m > [22mshould include task title in tooltip with markdown formatting
 [32mΓ£ô[39m extension/test/unit/views/treeview/SprintTreeProvider.test.ts[2m > [22mSprintTreeProvider[2m > [22mgetTreeItem - Task Tooltips[2m > [22mshould include current status in tooltip
 [32mΓ£ô[39m extension/test/unit/views/treeview/SprintTreeProvider.test.ts[2m > [22mSprintTreeProvider[2m > [22mgetTreeItem - Task Tooltips[2m > [22mshould include task description in tooltip
 [32mΓ£ô[39m extension/test/unit/views/treeview/SprintTreeProvider.test.ts[2m > [22mSprintTreeProvider[2m > [22mgetTreeItem - Task Tooltips[2m > [22mshould show remediation hint for ESCALATED status
 [32mΓ£ô[39m extension/test/unit/views/treeview/SprintTreeProvider.test.ts[2m > [22mSprintTreeProvider[2m > [22mgetTreeItem - Task Tooltips[2m > [22mshould show remediation hint for VERIFY_FAILED status
 [32mΓ£ô[39m extension/test/unit/views/treeview/SprintTreeProvider.test.ts[2m > [22mSprintTreeProvider[2m > [22mgetTreeItem - Task Tooltips[2m > [22mshould NOT show remediation hint for normal statuses
 [32mΓ£ô[39m extension/test/unit/views/treeview/SprintTreeProvider.test.ts[2m > [22mSprintTreeProvider[2m > [22mgetTreeItem - Task Tooltips[2m > [22mshould format tooltip with proper markdown structure
 [32mΓ£ô[39m extension/test/unit/views/treeview/SprintTreeProvider.test.ts[2m > [22mSprintTreeProvider[2m > [22mgetChildren[2m > [22mshould return info message when no Orchestra workspace found
 [32mΓ£ô[39m extension/test/unit/views/treeview/SprintTreeProvider.test.ts[2m > [22mSprintTreeProvider[2m > [22mgetChildren[2m > [22mshould return sprints at root level
 [32mΓ£ô[39m extension/test/unit/views/treeview/SprintTreeProvider.test.ts[2m > [22mSprintTreeProvider[2m > [22mrefresh[2m > [22mshould fire tree data change event
 [32mΓ£ô[39m extension/test/unit/views/treeview/SprintTreeProvider.test.ts[2m > [22mSprintTreeProvider[2m > [22mcontextValue for status-based menus[2m > [22mshould set contextValue with task- prefix for all task items
 [32mΓ£ô[39m extension/test/unit/views/treeview/SprintTreeProvider.test.ts[2m > [22mSprintTreeProvider[2m > [22mcontextValue for status-based menus[2m > [22mshould set contextValue to task-pending for PENDING status
 [32mΓ£ô[39m extension/test/unit/views/treeview/SprintTreeProvider.test.ts[2m > [22mSprintTreeProvider[2m > [22mcontextValue for status-based menus[2m > [22mshould set contextValue to task-implement for IMPLEMENT status
 [32mΓ£ô[39m extension/test/unit/views/treeview/SprintTreeProvider.test.ts[2m > [22mSprintTreeProvider[2m > [22mcontextValue for status-based menus[2m > [22mshould set contextValue to task-escalated for ESCALATED status
 [32mΓ£ô[39m extension/test/unit/views/treeview/SprintTreeProvider.test.ts[2m > [22mSprintTreeProvider[2m > [22mcontextValue for status-based menus[2m > [22mshould set contextValue to task-verify_failed for VERIFY_FAILED status
 [32mΓ£ô[39m extension/test/unit/views/treeview/SprintTreeProvider.test.ts[2m > [22mSprintTreeProvider[2m > [22mcontextValue for status-based menus[2m > [22mshould set contextValue to task-verify for VERIFY status
 [32mΓ£ô[39m extension/test/unit/views/treeview/SprintTreeProvider.test.ts[2m > [22mSprintTreeProvider[2m > [22mcontextValue for status-based menus[2m > [22mshould set contextValue to task-verify_passed for VERIFY_PASSED status
 [32mΓ£ô[39m extension/test/unit/views/treeview/SprintTreeProvider.test.ts[2m > [22mSprintTreeProvider[2m > [22mcontextValue for status-based menus[2m > [22mshould set contextValue to task-gate_check for GATE_CHECK status
 [32mΓ£ô[39m extension/test/unit/views/treeview/SprintTreeProvider.test.ts[2m > [22mSprintTreeProvider[2m > [22mcontextValue for status-based menus[2m > [22mshould set contextValue to task-complete for COMPLETE status
 [32mΓ£ô[39m extension/test/unit/views/treeview/SprintTreeProvider.test.ts[2m > [22mSprintTreeProvider[2m > [22mcontextValue for status-based menus[2m > [22mshould lowercase status in contextValue
 [32mΓ£ô[39m extension/test/unit/views/treeview/SprintTreeProvider.test.ts[2m > [22mSprintTreeProvider[2m > [22mcontextValue for status-based menus[2m > [22mshould not set contextValue for non-task items
 [32mΓ£ô[39m test/unit/mcp-server/run-verification-checks-tv.test.ts[2m > [22mhandleRunVerificationChecks - test_verification[2m > [22mtest_verification routing[2m > [22mshould route test_verification checks to runTestsCore, not executeCheck
 [32mΓ£ô[39m test/unit/mcp-server/run-verification-checks-tv.test.ts[2m > [22mhandleRunVerificationChecks - test_verification[2m > [22mtest_verification routing[2m > [22mshould pass correct tier and workspacePath to runTestsCore
 [32mΓ£ô[39m test/unit/mcp-server/run-verification-checks-tv.test.ts[2m > [22mhandleRunVerificationChecks - test_verification[2m > [22mtest_verification routing[2m > [22mshould pass fallbackCommand from sprint test_command config
 [32mΓ£ô[39m test/unit/mcp-server/run-verification-checks-tv.test.ts[2m > [22mhandleRunVerificationChecks - test_verification[2m > [22mevaluateTestVerificationExpectation - all_pass[2m > [22mshould pass when all tests pass (0 failures)
 [32mΓ£ô[39m test/unit/mcp-server/run-verification-checks-tv.test.ts[2m > [22mhandleRunVerificationChecks - test_verification[2m > [22mevaluateTestVerificationExpectation - all_pass[2m > [22mshould fail when any test fails with all_pass expectation
 [32mΓ£ô[39m test/unit/mcp-server/run-verification-checks-tv.test.ts[2m > [22mhandleRunVerificationChecks - test_verification[2m > [22mevaluateTestVerificationExpectation - any_fail[2m > [22mshould pass when at least one test fails (TDD red phase)
 [32mΓ£ô[39m test/unit/mcp-server/run-verification-checks-tv.test.ts[2m > [22mhandleRunVerificationChecks - test_verification[2m > [22mevaluateTestVerificationExpectation - any_fail[2m > [22mshould fail when no test fails with any_fail expectation
 [32mΓ£ô[39m test/unit/mcp-server/run-verification-checks-tv.test.ts[2m > [22mhandleRunVerificationChecks - test_verification[2m > [22mevaluateTestVerificationExpectation - min_pass_count[2m > [22mshould pass when passed count meets min_pass_count
 [32mΓ£ô[39m test/unit/mcp-server/run-verification-checks-tv.test.ts[2m > [22mhandleRunVerificationChecks - test_verification[2m > [22mevaluateTestVerificationExpectation - min_pass_count[2m > [22mshould fail when passed count is below min_pass_count
 [32mΓ£ô[39m test/unit/mcp-server/run-verification-checks-tv.test.ts[2m > [22mhandleRunVerificationChecks - test_verification[2m > [22mevaluateTestVerificationExpectation - min_pass_count[2m > [22mshould default min_pass_count to 0 if not specified
 [32mΓ£ô[39m test/unit/mcp-server/run-verification-checks-tv.test.ts[2m > [22mhandleRunVerificationChecks - test_verification[2m > [22mtest_verification_result in output[2m > [22mshould include test_verification_result with tier, passed, failed
 [32mΓ£ô[39m test/unit/mcp-server/run-verification-checks-tv.test.ts[2m > [22mhandleRunVerificationChecks - test_verification[2m > [22mparseTestVerificationCheckConfig validation[2m > [22mshould fail check with invalid check_config JSON
 [32mΓ£ô[39m test/unit/mcp-server/run-verification-checks-tv.test.ts[2m > [22mhandleRunVerificationChecks - test_verification[2m > [22mparseTestVerificationCheckConfig validation[2m > [22mshould fail check when check_config is missing tier field
 [32mΓ£ô[39m test/unit/mcp-server/run-verification-checks-tv.test.ts[2m > [22mhandleRunVerificationChecks - test_verification[2m > [22mparseTestVerificationCheckConfig validation[2m > [22mshould fail check when check_config is missing expect field
 [32mΓ£ô[39m test/unit/mcp-server/run-verification-checks-tv.test.ts[2m > [22mhandleRunVerificationChecks - test_verification[2m > [22mmixed check types[2m > [22mshould process test_verification and behavioral checks independently
 [32mΓ£ô[39m test/unit/mcp-server/signal-completion.test.ts[2m > [22msignal_completion handler[2m > [22mTDD scan integration[2m > [22mshould still scan for non-tdd_red_phase tasks but not fail on no markers
 [32mΓ£ô[39m test/unit/mcp-server/handlers/complete-task-tdd.test.ts[2m > [22mcomplete_task - TDD red-phase completion flow[2m > [22mblocking without green_task_id[2m > [22mshould block TDD red-phase completion when no green task is assigned
 [32mΓ£ô[39m test/unit/mcp-server/handlers/complete-task-tdd.test.ts[2m > [22mcomplete_task - TDD red-phase completion flow[2m > [22msucceeding with explicit green_task_id[2m > [22mshould complete TDD red-phase task when green_task_id is provided
 [32mΓ£ô[39m test/unit/mcp-server/handlers/complete-task-tdd.test.ts[2m > [22mcomplete_task - TDD red-phase completion flow[2m > [22msucceeding with explicit green_task_id[2m > [22mshould reject completion when green_task_id does not exist
 [32mΓ£ô[39m test/unit/mcp-server/handlers/complete-task-tdd.test.ts[2m > [22mcomplete_task - TDD red-phase completion flow[2m > [22musing upfront relationship from configure_sprint[2m > [22mshould automatically use existing tdd_task_relationships entry
 [32mΓ£ô[39m test/unit/mcp-server/handlers/complete-task-tdd.test.ts[2m > [22mcomplete_task - TDD red-phase completion flow[2m > [22musing upfront relationship from configure_sprint[2m > [22mshould prefer upfront relationship over explicit green_task_id parameter
 [32mΓ£ô[39m test/unit/mcp-server/handover-validation.test.ts[2m > [22mhandover-validation[2m > [22mFORBIDDEN_PATTERNS[2m > [22mshould export pattern categories
 [32mΓ£ô[39m test/unit/mcp-server/handover-validation.test.ts[2m > [22mhandover-validation[2m > [22mFORBIDDEN_PATTERNS[2m > [22mshould have array of regex patterns for each category
 [32mΓ£ô[39m test/unit/mcp-server/handover-validation.test.ts[2m > [22mhandover-validation[2m > [22mvalidateHandoverContext[2m > [22mvalid contexts[2m > [22mshould accept undefined context
 [32mΓ£ô[39m test/unit/mcp-server/handover-validation.test.ts[2m > [22mhandover-validation[2m > [22mvalidateHandoverContext[2m > [22mvalid contexts[2m > [22mshould accept clean context without forbidden content
 [32mΓ£ô[39m test/unit/mcp-server/handover-validation.test.ts[2m > [22mhandover-validation[2m > [22mvalidateHandoverContext[2m > [22mvalid contexts[2m > [22mshould accept context with technical terms that are not violations
 [32mΓ£ô[39m test/unit/mcp-server/handover-validation.test.ts[2m > [22mhandover-validation[2m > [22mvalidateHandoverContext[2m > [22mspec file references[2m > [22mshould reject context with 'from spec lines N'
 [32mΓ£ô[39m test/unit/mcp-server/handover-validation.test.ts[2m > [22mhandover-validation[2m > [22mvalidateHandoverContext[2m > [22mspec file references[2m > [22mshould reject context with 'see spec/file.md'
 [32mΓ£ô[39m test/unit/mcp-server/handover-validation.test.ts[2m > [22mhandover-validation[2m > [22mvalidateHandoverContext[2m > [22mspec file references[2m > [22mshould reject context with 'per specification'
 [32mΓ£ô[39m test/unit/mcp-server/handover-validation.test.ts[2m > [22mhandover-validation[2m > [22mvalidateHandoverContext[2m > [22mspec file references[2m > [22mshould reject context with 'spec document'
 [32mΓ£ô[39m test/unit/mcp-server/handover-validation.test.ts[2m > [22mhandover-validation[2m > [22mvalidateHandoverContext[2m > [22mspec file references[2m > [22mshould reject context with direct spec file path references
 [32mΓ£ô[39m test/unit/mcp-server/handover-validation.test.ts[2m > [22mhandover-validation[2m > [22mvalidateHandoverContext[2m > [22mtask references[2m > [22mshould reject context with 'Task 6'
 [32mΓ£ô[39m test/unit/mcp-server/handover-validation.test.ts[2m > [22mhandover-validation[2m > [22mvalidateHandoverContext[2m > [22mtask references[2m > [22mshould reject context with 'Task #4'
 [32mΓ£ô[39m test/unit/mcp-server/handover-validation.test.ts[2m > [22mhandover-validation[2m > [22mvalidateHandoverContext[2m > [22mtask references[2m > [22mshould reject context with 'task-005'
 [32mΓ£ô[39m test/unit/mcp-server/handover-validation.test.ts[2m > [22mhandover-validation[2m > [22mvalidateHandoverContext[2m > [22mtask references[2m > [22mshould reject context with 'see Task 3'
 [32mΓ£ô[39m test/unit/mcp-server/handover-validation.test.ts[2m > [22mhandover-validation[2m > [22mvalidateHandoverContext[2m > [22mtask references[2m > [22mshould reject context with task status indicators
 [32mΓ£ô[39m test/unit/mcp-server/handover-validation.test.ts[2m > [22mhandover-validation[2m > [22mvalidateHandoverContext[2m > [22mtask references[2m > [22mshould reject context with '(pending)' status
 [32mΓ£ô[39m test/unit/mcp-server/handover-validation.test.ts[2m > [22mhandover-validation[2m > [22mvalidateHandoverContext[2m > [22mtask references[2m > [22mshould ALLOW @orchestra-task: N format
 [32mΓ£ô[39m test/unit/mcp-server/handover-validation.test.ts[2m > [22mhandover-validation[2m > [22mvalidateHandoverContext[2m > [22mtask references[2m > [22mshould ALLOW TDD marker format tdd-red
 [32mΓ£ô[39m test/unit/mcp-server/handover-validation.test.ts[2m > [22mhandover-validation[2m > [22mvalidateHandoverContext[2m > [22msprint structure references[2m > [22mshould reject context with 'Sprint 003'
 [32mΓ£ô[39m test/unit/mcp-server/handover-validation.test.ts[2m > [22mhandover-validation[2m > [22mvalidateHandoverContext[2m > [22msprint structure references[2m > [22mshould reject context with 'after sprint-004'
 [32mΓ£ô[39m test/unit/mcp-server/handover-validation.test.ts[2m > [22mhandover-validation[2m > [22mvalidateHandoverContext[2m > [22msprint structure references[2m > [22mshould reject context with 'in sprint 5'
 [32mΓ£ô[39m test/unit/mcp-server/handover-validation.test.ts[2m > [22mhandover-validation[2m > [22mvalidateHandoverContext[2m > [22msprint structure references[2m > [22mshould reject context with 'current sprint'
 [32mΓ£ô[39m test/unit/mcp-server/handover-validation.test.ts[2m > [22mhandover-validation[2m > [22mvalidateHandoverContext[2m > [22msprint structure references[2m > [22mshould reject context with 'sprint_004'
 [32mΓ£ô[39m test/unit/mcp-server/handover-validation.test.ts[2m > [22mhandover-validation[2m > [22mvalidateHandoverContext[2m > [22mmultiple violations[2m > [22mshould detect multiple violations in same context
 [32mΓ£ô[39m test/unit/mcp-server/handover-validation.test.ts[2m > [22mhandover-validation[2m > [22mvalidateContextFiles[2m > [22mvalid file lists[2m > [22mshould accept undefined context_files
 [32mΓ£ô[39m test/unit/mcp-server/handover-validation.test.ts[2m > [22mhandover-validation[2m > [22mvalidateContextFiles[2m > [22mvalid file lists[2m > [22mshould accept empty context_files array
 [32mΓ£ô[39m test/unit/mcp-server/handover-validation.test.ts[2m > [22mhandover-validation[2m > [22mvalidateContextFiles[2m > [22mvalid file lists[2m > [22mshould accept source code files
 [32mΓ£ô[39m test/unit/mcp-server/handover-validation.test.ts[2m > [22mhandover-validation[2m > [22mvalidateContextFiles[2m > [22mvalid file lists[2m > [22mshould accept documentation files (not in spec/)
 [32mΓ£ô[39m test/unit/mcp-server/handover-validation.test.ts[2m > [22mhandover-validation[2m > [22mvalidateContextFiles[2m > [22mforbidden file paths[2m > [22mshould reject files in spec/ directory
 [32mΓ£ô[39m test/unit/mcp-server/handover-validation.test.ts[2m > [22mhandover-validation[2m > [22mvalidateContextFiles[2m > [22mforbidden file paths[2m > [22mshould reject tasks.md file
 [32mΓ£ô[39m test/unit/mcp-server/handover-validation.test.ts[2m > [22mhandover-validation[2m > [22mvalidateContextFiles[2m > [22mforbidden file paths[2m > [22mshould reject task-breakdown files
 [32mΓ£ô[39m test/unit/mcp-server/handover-validation.test.ts[2m > [22mhandover-validation[2m > [22mvalidateContextFiles[2m > [22mforbidden file paths[2m > [22mshould reject manifest.yaml
 [32mΓ£ô[39m test/unit/mcp-server/handover-validation.test.ts[2m > [22mhandover-validation[2m > [22mvalidateContextFiles[2m > [22mforbidden file paths[2m > [22mshould reject progress.yaml
 [32mΓ£ô[39m test/unit/mcp-server/handover-validation.test.ts[2m > [22mhandover-validation[2m > [22mvalidateContextFiles[2m > [22mforbidden file paths[2m > [22mshould reject .orchestrator-only directory files
 [32mΓ£ô[39m test/unit/mcp-server/handover-validation.test.ts[2m > [22mhandover-validation[2m > [22mvalidateContextFiles[2m > [22mforbidden file paths[2m > [22mshould reject implementation-plan files
 [32mΓ£ô[39m test/unit/mcp-server/handover-validation.test.ts[2m > [22mhandover-validation[2m > [22mvalidateContextFiles[2m > [22mforbidden file paths[2m > [22mshould reject sprint definition files
 [32mΓ£ô[39m test/unit/mcp-server/handover-validation.test.ts[2m > [22mhandover-validation[2m > [22mvalidateContextFiles[2m > [22mmixed valid and invalid files[2m > [22mshould reject array with some forbidden files
 [32mΓ£ô[39m test/unit/mcp-server/handover-validation.test.ts[2m > [22mhandover-validation[2m > [22mvalidateHandoverIsolation[2m > [22mshould not throw for valid inputs
 [32mΓ£ô[39m test/unit/mcp-server/handover-validation.test.ts[2m > [22mhandover-validation[2m > [22mvalidateHandoverIsolation[2m > [22mshould throw error for invalid context
 [32mΓ£ô[39m test/unit/mcp-server/handover-validation.test.ts[2m > [22mhandover-validation[2m > [22mvalidateHandoverIsolation[2m > [22mshould throw error for invalid context_files
 [32mΓ£ô[39m test/unit/mcp-server/handover-validation.test.ts[2m > [22mhandover-validation[2m > [22mvalidateHandoverIsolation[2m > [22mshould throw error with detailed violation list
 [32mΓ£ô[39m test/unit/mcp-server/handover-validation.test.ts[2m > [22mhandover-validation[2m > [22mvalidateHandoverIsolation[2m > [22mshould include all violations in error message
 [32mΓ£ô[39m test/unit/mcp-server/handover-validation.test.ts[2m > [22mhandover-validation[2m > [22mvalidateHandoverIsolation[2m > [22mshould provide actionable guidance in error message
 [32mΓ£ô[39m test/unit/mcp-server/prepare-task-tdd.test.ts[2m > [22mprepare_task TDD Auto-Injection[2m > [22mshould use custom patterns from config when provided
 [32mΓ£ô[39m test/unit/mcp-server/prepare-task-tdd.test.ts[2m > [22mprepare_task TDD Auto-Injection[2m > [22mshould NOT inject TDD check for documentation-only tasks (markdown files)
 [32mΓ£ô[39m extension/test/unit/chat/SessionManager.test.ts[2m > [22mSessionManager[2m > [22mpromptUserToSelectSession[2m > [22mshould show non-modal confirmation dialog to allow user interaction[33m 511[2mms[22m[39m
 [32mΓ£ô[39m test/unit/mcp-server/prepare-task-tdd.test.ts[2m > [22mprepare_task TDD Auto-Injection[2m > [22mshould inject TDD check for mixed tasks with both code and documentation files
 [32mΓ£ô[39m extension/test/unit/agents/workflowChainContinuation.test.ts[2m > [22mWorkflowChain Continuation[2m > [22mVERIFY_FAILED triggers continueSessionExecution[2m > [22mshould continue the latest implementor session when VERIFY_FAILED
 [32mΓ£ô[39m extension/test/unit/agents/workflowChainContinuation.test.ts[2m > [22mWorkflowChain Continuation[2m > [22mVERIFY_FAILED triggers continueSessionExecution[2m > [22mshould include feedback guidance in the continuation prompt
 [32mΓ£ô[39m extension/test/unit/agents/workflowChainContinuation.test.ts[2m > [22mWorkflowChain Continuation[2m > [22mFallback when no implementor session found[2m > [22mshould fall back to handlePlayTask when getLatestImplementorSession returns undefined
 [32mΓ£ô[39m extension/test/unit/agents/workflowChainContinuation.test.ts[2m > [22mWorkflowChain Continuation[2m > [22mError handling during continuation[2m > [22mshould fall back to handlePlayTask when continueSessionExecution throws an error
 [32mΓ£ô[39m extension/test/unit/agents/workflowChainContinuation.test.ts[2m > [22mWorkflowChain Continuation[2m > [22mCode review changes requested triggers continuation[2m > [22mshould continue implementor session when controller completes with changes requested
 [32mΓ£ô[39m extension/test/unit/agents/workflowChainContinuation.test.ts[2m > [22mWorkflowChain Continuation[2m > [22mCode review changes requested triggers continuation[2m > [22mshould include code review guidance in the continuation prompt
 [32mΓ£ô[39m extension/test/unit/agents/workflowChainContinuation.test.ts[2m > [22mWorkflowChain Continuation[2m > [22mCode review changes requested triggers continuation[2m > [22mshould fall back to handlePlayTask when no session for code review fix
 [32mΓ£ô[39m extension/test/unit/agents/workflowChainContinuation.test.ts[2m > [22mWorkflowChain Continuation[2m > [22mdetermineNextAction sets continue_implementor type[2m > [22mreturns continue_implementor for orchestrator + VERIFY_FAILED
 [32mΓ£ô[39m extension/test/unit/agents/workflowChainContinuation.test.ts[2m > [22mWorkflowChain Continuation[2m > [22mdetermineNextAction sets continue_implementor type[2m > [22mreturns continue_implementor for controller + changes requested
 [32mΓ£ô[39m extension/test/unit/agents/workflowChainContinuation.test.ts[2m > [22mWorkflowChain Continuation[2m > [22mdetermineNextAction sets continue_implementor type[2m > [22mreturns continue_implementor for controller + rejected code review
 [32mΓ£ô[39m extension/test/unit/agents/workflowChainContinuation.test.ts[2m > [22mWorkflowChain Continuation[2m > [22mdetermineNextAction sets continue_implementor type[2m > [22mreturns null for controller + approved code review + COMPLETE
 [32mΓ£ô[39m extension/test/unit/package-json-views.test.ts[2m > [22mpackage.json views configuration[2m > [22morchestra-explorer views array[2m > [22mshould have exactly 3 views registered
 [32mΓ£ô[39m extension/test/unit/package-json-views.test.ts[2m > [22mpackage.json views configuration[2m > [22morchestra-explorer views array[2m > [22mshould have views in correct order: currentTask, agentPanel, sprintExplorer
 [32mΓ£ô[39m extension/test/unit/package-json-views.test.ts[2m > [22mpackage.json views configuration[2m > [22morchestra-explorer views array[2m > [22morchestra.currentTask view[2m > [22mshould be registered
 [32mΓ£ô[39m extension/test/unit/package-json-views.test.ts[2m > [22mpackage.json views configuration[2m > [22morchestra-explorer views array[2m > [22morchestra.currentTask view[2m > [22mshould be a webview type
 [32mΓ£ô[39m extension/test/unit/package-json-views.test.ts[2m > [22mpackage.json views configuration[2m > [22morchestra-explorer views array[2m > [22morchestra.currentTask view[2m > [22mshould have a name
 [32mΓ£ô[39m extension/test/unit/package-json-views.test.ts[2m > [22mpackage.json views configuration[2m > [22morchestra-explorer views array[2m > [22morchestra.sprintExplorer view[2m > [22mshould be registered
 [32mΓ£ô[39m extension/test/unit/package-json-views.test.ts[2m > [22mpackage.json views configuration[2m > [22morchestra-explorer views array[2m > [22morchestra.sprintExplorer view[2m > [22mshould be a tree type
 [32mΓ£ô[39m extension/test/unit/package-json-views.test.ts[2m > [22mpackage.json views configuration[2m > [22morchestra-explorer views array[2m > [22morchestra.sprintExplorer view[2m > [22mshould have a name
 [32mΓ£ô[39m extension/test/unit/package-json-views.test.ts[2m > [22mpackage.json views configuration[2m > [22morchestra-explorer views array[2m > [22morchestra.agentPanel view[2m > [22mshould be registered
 [32mΓ£ô[39m extension/test/unit/package-json-views.test.ts[2m > [22mpackage.json views configuration[2m > [22morchestra-explorer views array[2m > [22morchestra.agentPanel view[2m > [22mshould be a webview type
 [32mΓ£ô[39m extension/test/unit/package-json-views.test.ts[2m > [22mpackage.json views configuration[2m > [22morchestra-explorer views array[2m > [22morchestra.agentPanel view[2m > [22mshould have a name
 [32mΓ£ô[39m extension/test/unit/package-json-views.test.ts[2m > [22mpackage.json views configuration[2m > [22morchestra-explorer views array[2m > [22mshould not have the old orchestraSprintExplorer view ID
 [32mΓ£ô[39m extension/test/unit/package-json-views.test.ts[2m > [22mpackage.json views configuration[2m > [22mview/title menu configuration[2m > [22mshould have view/title menu items
 [32mΓ£ô[39m extension/test/unit/package-json-views.test.ts[2m > [22mpackage.json views configuration[2m > [22mview/title menu configuration[2m > [22mshould have refresh button in Sprint Explorer
 [32mΓ£ô[39m extension/test/unit/package-json-views.test.ts[2m > [22mpackage.json views configuration[2m > [22mview/title menu configuration[2m > [22mshould have settings button in Sprint Explorer
 [32mΓ£ô[39m extension/test/unit/package-json-views.test.ts[2m > [22mpackage.json views configuration[2m > [22mview/title menu configuration[2m > [22mshould use correct view IDs (orchestra.sprintExplorer or orchestra.agentPanel) in when clauses
 [32mΓ£ô[39m extension/test/unit/package-json-views.test.ts[2m > [22mpackage.json views configuration[2m > [22mview/title menu configuration[2m > [22mshould not use old camelCase view ID (orchestraSprintExplorer)
 [32mΓ£ô[39m extension/test/unit/package-json-views.test.ts[2m > [22mpackage.json views configuration[2m > [22mview/item/context inline actions[2m > [22mshould have view/item/context menu items
 [32mΓ£ô[39m extension/test/unit/package-json-views.test.ts[2m > [22mpackage.json views configuration[2m > [22mview/item/context inline actions[2m > [22mplayTask inline button[2m > [22mshould exist in inline group
 [32mΓ£ô[39m extension/test/unit/package-json-views.test.ts[2m > [22mpackage.json views configuration[2m > [22mview/item/context inline actions[2m > [22mplayTask inline button[2m > [22mshould have correct when clause for playable task statuses
 [32mΓ£ô[39m extension/test/unit/package-json-views.test.ts[2m > [22mpackage.json views configuration[2m > [22mview/item/context inline actions[2m > [22mplayTask inline button[2m > [22mshould exclude completed tasks using regex
 [32mΓ£ô[39m extension/test/unit/package-json-views.test.ts[2m > [22mpackage.json views configuration[2m > [22mview/item/context inline actions[2m > [22mplayTask inline button[2m > [22mshould use correct view ID (orchestra.sprintExplorer)
 [32mΓ£ô[39m extension/test/unit/package-json-views.test.ts[2m > [22mpackage.json views configuration[2m > [22mview/item/context inline actions[2m > [22mplayTask inline button[2m > [22mshould be in inline group with ordering
 [32mΓ£ô[39m extension/test/unit/package-json-views.test.ts[2m > [22mpackage.json views configuration[2m > [22mview/item/context inline actions[2m > [22mplayTask inline button[2m > [22mshould use proper regex pattern with viewItem =~
 [32mΓ£ô[39m extension/test/unit/package-json-views.test.ts[2m > [22mpackage.json views configuration[2m > [22mview/item/context inline actions[2m > [22mopenTaskDetail context menu item[2m > [22mshould be registered
 [32mΓ£ô[39m extension/test/unit/package-json-views.test.ts[2m > [22mpackage.json views configuration[2m > [22mview/item/context inline actions[2m > [22mopenTaskDetail context menu item[2m > [22mshould have when clause for task items
 [32mΓ£ô[39m extension/test/unit/package-json-views.test.ts[2m > [22mpackage.json views configuration[2m > [22mview/item/context inline actions[2m > [22mopenTaskDetail context menu item[2m > [22mshould use correct view ID (orchestra.sprintExplorer)
 [32mΓ£ô[39m extension/test/unit/package-json-views.test.ts[2m > [22mpackage.json views configuration[2m > [22mview/item/context inline actions[2m > [22mopenTaskDetail context menu item[2m > [22mshould be in navigation group
 [32mΓ£ô[39m extension/test/unit/package-json-views.test.ts[2m > [22mpackage.json views configuration[2m > [22mview/item/context inline actions[2m > [22mshould not use old view ID (orchestraSprintExplorer) in any menu items
 [32mΓ£ô[39m extension/test/unit/package-json-views.test.ts[2m > [22mpackage.json views configuration[2m > [22mview/item/context inline actions[2m > [22mshould use correct view ID (orchestra.sprintExplorer) in all menus
 [32mΓ£ô[39m extension/test/unit/package-json-views.test.ts[2m > [22mpackage.json views configuration[2m > [22mkeybindings configuration[2m > [22mshould have keybindings registered
 [32mΓ£ô[39m extension/test/unit/package-json-views.test.ts[2m > [22mpackage.json views configuration[2m > [22mkeybindings configuration[2m > [22mplayTask Enter keybinding[2m > [22mshould be registered
 [32mΓ£ô[39m extension/test/unit/package-json-views.test.ts[2m > [22mpackage.json views configuration[2m > [22mkeybindings configuration[2m > [22mplayTask Enter keybinding[2m > [22mshould use Enter key
 [32mΓ£ô[39m extension/test/unit/package-json-views.test.ts[2m > [22mpackage.json views configuration[2m > [22mkeybindings configuration[2m > [22mplayTask Enter keybinding[2m > [22mshould have when clause for sprint explorer with list focus
 [32mΓ£ô[39m extension/test/unit/package-json-views.test.ts[2m > [22mpackage.json views configuration[2m > [22mkeybindings configuration[2m > [22mplayTask Enter keybinding[2m > [22mshould use correct view ID (orchestra.sprintExplorer)
 [32mΓ£ô[39m extension/test/unit/package-json-views.test.ts[2m > [22mpackage.json views configuration[2m > [22mcommands configuration[2m > [22morchestra.playTask command[2m > [22mshould be registered
 [32mΓ£ô[39m extension/test/unit/package-json-views.test.ts[2m > [22mpackage.json views configuration[2m > [22mcommands configuration[2m > [22morchestra.playTask command[2m > [22mshould have title 'Play Task'
 [32mΓ£ô[39m extension/test/unit/package-json-views.test.ts[2m > [22mpackage.json views configuration[2m > [22mcommands configuration[2m > [22morchestra.playTask command[2m > [22mshould have play icon
 [32mΓ£ô[39m extension/test/unit/package-json-views.test.ts[2m > [22mpackage.json views configuration[2m > [22mviewItem regex patterns for status-specific menus[2m > [22mtask-specific menu items[2m > [22mshould use viewItem pattern for all task context menus
 [32mΓ£ô[39m extension/test/unit/package-json-views.test.ts[2m > [22mpackage.json views configuration[2m > [22mviewItem regex patterns for status-specific menus[2m > [22mtask-specific menu items[2m > [22mshould have openTaskDetail for all task items using task- prefix regex
 [32mΓ£ô[39m extension/test/unit/package-json-views.test.ts[2m > [22mpackage.json views configuration[2m > [22mviewItem regex patterns for status-specific menus[2m > [22mtask-specific menu items[2m > [22mshould have deEscalateTask only for escalated status
 [32mΓ£ô[39m extension/test/unit/package-json-views.test.ts[2m > [22mpackage.json views configuration[2m > [22mviewItem regex patterns for status-specific menus[2m > [22mtask-specific menu items[2m > [22mshould have moveToGateCheck for escalated and verify_failed statuses
 [32mΓ£ô[39m extension/test/unit/package-json-views.test.ts[2m > [22mpackage.json views configuration[2m > [22mviewItem regex patterns for status-specific menus[2m > [22mtask-specific menu items[2m > [22mshould have moveToImplement for escalated and verify_failed statuses
 [32mΓ£ô[39m extension/test/unit/package-json-views.test.ts[2m > [22mpackage.json views configuration[2m > [22mviewItem regex patterns for status-specific menus[2m > [22mtask-specific menu items[2m > [22mshould have forceComplete only for escalated status
 [32mΓ£ô[39m extension/test/unit/package-json-views.test.ts[2m > [22mpackage.json views configuration[2m > [22mviewItem regex patterns for status-specific menus[2m > [22mviewItem regex pattern structure[2m > [22mshould use proper regex syntax with =~ operator
 [32mΓ£ô[39m extension/test/unit/package-json-views.test.ts[2m > [22mpackage.json views configuration[2m > [22mviewItem regex patterns for status-specific menus[2m > [22mviewItem regex pattern structure[2m > [22mshould anchor task- patterns at the start with ^
 [32mΓ£ô[39m extension/test/unit/package-json-views.test.ts[2m > [22mpackage.json views configuration[2m > [22mviewItem regex patterns for status-specific menus[2m > [22mviewItem regex pattern structure[2m > [22mshould use proper alternation syntax for multiple statuses
 [32mΓ£ô[39m extension/test/unit/package-json-views.test.ts[2m > [22mpackage.json views configuration[2m > [22mviewItem regex patterns for status-specific menus[2m > [22mstatus coverage[2m > [22mshould have menu items for PENDING status
 [32mΓ£ô[39m extension/test/unit/package-json-views.test.ts[2m > [22mpackage.json views configuration[2m > [22mviewItem regex patterns for status-specific menus[2m > [22mstatus coverage[2m > [22mshould have menu items for IMPLEMENT status
 [32mΓ£ô[39m extension/test/unit/package-json-views.test.ts[2m > [22mpackage.json views configuration[2m > [22mviewItem regex patterns for status-specific menus[2m > [22mstatus coverage[2m > [22mshould have menu items for ESCALATED status
 [32mΓ£ô[39m extension/test/unit/package-json-views.test.ts[2m > [22mpackage.json views configuration[2m > [22mviewItem regex patterns for status-specific menus[2m > [22mstatus coverage[2m > [22mshould have menu items for VERIFY_FAILED status
 [32mΓ£ô[39m test/integration/check-templates-harness.test.ts[2m > [22mcheck-templates integration with test harnesses[2m > [22mDart harness validation[2m > [22mshould have dart test harness available
 [32mΓ£ô[39m test/integration/check-templates-harness.test.ts[2m > [22mcheck-templates integration with test harnesses[2m > [22mDart harness validation[2m > [22mTask-ID annotation pattern should match real Dart files
 [32mΓ£ô[39m test/integration/check-templates-harness.test.ts[2m > [22mcheck-templates integration with test harnesses[2m > [22mDart harness validation[2m > [22mRed-phase test file pattern should match Dart test functions
 [32mΓ£ô[39m test/integration/check-templates-harness.test.ts[2m > [22mcheck-templates integration with test harnesses[2m > [22mDart harness validation[2m > [22mRed-phase test file pattern should match Dart test/group calls
 [32mΓ£ô[39m test/integration/check-templates-harness.test.ts[2m > [22mcheck-templates integration with test harnesses[2m > [22mDart harness validation[2m > [22mshould find test functions in all expected Dart test files
 [32mΓ£ô[39m test/integration/check-templates-harness.test.ts[2m > [22mcheck-templates integration with test harnesses[2m > [22mDart harness validation[2m > [22mshould NOT match non-test Dart files with the red-phase check
 [32mΓ£ô[39m test/integration/check-templates-harness.test.ts[2m > [22mcheck-templates integration with test harnesses[2m > [22mTypeScript harness validation[2m > [22mshould have typescript test harness available
 [32mΓ£ô[39m test/integration/check-templates-harness.test.ts[2m > [22mcheck-templates integration with test harnesses[2m > [22mTypeScript harness validation[2m > [22mTask-ID annotation pattern should match real TypeScript files
 [32mΓ£ô[39m test/integration/check-templates-harness.test.ts[2m > [22mcheck-templates integration with test harnesses[2m > [22mTypeScript harness validation[2m > [22mRed-phase structural check should validate test function presence in test/red/ files
 [32mΓ£ô[39m test/integration/check-templates-harness.test.ts[2m > [22mcheck-templates integration with test harnesses[2m > [22mTypeScript harness validation[2m > [22mshould match test function calls in TypeScript test files
 [32mΓ£ô[39m test/integration/check-templates-harness.test.ts[2m > [22mcheck-templates integration with test harnesses[2m > [22mTypeScript harness validation[2m > [22mstructural check should use test/red/ directory path for TypeScript
 [32mΓ£ô[39m test/integration/check-templates-harness.test.ts[2m > [22mcheck-templates integration with test harnesses[2m > [22mCross-language pattern consistency[2m > [22mall languages should produce exactly 3 checks
 [32mΓ£ô[39m test/integration/check-templates-harness.test.ts[2m > [22mcheck-templates integration with test harnesses[2m > [22mCross-language pattern consistency[2m > [22mall languages should have 1 test_verification + 2 structural checks
 [32mΓ£ô[39m test/integration/check-templates-harness.test.ts[2m > [22mcheck-templates integration with test harnesses[2m > [22mCross-language pattern consistency[2m > [22mtest_verification checks should have correct tier and expect config
 [32mΓ£ô[39m test/integration/check-templates-harness.test.ts[2m > [22mcheck-templates integration with test harnesses[2m > [22mCross-language pattern consistency[2m > [22mall patterns should be valid regex
 [32mΓ£ô[39m test/integration/check-templates-harness.test.ts[2m > [22mcheck-templates integration with test harnesses[2m > [22mtest_verification check format consistency[2m > [22mall languages should use declarative test_verification with red tier
 [32mΓ£ô[39m test/integration/check-templates-harness.test.ts[2m > [22mcheck-templates integration with test harnesses[2m > [22mtest_verification check format consistency[2m > [22mno language should produce behavioral checks
 [32mΓ£ô[39m test/integration/check-templates-harness.test.ts[2m > [22mcheck-templates integration with test harnesses[2m > [22mtest_verification check format consistency[2m > [22mtest_verification checks should not contain shell commands
 [32mΓ£ô[39m extension/test/unit/chat/SessionManager.test.ts[2m > [22mSessionManager[2m > [22mpromptUserToSelectSession[2m > [22mshould capture and return selected tab label on success[33m 511[2mms[22m[39m
 [32mΓ£ô[39m extension/test/unit/chat/SessionManager.test.ts[2m > [22mSessionManager[2m > [22mpromptUserToSelectSession[2m > [22mshould return null when user cancels initial dialog
 [32mΓ£ô[39m extension/test/unit/ensurePromptTemplates.test.ts[2m > [22mensurePromptTemplates - Behavior tests[2m > [22mdirectory creation[2m > [22mshould create .orchestra/templates/prompts directory
 [32mΓ£ô[39m extension/test/unit/ensurePromptTemplates.test.ts[2m > [22mensurePromptTemplates - Behavior tests[2m > [22mdirectory creation[2m > [22mshould create _partials subdirectory
 [32mΓ£ô[39m extension/test/unit/ensurePromptTemplates.test.ts[2m > [22mensurePromptTemplates - Behavior tests[2m > [22mdirectory creation[2m > [22mshould create _schema subdirectory
 [32mΓ£ô[39m extension/test/unit/ensurePromptTemplates.test.ts[2m > [22mensurePromptTemplates - Behavior tests[2m > [22mdirectory creation[2m > [22mshould log when directories are created
 [32mΓ£ô[39m extension/test/unit/ensurePromptTemplates.test.ts[2m > [22mensurePromptTemplates - Behavior tests[2m > [22mfile copying[2m > [22mshould copy .hbs files from source to target
 [32mΓ£ô[39m extension/test/unit/ensurePromptTemplates.test.ts[2m > [22mensurePromptTemplates - Behavior tests[2m > [22mfile copying[2m > [22mshould copy multiple .hbs files
 [32mΓ£ô[39m extension/test/unit/ensurePromptTemplates.test.ts[2m > [22mensurePromptTemplates - Behavior tests[2m > [22mfile copying[2m > [22mshould only copy .hbs files, not other file types
 [32mΓ£ô[39m extension/test/unit/ensurePromptTemplates.test.ts[2m > [22mensurePromptTemplates - Behavior tests[2m > [22mfile copying[2m > [22mshould copy files from _partials directory
 [32mΓ£ô[39m extension/test/unit/ensurePromptTemplates.test.ts[2m > [22mensurePromptTemplates - Behavior tests[2m > [22mfile copying[2m > [22mshould copy files from _schema directory
 [32mΓ£ô[39m extension/test/unit/ensurePromptTemplates.test.ts[2m > [22mensurePromptTemplates - Behavior tests[2m > [22mfile copying[2m > [22mshould log when files are synced
 [32mΓ£ô[39m extension/test/unit/ensurePromptTemplates.test.ts[2m > [22mensurePromptTemplates - Behavior tests[2m > [22midempotent behavior[2m > [22mshould be safe to call multiple times
 [32mΓ£ô[39m extension/test/unit/ensurePromptTemplates.test.ts[2m > [22mensurePromptTemplates - Behavior tests[2m > [22midempotent behavior[2m > [22mshould overwrite regular templates with extension updates
 [32mΓ£ô[39m extension/test/unit/ensurePromptTemplates.test.ts[2m > [22mensurePromptTemplates - Behavior tests[2m > [22midempotent behavior[2m > [22mshould preserve coding-standards.hbs (user-customizable file)
 [32mΓ£ô[39m extension/test/unit/ensurePromptTemplates.test.ts[2m > [22mensurePromptTemplates - Behavior tests[2m > [22midempotent behavior[2m > [22mshould not log directory creation on subsequent calls
 [32mΓ£ô[39m extension/test/unit/ensurePromptTemplates.test.ts[2m > [22mensurePromptTemplates - Behavior tests[2m > [22mmissing source directory handling[2m > [22mshould warn and return early if source directory does not exist
 [32mΓ£ô[39m extension/test/unit/ensurePromptTemplates.test.ts[2m > [22mensurePromptTemplates - Behavior tests[2m > [22mmissing source directory handling[2m > [22mshould still create target directories even if source is missing
 [32mΓ£ô[39m extension/test/unit/ensurePromptTemplates.test.ts[2m > [22mensurePromptTemplates - Behavior tests[2m > [22mmissing source directory handling[2m > [22mshould handle missing _partials source directory gracefully
 [32mΓ£ô[39m extension/test/unit/ensurePromptTemplates.test.ts[2m > [22mensurePromptTemplates - Behavior tests[2m > [22mmissing source directory handling[2m > [22mshould handle missing _schema source directory gracefully
 [32mΓ£ô[39m extension/test/unit/ensurePromptTemplates.test.ts[2m > [22mensurePromptTemplates - Behavior tests[2m > [22merror handling[2m > [22mshould have try-catch error handlers in implementation
 [32mΓ£ô[39m extension/test/unit/ensurePromptTemplates.test.ts[2m > [22mensurePromptTemplates - Behavior tests[2m > [22msubdirectory handling[2m > [22mshould not recurse into non-special subdirectories
 [32mΓ£ô[39m extension/test/unit/agents/ToolRegistry.test.ts[2m > [22mToolRegistry[2m > [22mregister[2m > [22mshould register a tool successfully
 [32mΓ£ô[39m extension/test/unit/agents/ToolRegistry.test.ts[2m > [22mToolRegistry[2m > [22mregister[2m > [22mshould throw error when registering duplicate tool name
 [32mΓ£ô[39m extension/test/unit/agents/ToolRegistry.test.ts[2m > [22mToolRegistry[2m > [22mregisterAll[2m > [22mshould register multiple tools
 [32mΓ£ô[39m extension/test/unit/agents/ToolRegistry.test.ts[2m > [22mToolRegistry[2m > [22mregisterAll[2m > [22mshould handle empty array
 [32mΓ£ô[39m extension/test/unit/agents/ToolRegistry.test.ts[2m > [22mToolRegistry[2m > [22munregister[2m > [22mshould remove a registered tool
 [32mΓ£ô[39m extension/test/unit/agents/ToolRegistry.test.ts[2m > [22mToolRegistry[2m > [22munregister[2m > [22mshould not throw when unregistering non-existent tool
 [32mΓ£ô[39m extension/test/unit/agents/ToolRegistry.test.ts[2m > [22mToolRegistry[2m > [22mget[2m > [22mshould return tool when found
 [32mΓ£ô[39m extension/test/unit/agents/ToolRegistry.test.ts[2m > [22mToolRegistry[2m > [22mget[2m > [22mshould return undefined when tool not found
 [32mΓ£ô[39m extension/test/unit/agents/ToolRegistry.test.ts[2m > [22mToolRegistry[2m > [22mhas[2m > [22mshould return true for registered tool
 [32mΓ£ô[39m extension/test/unit/agents/ToolRegistry.test.ts[2m > [22mToolRegistry[2m > [22mhas[2m > [22mshould return false for unregistered tool
 [32mΓ£ô[39m extension/test/unit/agents/ToolRegistry.test.ts[2m > [22mToolRegistry[2m > [22mlist[2m > [22mshould return all registered tools
 [32mΓ£ô[39m extension/test/unit/agents/ToolRegistry.test.ts[2m > [22mToolRegistry[2m > [22mlist[2m > [22mshould return empty array when no tools registered
 [32mΓ£ô[39m extension/test/unit/agents/ToolRegistry.test.ts[2m > [22mToolRegistry[2m > [22mnames[2m > [22mshould return all tool names
 [32mΓ£ô[39m extension/test/unit/agents/ToolRegistry.test.ts[2m > [22mToolRegistry[2m > [22mnames[2m > [22mshould return empty array when no tools registered
 [32mΓ£ô[39m extension/test/unit/agents/ToolRegistry.test.ts[2m > [22mToolRegistry[2m > [22mgetToolDefinitions[2m > [22mshould convert tools to vscode.lm format
 [32mΓ£ô[39m extension/test/unit/agents/ToolRegistry.test.ts[2m > [22mToolRegistry[2m > [22mgetToolDefinitions[2m > [22mshould return empty array when no tools registered
 [32mΓ£ô[39m extension/test/unit/agents/ToolRegistry.test.ts[2m > [22mToolRegistry[2m > [22mgetToolDefinitions[2m > [22mshould convert multiple tools
 [32mΓ£ô[39m extension/test/unit/agents/ToolRegistry.test.ts[2m > [22mToolRegistry[2m > [22mexecute[2m > [22mshould execute tool successfully
 [32mΓ£ô[39m extension/test/unit/agents/ToolRegistry.test.ts[2m > [22mToolRegistry[2m > [22mexecute[2m > [22mshould throw error when tool not found
 [32mΓ£ô[39m extension/test/unit/agents/tools/coding/validateEdit.test.ts[2m > [22mvalidateEdit[2m > [22mLanguage Detection[2m > [22mdetects TypeScript from .ts extension[33m 1310[2mms[22m[39m
 [32mΓ£ô[39m test/unit/mcp-server/handlers/get-sprint-status.test.ts[2m > [22mget_sprint_status handler[2m > [22mbasic sprint status[2m > [22mshould return sprint status without TDD summary when no registry entries
 [32mΓ£ô[39m test/unit/mcp-server/handlers/get-sprint-status.test.ts[2m > [22mget_sprint_status handler[2m > [22mTDD summary[2m > [22mshould include TDD summary with status breakdown when relationships exist
 [32mΓ£ô[39m test/unit/mcp-server/handlers/get-sprint-status.test.ts[2m > [22mget_sprint_status handler[2m > [22mTDD summary[2m > [22mshould set blocking_closeout to false when all relationships are completed
 [32mΓ£ô[39m test/unit/mcp-server/handlers/get-sprint-status.test.ts[2m > [22mget_sprint_status handler[2m > [22mTDD summary[2m > [22mshould detect orphaned green_task_id entries
 [32mΓ£ô[39m test/unit/mcp-server/handlers/get-sprint-status.test.ts[2m > [22mget_sprint_status handler[2m > [22mTDD summary[2m > [22mshould only detect orphaned entries when green_task_id references non-existent task
 [32mΓ£ô[39m extension/test/unit/agents/ToolRegistry.test.ts[2m > [22mToolRegistry[2m > [22mexecute[2m > [22mshould retry on failure and succeed[33m 311[2mms[22m[39m
 [32mΓ£ô[39m extension/test/unit/chat/SessionManager.test.ts[2m > [22mSessionManager[2m > [22mpromptUserToSelectSession[2m > [22mshould return null when user cancels confirmation dialog[33m 539[2mms[22m[39m
 [32mΓ£ô[39m test/unit/mcp-server/pattern-validation.test.ts[2m > [22mPattern Validation[2m > [22mStructural Check Validation[2m > [22mshould warn when glob pattern matches no files
 [32mΓ£ô[39m test/unit/mcp-server/pattern-validation.test.ts[2m > [22mPattern Validation[2m > [22mStructural Check Validation[2m > [22mshould warn when pattern doesn't match file content
 [32mΓ£ô[39m test/unit/mcp-server/pattern-validation.test.ts[2m > [22mPattern Validation[2m > [22mStructural Check Validation[2m > [22mshould warn when pattern matches fewer than min_matches
 [32mΓ£ô[39m test/unit/mcp-server/pattern-validation.test.ts[2m > [22mPattern Validation[2m > [22mStructural Check Validation[2m > [22mshould pass when pattern matches successfully
 [32mΓ£ô[39m test/unit/mcp-server/pattern-validation.test.ts[2m > [22mPattern Validation[2m > [22mStructural Check Validation[2m > [22mshould error when path is a directory without glob
 [32mΓ£ô[39m test/unit/mcp-server/pattern-validation.test.ts[2m > [22mPattern Validation[2m > [22mStructural Check Validation[2m > [22mshould error when non-glob path has no file extension
 [32mΓ£ô[39m test/unit/mcp-server/pattern-validation.test.ts[2m > [22mPattern Validation[2m > [22mStructural Check Validation[2m > [22mshould handle glob patterns across multiple files
 [32mΓ£ô[39m test/unit/mcp-server/pattern-validation.test.ts[2m > [22mPattern Validation[2m > [22mStructural Check Validation[2m > [22mshould handle multiline regex patterns
 [32mΓ£ô[39m test/unit/mcp-server/pattern-validation.test.ts[2m > [22mPattern Validation[2m > [22mStructural Check Validation[2m > [22mshould error on invalid regex pattern
 [32mΓ£ô[39m test/unit/mcp-server/pattern-validation.test.ts[2m > [22mPattern Validation[2m > [22mQuality Check Validation[2m > [22mshould skip command-based quality checks
 [32mΓ£ô[39m test/unit/mcp-server/pattern-validation.test.ts[2m > [22mPattern Validation[2m > [22mQuality Check Validation[2m > [22mshould validate path-based quality checks
 [32mΓ£ô[39m test/unit/mcp-server/pattern-validation.test.ts[2m > [22mPattern Validation[2m > [22mQuality Check Validation[2m > [22mshould warn when quality check pattern doesn't match
 [32mΓ£ô[39m test/unit/mcp-server/pattern-validation.test.ts[2m > [22mPattern Validation[2m > [22mQuality Check Validation[2m > [22mshould handle glob patterns in quality checks
 [32mΓ£ô[39m test/unit/mcp-server/pattern-validation.test.ts[2m > [22mPattern Validation[2m > [22mMixed Check Validation[2m > [22mshould validate multiple check types together
 [32mΓ£ô[39m test/unit/mcp-server/pattern-validation.test.ts[2m > [22mPattern Validation[2m > [22mMixed Check Validation[2m > [22mshould collect warnings from multiple checks
 [32mΓ£ô[39m test/unit/mcp-server/pattern-validation.test.ts[2m > [22mPattern Validation[2m > [22mEdge Cases[2m > [22mshould handle empty verification criteria
 [32mΓ£ô[39m test/unit/mcp-server/pattern-validation.test.ts[2m > [22mPattern Validation[2m > [22mEdge Cases[2m > [22mshould handle binary/unreadable files gracefully
 [32mΓ£ô[39m test/unit/mcp-server/pattern-validation.test.ts[2m > [22mPattern Validation[2m > [22mEdge Cases[2m > [22mshould handle absolute paths
 [32mΓ£ô[39m test/unit/mcp-server/pattern-validation.test.ts[2m > [22mPattern Validation[2m > [22mEdge Cases[2m > [22mshould handle pattern without min_matches (defaults to 1)
 [32mΓ£ô[39m test/unit/db/tdd-schema.test.ts[2m > [22mTDD Schema Tables[2m > [22mtddTaskRelationships table[2m > [22mshould exist and be exported from schema
 [32mΓ£ô[39m test/unit/db/tdd-schema.test.ts[2m > [22mTDD Schema Tables[2m > [22mtddTaskRelationships table[2m > [22mshould have correct columns with proper types
 [32mΓ£ô[39m test/unit/db/tdd-schema.test.ts[2m > [22mTDD Schema Tables[2m > [22mtddTaskRelationships table[2m > [22mshould have foreign keys with cascade delete
 [32mΓ£ô[39m test/unit/db/tdd-schema.test.ts[2m > [22mTDD Schema Tables[2m > [22mtddTaskRelationships table[2m > [22mshould have appropriate indexes
 [32mΓ£ô[39m test/unit/db/tdd-schema.test.ts[2m > [22mTDD Schema Tables[2m > [22mtddTaskRelationships table[2m > [22mshould enforce unique constraint on (sprint_id, red_task_id, green_task_id)
 [32mΓ£ô[39m test/unit/db/tdd-schema.test.ts[2m > [22mTDD Schema Tables[2m > [22mtddTaskRelationships table[2m > [22mshould cascade delete when sprint is deleted
 [32mΓ£ô[39m test/unit/db/tdd-schema.test.ts[2m > [22mTDD Schema Tables[2m > [22mtddRedRegistry table[2m > [22mshould exist and be exported from schema
 [32mΓ£ô[39m test/unit/db/tdd-schema.test.ts[2m > [22mTDD Schema Tables[2m > [22mtddRedRegistry table[2m > [22mshould have correct columns with proper types and defaults
 [32mΓ£ô[39m test/unit/db/tdd-schema.test.ts[2m > [22mTDD Schema Tables[2m > [22mtddRedRegistry table[2m > [22mshould have foreign keys with cascade delete
 [32mΓ£ô[39m test/unit/db/tdd-schema.test.ts[2m > [22mTDD Schema Tables[2m > [22mtddRedRegistry table[2m > [22mshould have appropriate indexes
 [32mΓ£ô[39m test/unit/db/tdd-schema.test.ts[2m > [22mTDD Schema Tables[2m > [22mtddRedRegistry table[2m > [22mshould enforce unique constraint on (sprint_id, test_file)
 [32mΓ£ô[39m test/unit/db/tdd-schema.test.ts[2m > [22mTDD Schema Tables[2m > [22mtddRedRegistry table[2m > [22mshould cascade delete when sprint is deleted
 [32mΓ£ô[39m test/unit/core/tdd-marker-scanner.test.ts[2m > [22mTDD Marker Scanner[2m > [22misRedPhaseTestPath[2m > [22mshould detect files under test/red/
 [32mΓ£ô[39m test/unit/core/tdd-marker-scanner.test.ts[2m > [22mTDD Marker Scanner[2m > [22misRedPhaseTestPath[2m > [22mshould handle Windows-style backslash paths
 [32mΓ£ô[39m test/unit/core/tdd-marker-scanner.test.ts[2m > [22mTDD Marker Scanner[2m > [22misRedPhaseTestPath[2m > [22mshould NOT detect files outside test/red/
 [32mΓ£ô[39m test/unit/core/tdd-marker-scanner.test.ts[2m > [22mTDD Marker Scanner[2m > [22mTask ID extraction from // @orchestra-task: N[2m > [22mshould extract task ID from TypeScript file
 [32mΓ£ô[39m test/unit/core/tdd-marker-scanner.test.ts[2m > [22mTDD Marker Scanner[2m > [22mTask ID extraction from // @orchestra-task: N[2m > [22mshould extract task ID from Dart file
 [32mΓ£ô[39m test/unit/core/tdd-marker-scanner.test.ts[2m > [22mTDD Marker Scanner[2m > [22mTask ID extraction from // @orchestra-task: N[2m > [22mshould extract task ID from Python file with # comment
 [32mΓ£ô[39m test/unit/core/tdd-marker-scanner.test.ts[2m > [22mTDD Marker Scanner[2m > [22mTask ID extraction from // @orchestra-task: N[2m > [22mshould return null if no task ID comment
 [32mΓ£ô[39m test/unit/core/tdd-marker-scanner.test.ts[2m > [22mTDD Marker Scanner[2m > [22mTask ID extraction from // @orchestra-task: N[2m > [22mshould work with extractOrchestraTaskId directly
 [32mΓ£ô[39m test/unit/core/tdd-marker-scanner.test.ts[2m > [22mTDD Marker Scanner[2m > [22mTask ID extraction from // @orchestra-task: N[2m > [22mshould return null for empty lines
 [32mΓ£ô[39m test/unit/core/tdd-marker-scanner.test.ts[2m > [22mTDD Marker Scanner[2m > [22mPath-based detection - scanTddFile[2m > [22mshould detect file under test/red/ as red-phase
 [32mΓ£ô[39m test/unit/core/tdd-marker-scanner.test.ts[2m > [22mTDD Marker Scanner[2m > [22mPath-based detection - scanTddFile[2m > [22mshould NOT detect file outside test/red/ as red-phase
 [32mΓ£ô[39m test/unit/core/tdd-marker-scanner.test.ts[2m > [22mTDD Marker Scanner[2m > [22mPath-based detection - scanTddFile[2m > [22mshould detect nested files under test/red/
 [32mΓ£ô[39m test/unit/core/tdd-marker-scanner.test.ts[2m > [22mTDD Marker Scanner[2m > [22mscanForTddRedMarkers[2m > [22mshould return markers for file under test/red/
 [32mΓ£ô[39m test/unit/core/tdd-marker-scanner.test.ts[2m > [22mTDD Marker Scanner[2m > [22mscanForTddRedMarkers[2m > [22mshould return empty array for file NOT under test/red/
 [32mΓ£ô[39m test/unit/core/tdd-marker-scanner.test.ts[2m > [22mTDD Marker Scanner[2m > [22mscanForTddRedMarkers[2m > [22mshould return empty array for empty file outside test/red/
 [32mΓ£ô[39m test/unit/core/tdd-marker-scanner.test.ts[2m > [22mTDD Marker Scanner[2m > [22mContent-based markers are NOT used[2m > [22mshould NOT detect [tdd-red] in test names (content scanning removed)
 [32mΓ£ô[39m test/unit/core/tdd-marker-scanner.test.ts[2m > [22mTDD Marker Scanner[2m > [22mContent-based markers are NOT used[2m > [22mshould NOT detect @Tags(['tdd-red']) in Dart files (content scanning removed)
 [32mΓ£ô[39m test/unit/core/tdd-marker-scanner.test.ts[2m > [22mTDD Marker Scanner[2m > [22mPath-based assertions for test/red/ subdirectories[2m > [22misRedPhaseTestPath with tier subdirectories[2m > [22mshould detect test/red/unit/ subdirectory paths
 [32mΓ£ô[39m test/unit/core/tdd-marker-scanner.test.ts[2m > [22mTDD Marker Scanner[2m > [22mPath-based assertions for test/red/ subdirectories[2m > [22misRedPhaseTestPath with tier subdirectories[2m > [22mshould detect test/red/integration/ subdirectory paths
 [32mΓ£ô[39m test/unit/core/tdd-marker-scanner.test.ts[2m > [22mTDD Marker Scanner[2m > [22mPath-based assertions for test/red/ subdirectories[2m > [22misRedPhaseTestPath with tier subdirectories[2m > [22mshould detect test/red/smoke/ subdirectory paths
 [32mΓ£ô[39m test/unit/core/tdd-marker-scanner.test.ts[2m > [22mTDD Marker Scanner[2m > [22mPath-based assertions for test/red/ subdirectories[2m > [22misRedPhaseTestPath with tier subdirectories[2m > [22mshould detect deeply nested paths under test/red/
 [32mΓ£ô[39m test/unit/core/tdd-marker-scanner.test.ts[2m > [22mTDD Marker Scanner[2m > [22mPath-based assertions for test/red/ subdirectories[2m > [22misRedPhaseTestPath with tier subdirectories[2m > [22mshould detect absolute paths containing test/red/ with tier subdirectories
 [32mΓ£ô[39m test/unit/core/tdd-marker-scanner.test.ts[2m > [22mTDD Marker Scanner[2m > [22mPath-based assertions for test/red/ subdirectories[2m > [22misRedPhaseTestPath with tier subdirectories[2m > [22mshould detect Windows paths containing test/red/ with tier subdirectories
 [32mΓ£ô[39m test/unit/core/tdd-marker-scanner.test.ts[2m > [22mTDD Marker Scanner[2m > [22mPath-based assertions for test/red/ subdirectories[2m > [22misRedPhaseTestPath with tier subdirectories[2m > [22mshould NOT detect paths like test/redunit/ or test/red-unit/
 [32mΓ£ô[39m test/unit/core/tdd-marker-scanner.test.ts[2m > [22mTDD Marker Scanner[2m > [22mPath-based assertions for test/red/ subdirectories[2m > [22mscanTddFile returns path-based markerType for red-phase files[2m > [22mshould return markerType: 'path-based' for test/red/unit/ file
 [32mΓ£ô[39m test/unit/core/tdd-marker-scanner.test.ts[2m > [22mTDD Marker Scanner[2m > [22mPath-based assertions for test/red/ subdirectories[2m > [22mscanTddFile returns path-based markerType for red-phase files[2m > [22mshould return markerType: 'path-based' for test/red/integration/ file
 [32mΓ£ô[39m test/unit/core/tdd-marker-scanner.test.ts[2m > [22mTDD Marker Scanner[2m > [22mPath-based assertions for test/red/ subdirectories[2m > [22mscanTddFile returns path-based markerType for red-phase files[2m > [22mshould return no markers for file in test/unit/ (not test/red/)
 [32mΓ£ô[39m test/unit/core/tdd-marker-scanner.test.ts[2m > [22mTDD Marker Scanner[2m > [22mPath-based assertions for test/red/ subdirectories[2m > [22mscanTddFile returns path-based markerType for red-phase files[2m > [22mshould return path-based markers for various tier subdirectories within test/red/
 [32mΓ£ô[39m extension/test/unit/chat/SessionManager.test.ts[2m > [22mSessionManager[2m > [22mpromptUserToSelectSession[2m > [22mshould return null when user dismisses confirmation dialog[33m 510[2mms[22m[39m
 [32mΓ£ô[39m extension/test/unit/agents/ToolRegistry.test.ts[2m > [22mToolRegistry[2m > [22mexecute[2m > [22mshould fail after exhausting retries[33m 659[2mms[22m[39m
 [32mΓ£ô[39m test/integration/tdd-pre-signal.test.ts[2m > [22mTDD Pre-Signal Integration[2m > [22mTDD validation integration[2m > [22mshould run TDD validation when tddRedPhase=true and taskId provided
 [32mΓ£ô[39m test/integration/tdd-pre-signal.test.ts[2m > [22mTDD Pre-Signal Integration[2m > [22mTDD validation integration[2m > [22mshould skip TDD validation when tddRedPhase=false
 [32mΓ£ô[39m extension/test/unit/agents/ToolRegistry.test.ts[2m > [22mToolRegistry[2m > [22mexecute[2m > [22mshould handle timeout option
 [32mΓ£ô[39m extension/test/unit/agents/ToolRegistry.test.ts[2m > [22mToolRegistry[2m > [22mexecute[2m > [22mshould execute successfully within timeout
 [32mΓ£ô[39m test/integration/tdd-pre-signal.test.ts[2m > [22mTDD Pre-Signal Integration[2m > [22mTDD validation integration[2m > [22mshould skip TDD validation when taskId not provided
 [32mΓ£ô[39m test/unit/core/testing/TestRunnerFactory.test.ts[2m > [22mTestRunnerFactory[2m > [22mcreate()[2m > [22mshould create a VitestRunner for 'vitest' framework
 [32mΓ£ô[39m test/unit/core/testing/TestRunnerFactory.test.ts[2m > [22mTestRunnerFactory[2m > [22mcreate()[2m > [22mshould create a DartRunner for 'dart' framework
 [32mΓ£ô[39m test/unit/core/testing/TestRunnerFactory.test.ts[2m > [22mTestRunnerFactory[2m > [22mcreate()[2m > [22mshould create a DartRunner for 'flutter' framework
 [32mΓ£ô[39m test/unit/core/testing/TestRunnerFactory.test.ts[2m > [22mTestRunnerFactory[2m > [22mcreate()[2m > [22mshould return runners that implement TestRunner interface
 [32mΓ£ô[39m test/unit/core/testing/TestRunnerFactory.test.ts[2m > [22mTestRunnerFactory[2m > [22mdetect()[2m > [22mDart project detection[2m > [22mshould return 'dart' when pubspec.yaml exists without Flutter SDK dependency
 [32mΓ£ô[39m test/unit/core/testing/TestRunnerFactory.test.ts[2m > [22mTestRunnerFactory[2m > [22mdetect()[2m > [22mDart project detection[2m > [22mshould return 'dart' for a minimal pubspec.yaml without flutter
 [32mΓ£ô[39m test/unit/core/testing/TestRunnerFactory.test.ts[2m > [22mTestRunnerFactory[2m > [22mdetect()[2m > [22mFlutter project detection[2m > [22mshould return 'flutter' when pubspec.yaml has Flutter SDK dependency
 [32mΓ£ô[39m test/unit/core/testing/TestRunnerFactory.test.ts[2m > [22mTestRunnerFactory[2m > [22mdetect()[2m > [22mFlutter project detection[2m > [22mshould return 'flutter' when pubspec.yaml contains sdk: flutter anywhere
 [32mΓ£ô[39m test/unit/core/testing/TestRunnerFactory.test.ts[2m > [22mTestRunnerFactory[2m > [22mdetect()[2m > [22mVitest project detection[2m > [22mshould return 'vitest' when vitest.config.ts exists without pubspec.yaml
 [32mΓ£ô[39m test/unit/core/testing/TestRunnerFactory.test.ts[2m > [22mTestRunnerFactory[2m > [22mdetect()[2m > [22mVitest project detection[2m > [22mshould return 'vitest' when vitest.config.js exists
 [32mΓ£ô[39m test/unit/core/testing/TestRunnerFactory.test.ts[2m > [22mTestRunnerFactory[2m > [22mdetect()[2m > [22mVitest project detection[2m > [22mshould return 'vitest' when vitest.config.mts exists
 [32mΓ£ô[39m test/unit/core/testing/TestRunnerFactory.test.ts[2m > [22mTestRunnerFactory[2m > [22mdetect()[2m > [22mVitest project detection[2m > [22mshould return 'vitest' when vitest.config.mjs exists
 [32mΓ£ô[39m test/unit/core/testing/TestRunnerFactory.test.ts[2m > [22mTestRunnerFactory[2m > [22mdetect()[2m > [22mdual-framework conflict detection[2m > [22mshould throw error with INVALID_INPUT when both pubspec.yaml and vitest.config.ts exist
 [32mΓ£ô[39m test/unit/core/testing/TestRunnerFactory.test.ts[2m > [22mTestRunnerFactory[2m > [22mdetect()[2m > [22mdual-framework conflict detection[2m > [22mshould throw error with INVALID_INPUT when Flutter pubspec and vitest.config.mjs exist
 [32mΓ£ô[39m test/unit/core/testing/TestRunnerFactory.test.ts[2m > [22mTestRunnerFactory[2m > [22mdetect()[2m > [22mmalformed manifest handling[2m > [22mshould throw clear error for empty pubspec.yaml
 [32mΓ£ô[39m test/unit/core/testing/TestRunnerFactory.test.ts[2m > [22mTestRunnerFactory[2m > [22mdetect()[2m > [22mmalformed manifest handling[2m > [22mshould throw clear error for malformed pubspec.yaml content
 [32mΓ£ô[39m test/unit/core/testing/TestRunnerFactory.test.ts[2m > [22mTestRunnerFactory[2m > [22mdetect()[2m > [22mmalformed manifest handling[2m > [22mshould throw clear error when pubspec.yaml is unreadable
 [32mΓ£ô[39m test/unit/core/testing/TestRunnerFactory.test.ts[2m > [22mTestRunnerFactory[2m > [22mdetect()[2m > [22mno markers found[2m > [22mshould return undefined when no pubspec.yaml and no vitest.config.* exist
 [32mΓ£ô[39m test/unit/core/testing/TestRunnerFactory.test.ts[2m > [22mTestRunnerFactory[2m > [22mdetect()[2m > [22mno markers found[2m > [22mshould return undefined when only unrelated files exist
 [32mΓ£ô[39m test/unit/core/testing/TestRunnerFactory.test.ts[2m > [22mMockRunner (FR-019 compliance)[2m > [22mshould implement TestRunner interface explicitly
 [32mΓ£ô[39m test/unit/core/testing/TestRunnerFactory.test.ts[2m > [22mMockRunner (FR-019 compliance)[2m > [22mshould accept any TestFramework value
 [32mΓ£ô[39m test/unit/core/testing/TestRunnerFactory.test.ts[2m > [22mMockRunner (FR-019 compliance)[2m > [22mshould return valid TestRunOutput from execute()
 [32mΓ£ô[39m test/unit/core/testing/TestRunnerFactory.test.ts[2m > [22mMockRunner (FR-019 compliance)[2m > [22mshould return string[] from buildCommand()
 [32mΓ£ô[39m test/unit/mcp-server/submit-verification-judgment-progress.test.ts[2m > [22msubmit_verification_judgment - Progress Tracking on Failure[2m > [22mAC1: Updates task status to VERIFY_FAILED when judgment is FAIL and retries remain
 [32mΓ£ô[39m test/unit/mcp-server/submit-verification-judgment-progress.test.ts[2m > [22msubmit_verification_judgment - Progress Tracking on Failure[2m > [22mAC2: Increments retry_count when verification fails
 [32mΓ£ô[39m test/unit/mcp-server/submit-verification-judgment-progress.test.ts[2m > [22msubmit_verification_judgment - Progress Tracking on Failure[2m > [22mAC3: Logs progress transition to VERIFY_FAILED status
 [32mΓ£ô[39m test/unit/mcp-server/submit-verification-judgment-progress.test.ts[2m > [22msubmit_verification_judgment - Progress Tracking on Failure[2m > [22mAC4: Creates feedback record with issues array
 [32mΓ£ô[39m test/unit/mcp-server/submit-verification-judgment-progress.test.ts[2m > [22msubmit_verification_judgment - Progress Tracking on Failure[2m > [22mEscalates task when max retries reached
 [32mΓ£ô[39m test/unit/mcp-server/submit-verification-judgment-progress.test.ts[2m > [22msubmit_verification_judgment - Progress Tracking on Failure[2m > [22mUpdates to VERIFY status on PASS judgment
 [32mΓ£ô[39m test/integration/tdd-pre-signal.test.ts[2m > [22mTDD Pre-Signal Integration[2m > [22mTDD validation integration[2m > [22mshould fail when registered test is NOT in test/red/
 [32mΓ£ô[39m test/integration/failure-path.test.ts[2m > [22mFailure Path Integration[2m > [22mVerification Failure Path[2m > [22mgenerates feedback after verify fails
 [32mΓ£ô[39m test/integration/failure-path.test.ts[2m > [22mFailure Path Integration[2m > [22mVerification Failure Path[2m > [22mincrements attempt counter based on progress entries
 [32mΓ£ô[39m test/integration/failure-path.test.ts[2m > [22mFailure Path Integration[2m > [22mFeedback Privacy[2m > [22mdoes not reveal verification criteria in feedback
 [32mΓ£ô[39m test/integration/failure-path.test.ts[2m > [22mFailure Path Integration[2m > [22mFeedback Privacy[2m > [22mstrips check.type from all feedback issues
 [32mΓ£ô[39m test/integration/failure-path.test.ts[2m > [22mFailure Path Integration[2m > [22mEscalation Path[2m > [22mescalates after max attempts exceeded
 [32mΓ£ô[39m test/integration/failure-path.test.ts[2m > [22mFailure Path Integration[2m > [22mEscalation Path[2m > [22mgenerates escalation report with attempt history
 [32mΓ£ô[39m test/integration/failure-path.test.ts[2m > [22mFailure Path Integration[2m > [22mEdge Cases[2m > [22mhandles already escalated task gracefully
 [32mΓ£ô[39m test/integration/failure-path.test.ts[2m > [22mFailure Path Integration[2m > [22mEdge Cases[2m > [22mthrows when escalating without reason
 [32mΓ£ô[39m test/integration/failure-path.test.ts[2m > [22mFailure Path Integration[2m > [22mEdge Cases[2m > [22mthrows when task not found
 [32mΓ£ô[39m test/integration/failure-path.test.ts[2m > [22mFailure Path Integration[2m > [22mEdge Cases[2m > [22mthrows when task is already complete
 [32mΓ£ô[39m test/integration/failure-path.test.ts[2m > [22mFailure Path Integration[2m > [22mComplete Failure Workflow[2m > [22mruns full cycle: verify fail ΓåÆ feedback ΓåÆ retry loop ΓåÆ escalate
 [32mΓ£ô[39m test/integration/tdd-pre-signal.test.ts[2m > [22mTDD Pre-Signal Integration[2m > [22mTDD validation integration[2m > [22mshould pass when file is registered and is in test/red/ (path-based)
 [32mΓ£ô[39m extension/test/unit/chat/SessionManager.test.ts[2m > [22mSessionManager[2m > [22mpromptUserToSelectSession[2m > [22mshould return null when no active tab is available[33m 515[2mms[22m[39m
 [32mΓ£ô[39m extension/test/unit/agents/tools/coding/validateEdit.test.ts[2m > [22mvalidateEdit[2m > [22mLanguage Detection[2m > [22mdetects JavaScript from .js extension[33m 1359[2mms[22m[39m
 [32mΓ£ô[39m test/integration/tdd-pre-signal.test.ts[2m > [22mTDD Pre-Signal Integration[2m > [22mTDD validation integration[2m > [22mshould pass when all tests are registered and in test/red/
 [32mΓ£ô[39m test/unit/core/check-templates.test.ts[2m > [22mcheck-templates[2m > [22mTDD_RED_CHECKS structure[2m > [22mshould have templates for all supported languages
 [32mΓ£ô[39m test/unit/core/check-templates.test.ts[2m > [22mcheck-templates[2m > [22mTDD_RED_CHECKS structure[2m > [22mshould have 3 checks per language (1 test_verification + 2 structural)
 [32mΓ£ô[39m test/unit/core/check-templates.test.ts[2m > [22mcheck-templates[2m > [22mTDD_RED_CHECKS structure[2m > [22mshould have all checks marked as BLOCKING severity
 [32mΓ£ô[39m test/unit/core/check-templates.test.ts[2m > [22mcheck-templates[2m > [22mTDD_RED_CHECKS structure[2m > [22mshould have placeholders in all templates
 [32mΓ£ô[39m test/unit/core/check-templates.test.ts[2m > [22mcheck-templates[2m > [22mgetTddRedChecks[2m > [22mshould replace all placeholders in returned checks
 [32mΓ£ô[39m test/unit/core/check-templates.test.ts[2m > [22mcheck-templates[2m > [22mgetTddRedChecks[2m > [22mshould include task ID in task-ID annotation pattern
 [32mΓ£ô[39m test/unit/core/check-templates.test.ts[2m > [22mcheck-templates[2m > [22mgetTddRedChecks[2m > [22mshould produce test_verification checks with correct tier config
 [32mΓ£ô[39m test/unit/core/check-templates.test.ts[2m > [22mcheck-templates[2m > [22mgetTddRedChecks[2m > [22mshould produce valid regex patterns
 [32mΓ£ô[39m test/unit/core/check-templates.test.ts[2m > [22mcheck-templates[2m > [22mgetTddRedChecks[2m > [22mshould throw for unsupported language
 [32mΓ£ô[39m test/unit/core/check-templates.test.ts[2m > [22mcheck-templates[2m > [22mdetectLanguageFromEnv[2m > [22mshould detect dart from flutter test command
 [32mΓ£ô[39m test/unit/core/check-templates.test.ts[2m > [22mcheck-templates[2m > [22mdetectLanguageFromEnv[2m > [22mshould detect dart from dart test command
 [32mΓ£ô[39m test/unit/core/check-templates.test.ts[2m > [22mcheck-templates[2m > [22mdetectLanguageFromEnv[2m > [22mshould detect typescript from npm test command
 [32mΓ£ô[39m test/unit/core/check-templates.test.ts[2m > [22mcheck-templates[2m > [22mdetectLanguageFromEnv[2m > [22mshould detect typescript from vitest/jest commands
 [32mΓ£ô[39m test/unit/core/check-templates.test.ts[2m > [22mcheck-templates[2m > [22mdetectLanguageFromEnv[2m > [22mshould detect python from pytest command
 [32mΓ£ô[39m test/unit/core/check-templates.test.ts[2m > [22mcheck-templates[2m > [22mdetectLanguageFromEnv[2m > [22mshould detect rust from cargo test command
 [32mΓ£ô[39m test/unit/core/check-templates.test.ts[2m > [22mcheck-templates[2m > [22mdetectLanguageFromEnv[2m > [22mshould detect from file pattern when command not available
 [32mΓ£ô[39m test/unit/core/check-templates.test.ts[2m > [22mcheck-templates[2m > [22mdetectLanguageFromEnv[2m > [22mshould return null for unknown patterns
 [32mΓ£ô[39m test/unit/core/check-templates.test.ts[2m > [22mcheck-templates[2m > [22mtest_verification check structure[2m > [22mshould produce test_verification checks with tier and expect for all languages
 [32mΓ£ô[39m test/unit/core/check-templates.test.ts[2m > [22mcheck-templates[2m > [22mtest_verification check structure[2m > [22mshould not have any behavioral checks in templates
 [32mΓ£ô[39m test/unit/core/check-templates.test.ts[2m > [22mcheck-templates[2m > [22mtest_verification check structure[2m > [22mshould have success and failure messages on test_verification checks
 [32mΓ£ô[39m test/unit/core/check-templates.test.ts[2m > [22mcheck-templates[2m > [22mtest_verification check structure[2m > [22mshould replace TASK_TITLE in test_verification descriptions
 [32mΓ£ô[39m test/unit/core/check-templates.test.ts[2m > [22mcheck-templates[2m > [22mPattern validity (regression prevention)[2m > [22mDart red-phase structural check should validate test function presence
 [32mΓ£ô[39m test/unit/core/check-templates.test.ts[2m > [22mcheck-templates[2m > [22mPattern validity (regression prevention)[2m > [22mTypeScript red-phase structural check should validate test function presence
 [32mΓ£ô[39m test/unit/core/check-templates.test.ts[2m > [22mcheck-templates[2m > [22mPattern validity (regression prevention)[2m > [22mTask-ID annotation patterns should match expected format
 [32mΓ£ô[39m test/unit/core/check-templates.test.ts[2m > [22mcheck-templates[2m > [22mPattern validity (regression prevention)[2m > [22mPython task-ID annotation uses # comment syntax
 [32mΓ£ô[39m test/unit/core/judgment-validator.test.ts[2m > [22mJudgment Validator[2m > [22mJVC-1: Verification results must exist[2m > [22mshould reject judgment when no verification results exist
 [32mΓ£ô[39m test/unit/core/judgment-validator.test.ts[2m > [22mJudgment Validator[2m > [22mJVC-1: Verification results must exist[2m > [22mshould pass when verification results exist
 [32mΓ£ô[39m test/unit/core/judgment-validator.test.ts[2m > [22mJudgment Validator[2m > [22mJVC-2: PASS requires no BLOCKING failures[2m > [22mshould reject PASS judgment when BLOCKING check failed
 [32mΓ£ô[39m test/unit/core/judgment-validator.test.ts[2m > [22mJudgment Validator[2m > [22mJVC-2: PASS requires no BLOCKING failures[2m > [22mshould allow PASS when BLOCKING checks pass
 [32mΓ£ô[39m test/unit/core/judgment-validator.test.ts[2m > [22mJudgment Validator[2m > [22mJVC-2: PASS requires no BLOCKING failures[2m > [22mshould allow PASS when only MINOR/INFO checks failed
 [32mΓ£ô[39m test/unit/core/judgment-validator.test.ts[2m > [22mJudgment Validator[2m > [22mJVC-2: PASS requires no BLOCKING failures[2m > [22mshould skip JVC-2 for FAIL judgment
 [32mΓ£ô[39m test/unit/core/judgment-validator.test.ts[2m > [22mJudgment Validator[2m > [22mJVC-3: Rationale required[2m > [22mshould reject when rationale is empty
 [32mΓ£ô[39m test/unit/core/judgment-validator.test.ts[2m > [22mJudgment Validator[2m > [22mJVC-3: Rationale required[2m > [22mshould reject when rationale is too short
 [32mΓ£ô[39m test/unit/core/judgment-validator.test.ts[2m > [22mJudgment Validator[2m > [22mJVC-3: Rationale required[2m > [22mshould pass when rationale is adequate
 [32mΓ£ô[39m test/unit/core/judgment-validator.test.ts[2m > [22mJudgment Validator[2m > [22mOverall validation result[2m > [22mshould return valid=true when all checks pass
 [32mΓ£ô[39m test/unit/core/judgment-validator.test.ts[2m > [22mJudgment Validator[2m > [22mOverall validation result[2m > [22mshould return blocking_failures when BLOCKING checks fail
 [32mΓ£ô[39m test/unit/core/judgment-validator.test.ts[2m > [22mJudgment Validator[2m > [22mCheck type constants[2m > [22mshould export JVC constants
 [32mΓ£ô[39m test/unit/core/judgment-validator.test.ts[2m > [22mJudgment Validator[2m > [22mMulti-attempt scenarios[2m > [22mshould allow PASS when previous attempt failed but current attempt passes
 [32mΓ£ô[39m extension/test/unit/agents/tools/coding/editLines.test.ts[2m > [22meditLines[2m > [22mvalid line range edit[2m > [22mshould replace lines 3-5 with new content
 [32mΓ£ô[39m extension/test/unit/agents/tools/coding/editLines.test.ts[2m > [22meditLines[2m > [22mvalid line range edit[2m > [22mshould handle single line replacement
 [32mΓ£ô[39m extension/test/unit/agents/tools/coding/editLines.test.ts[2m > [22meditLines[2m > [22mvalid line range edit[2m > [22mshould replace multiple lines with multiple new lines
 [32mΓ£ô[39m extension/test/unit/agents/tools/coding/editLines.test.ts[2m > [22meditLines[2m > [22mpreserve_indentation[2m > [22mshould match indentation of previous line when preserve_indentation=true
 [32mΓ£ô[39m extension/test/unit/agents/tools/coding/editLines.test.ts[2m > [22meditLines[2m > [22mpreserve_indentation[2m > [22mshould match indentation of next line when no previous line
 [32mΓ£ô[39m extension/test/unit/agents/tools/coding/editLines.test.ts[2m > [22meditLines[2m > [22mpreserve_indentation[2m > [22mshould preserve relative indentation within new_content
 [32mΓ£ô[39m extension/test/unit/agents/tools/coding/editLines.test.ts[2m > [22meditLines[2m > [22minvalid line range errors[2m > [22mshould return error when start_line is out of bounds
 [32mΓ£ô[39m extension/test/unit/agents/tools/coding/editLines.test.ts[2m > [22meditLines[2m > [22minvalid line range errors[2m > [22mshould return error when end_line is out of bounds
 [32mΓ£ô[39m extension/test/unit/agents/tools/coding/editLines.test.ts[2m > [22meditLines[2m > [22minvalid line range errors[2m > [22mshould return error when start_line > end_line
 [32mΓ£ô[39m extension/test/unit/agents/tools/coding/editLines.test.ts[2m > [22meditLines[2m > [22minvalid line range errors[2m > [22mshould return error when start_line is less than 1
 [32mΓ£ô[39m extension/test/unit/agents/tools/coding/editLines.test.ts[2m > [22meditLines[2m > [22mdry_run mode[2m > [22mshould return diff_preview without applying changes when dry_run=true
 [32mΓ£ô[39m extension/test/unit/agents/tools/coding/editLines.test.ts[2m > [22meditLines[2m > [22mdry_run mode[2m > [22mshould include context lines in diff preview
 [32mΓ£ô[39m extension/test/unit/agents/tools/coding/editLines.test.ts[2m > [22meditLines[2m > [22mfile not found[2m > [22mshould return FILE_NOT_FOUND error when file does not exist
 [32mΓ£ô[39m extension/test/unit/agents/tools/coding/editLines.test.ts[2m > [22meditLines[2m > [22mpath security[2m > [22mshould reject path traversal attempts
 [32mΓ£ô[39m extension/test/unit/agents/tools/coding/editLines.test.ts[2m > [22meditLines[2m > [22mapply edit failure[2m > [22mshould return COMMAND_FAILED when applyEdit fails
 [32mΓ£ô[39m extension/test/unit/agents/ToolRegistry.test.ts[2m > [22mToolRegistry[2m > [22mexecute[2m > [22mshould use default retry count of 3[33m 720[2mms[22m[39m
 [32mΓ£ô[39m extension/test/unit/agents/ToolRegistry.test.ts[2m > [22mToolRegistry[2m > [22mgetByCategory[2m > [22mshould filter tools by coding category
 [32mΓ£ô[39m extension/test/unit/agents/ToolRegistry.test.ts[2m > [22mToolRegistry[2m > [22mgetByCategory[2m > [22mshould filter tools by orchestra category
 [32mΓ£ô[39m extension/test/unit/agents/ToolRegistry.test.ts[2m > [22mToolRegistry[2m > [22mgetByCategory[2m > [22mshould filter tools by system category
 [32mΓ£ô[39m extension/test/unit/agents/ToolRegistry.test.ts[2m > [22mToolRegistry[2m > [22mgetByCategory[2m > [22mshould return empty array for category with no tools
 [32mΓ£ô[39m extension/test/unit/agents/ToolRegistry.test.ts[2m > [22mToolRegistry[2m > [22medge cases[2m > [22mshould handle tool returning error result
 [32mΓ£ô[39m test/unit/mcp-server/get-tasks.test.ts[2m > [22mget_tasks handler[2m > [22mtdd_red_phase field in task list[2m > [22mshould include tdd_red_phase=true for tasks with TDD requirement
 [32mΓ£ô[39m test/unit/mcp-server/get-tasks.test.ts[2m > [22mget_tasks handler[2m > [22mtdd_red_phase field in task list[2m > [22mshould include tdd_red_phase=false for tasks without TDD requirement
 [32mΓ£ô[39m test/unit/mcp-server/get-tasks.test.ts[2m > [22mget_tasks handler[2m > [22mtdd_red_phase field in task list[2m > [22mshould correctly return tdd_red_phase for multiple mixed tasks
 [32mΓ£ô[39m test/unit/mcp-server/get-tasks.test.ts[2m > [22mget_tasks handler[2m > [22mfiltering with tdd_red_phase included[2m > [22mshould include tdd_red_phase when filtering by status
 [32mΓ£ô[39m test/unit/mcp-server/get-tasks.test.ts[2m > [22mget_tasks handler[2m > [22mfiltering with tdd_red_phase included[2m > [22mshould include tdd_red_phase when filtering by category
 [32mΓ£ô[39m test/unit/mcp-server/get-tasks.test.ts[2m > [22mget_tasks handler[2m > [22mfiltering with tdd_red_phase included[2m > [22mshould include tdd_red_phase when filtering by phase_id
 [32mΓ£ô[39m test/unit/mcp-server/get-tasks.test.ts[2m > [22mget_tasks handler[2m > [22medge cases[2m > [22mshould return empty array with tdd_red_phase schema when no tasks exist
 [32mΓ£ô[39m test/unit/mcp-server/get-tasks.test.ts[2m > [22mget_tasks handler[2m > [22medge cases[2m > [22mshould handle tasks with verification checks and include tdd_red_phase
 [32mΓ£ô[39m test/unit/mcp-server/get-tasks.test.ts[2m > [22mget_tasks handler[2m > [22merror handling[2m > [22mshould handle invalid input gracefully
 [32mΓ£ô[39m test/unit/mcp-server/get-tasks.test.ts[2m > [22mget_tasks handler[2m > [22merror handling[2m > [22mshould return error when no active sprint exists
 [32mΓ£ô[39m test/unit/mcp-server/get-tasks.test.ts[2m > [22mget_tasks handler[2m > [22merror handling[2m > [22mshould return error for non-existent phase_id
 [32mΓ£ô[39m extension/test/unit/agents/ToolRegistry.test.ts[2m > [22mToolRegistry[2m > [22medge cases[2m > [22mshould measure execution duration accurately
 [32mΓ£ô[39m extension/test/unit/agents/ToolRegistry.test.ts[2m > [22mToolRegistry[2m > [22medge cases[2m > [22mshould generate unique toolCallId for each execution
 [32mΓ£ô[39m extension/test/unit/agents/ToolRegistry.test.ts[2m > [22mToolRegistry[2m > [22medge cases[2m > [22mshould handle non-Error exceptions in tool execution
 [32mΓ£ô[39m test/unit/mcp-server/submit-code-review.test.ts[2m > [22msubmit_code_review handler[2m > [22mrejects summary shorter than 30 characters
 [32mΓ£ô[39m test/unit/mcp-server/submit-code-review.test.ts[2m > [22msubmit_code_review handler[2m > [22mrejects missing or invalid risk
 [32mΓ£ô[39m test/unit/mcp-server/submit-code-review.test.ts[2m > [22msubmit_code_review handler[2m > [22mrejects empty files_reviewed array
 [32mΓ£ô[39m test/unit/mcp-server/submit-code-review.test.ts[2m > [22msubmit_code_review handler[2m > [22mrequires issues for CHANGES_REQUESTED
 [32mΓ£ô[39m test/unit/mcp-server/submit-code-review.test.ts[2m > [22msubmit_code_review handler[2m > [22mrejects invalid issue severity
 [32mΓ£ô[39m test/unit/mcp-server/submit-code-review.test.ts[2m > [22msubmit_code_review handler[2m > [22mauto-creates a review when none exists
 [32mΓ£ô[39m test/unit/mcp-server/submit-code-review.test.ts[2m > [22msubmit_code_review handler[2m > [22mclaims a pending review before applying decision
 [32mΓ£ô[39m test/unit/mcp-server/submit-code-review.test.ts[2m > [22msubmit_code_review handler[2m > [22mwrites issues for CHANGES_REQUESTED
 [32mΓ£ô[39m test/unit/mcp-server/submit-code-review.test.ts[2m > [22msubmit_code_review handler[2m > [22mwrites blocking issues for REJECTED
 [32mΓ£ô[39m test/unit/mcp-server/submit-code-review.test.ts[2m > [22msubmit_code_review handler[2m > [22msupports verifying_fixes mode for pending verification
 [32mΓ£ô[39m test/unit/mcp-server/submit-code-review.test.ts[2m > [22msubmit_code_review handler[2m > [22mauto-completes task when task gate and approved
 [32mΓ£ô[39m test/unit/mcp-server/submit-code-review.test.ts[2m > [22msubmit_code_review handler[2m > [22mreturns next_task_id when completing task with dependent tasks
 [32mΓ£ô[39m extension/test/unit/chat/SessionManager.test.ts[2m > [22mSessionManager[2m > [22mpromptUserToSelectSession[2m > [22mshould save label to database on successful selection[33m 526[2mms[22m[39m
 [32mΓ£ô[39m extension/test/unit/prompts/code-review-template-verification.test.ts[2m > [22mCode Review Template Verification[2m > [22mshould have templates available for rendering
 [32mΓ£ô[39m extension/test/unit/prompts/code-review-template-verification.test.ts[2m > [22mCode Review Template Verification[2m > [22mcode-review.hbs (single task review)[2m > [22mrenders with correct context variables
 [32mΓ£ô[39m extension/test/unit/prompts/code-review-template-verification.test.ts[2m > [22mCode Review Template Verification[2m > [22mcode-review.hbs (single task review)[2m > [22mincludes spec-protocol partial content
 [32mΓ£ô[39m extension/test/unit/prompts/code-review-template-verification.test.ts[2m > [22mCode Review Template Verification[2m > [22mcode-review.hbs (single task review)[2m > [22mincludes stub-hunter-mode partial content
 [32mΓ£ô[39m extension/test/unit/prompts/code-review-template-verification.test.ts[2m > [22mCode Review Template Verification[2m > [22mcode-review.hbs (single task review)[2m > [22mhas spec-protocol BEFORE stub-hunter-mode in output
 [32mΓ£ô[39m extension/test/unit/prompts/code-review-template-verification.test.ts[2m > [22mCode Review Template Verification[2m > [22mcode-review.hbs (single task review)[2m > [22mcontains Controller role instruction
 [32mΓ£ô[39m extension/test/unit/prompts/code-review-template-verification.test.ts[2m > [22mCode Review Template Verification[2m > [22mcode-review.hbs (single task review)[2m > [22mreferences get_code_review MCP tool
 [32mΓ£ô[39m extension/test/unit/prompts/code-review-template-verification.test.ts[2m > [22mCode Review Template Verification[2m > [22mcode-review-bulk.hbs (bulk review)[2m > [22mrenders with correct context variables
 [32mΓ£ô[39m extension/test/unit/prompts/code-review-template-verification.test.ts[2m > [22mCode Review Template Verification[2m > [22mcode-review-bulk.hbs (bulk review)[2m > [22mincludes spec-protocol partial content
 [32mΓ£ô[39m extension/test/unit/prompts/code-review-template-verification.test.ts[2m > [22mCode Review Template Verification[2m > [22mcode-review-bulk.hbs (bulk review)[2m > [22mincludes stub-hunter-mode partial content
 [32mΓ£ô[39m extension/test/unit/prompts/code-review-template-verification.test.ts[2m > [22mCode Review Template Verification[2m > [22mcode-review-bulk.hbs (bulk review)[2m > [22mhas spec-protocol BEFORE stub-hunter-mode in output
 [32mΓ£ô[39m extension/test/unit/prompts/code-review-template-verification.test.ts[2m > [22mCode Review Template Verification[2m > [22mcode-review-bulk.hbs (bulk review)[2m > [22mcontains Controller role instruction for multiple tasks
 [32mΓ£ô[39m extension/test/unit/prompts/code-review-template-verification.test.ts[2m > [22mCode Review Template Verification[2m > [22mcode-review-bulk.hbs (bulk review)[2m > [22minstructs to review one task at a time
 [32mΓ£ô[39m extension/test/unit/prompts/code-review-template-verification.test.ts[2m > [22mCode Review Template Verification[2m > [22mcode-review-bulk.hbs (bulk review)[2m > [22mreferences get_code_review_summary MCP tool
 [32mΓ£ô[39m extension/test/unit/prompts/code-review-template-verification.test.ts[2m > [22mCode Review Template Verification[2m > [22mcode-review-re-review.hbs (re-review after fixes)[2m > [22mrenders with correct context variables
 [32mΓ£ô[39m extension/test/unit/prompts/code-review-template-verification.test.ts[2m > [22mCode Review Template Verification[2m > [22mcode-review-re-review.hbs (re-review after fixes)[2m > [22mdoes NOT include spec-protocol partial content
 [32mΓ£ô[39m extension/test/unit/prompts/code-review-template-verification.test.ts[2m > [22mCode Review Template Verification[2m > [22mcode-review-re-review.hbs (re-review after fixes)[2m > [22mdoes NOT include stub-hunter-mode partial content
 [32mΓ£ô[39m extension/test/unit/prompts/code-review-template-verification.test.ts[2m > [22mCode Review Template Verification[2m > [22mcode-review-re-review.hbs (re-review after fixes)[2m > [22mcontains re-review focused content
 [32mΓ£ô[39m extension/test/unit/prompts/code-review-template-verification.test.ts[2m > [22mCode Review Template Verification[2m > [22mcode-review-re-review.hbs (re-review after fixes)[2m > [22mreferences get_code_review MCP tool
 [32mΓ£ô[39m extension/test/unit/prompts/code-review-template-verification.test.ts[2m > [22mCode Review Template Verification[2m > [22mcode-review-re-review.hbs (re-review after fixes)[2m > [22mreferences submit_code_review MCP tool
 [32mΓ£ô[39m extension/test/unit/prompts/code-review-template-verification.test.ts[2m > [22mCode Review Template Verification[2m > [22mcode-review-re-review.hbs (re-review after fixes)[2m > [22mmentions verifying_fixes parameter
 [32mΓ£ô[39m extension/test/unit/prompts/code-review-template-verification.test.ts[2m > [22mCode Review Template Verification[2m > [22mspec-protocol.hbs partial content completeness[2m > [22mcontains database access prohibition section (original content)
 [32mΓ£ô[39m extension/test/unit/prompts/code-review-template-verification.test.ts[2m > [22mCode Review Template Verification[2m > [22mspec-protocol.hbs partial content completeness[2m > [22mcontains spec-first protocol steps in single variant
 [32mΓ£ô[39m extension/test/unit/prompts/code-review-template-verification.test.ts[2m > [22mCode Review Template Verification[2m > [22mspec-protocol.hbs partial content completeness[2m > [22mcontains evidence table requirements
 [32mΓ£ô[39m extension/test/unit/prompts/code-review-template-verification.test.ts[2m > [22mCode Review Template Verification[2m > [22mspec-protocol.hbs partial content completeness[2m > [22mcontains review standards section
 [32mΓ£ô[39m extension/test/unit/prompts/code-review-template-verification.test.ts[2m > [22mCode Review Template Verification[2m > [22mspec-protocol.hbs partial content completeness[2m > [22mcontains decision guidance with issues array format
 [32mΓ£ô[39m extension/test/unit/prompts/code-review-template-verification.test.ts[2m > [22mCode Review Template Verification[2m > [22mspec-protocol.hbs partial content completeness[2m > [22mcontains minimal valid issues entry JSON example
 [32mΓ£ô[39m extension/test/unit/prompts/code-review-template-verification.test.ts[2m > [22mCode Review Template Verification[2m > [22mPromptBuilder routing logic[2m > [22mrenders code-review template when taskInfo is provided
 [32mΓ£ô[39m extension/test/unit/prompts/code-review-template-verification.test.ts[2m > [22mCode Review Template Verification[2m > [22mPromptBuilder routing logic[2m > [22mrenders code-review-bulk template when taskInfo is undefined
 [32mΓ£ô[39m extension/test/unit/prompts/code-review-template-verification.test.ts[2m > [22mCode Review Template Verification[2m > [22mPromptBuilder routing logic[2m > [22mrenders code-review-re-review template for re-review
 [32mΓ£ô[39m extension/test/unit/agents/tools/testing/VitestRunner.test.ts[2m > [22mVitestRunner[2m > [22mbuildCommand()[2m > [22mshould build basic vitest command with JSON reporter
 [32mΓ£ô[39m extension/test/unit/agents/tools/testing/VitestRunner.test.ts[2m > [22mVitestRunner[2m > [22mbuildCommand()[2m > [22mshould add -t flag when pattern is provided
 [32mΓ£ô[39m extension/test/unit/agents/tools/testing/VitestRunner.test.ts[2m > [22mVitestRunner[2m > [22mbuildCommand()[2m > [22mshould add --testTimeout flag when timeout is provided
 [32mΓ£ô[39m extension/test/unit/agents/tools/testing/VitestRunner.test.ts[2m > [22mVitestRunner[2m > [22mbuildCommand()[2m > [22mshould use 'vitest related' subcommand when relatedFiles are provided (US4)
 [32mΓ£ô[39m extension/test/unit/agents/tools/testing/VitestRunner.test.ts[2m > [22mVitestRunner[2m > [22mbuildCommand()[2m > [22mshould omit files array when using relatedFiles (US4)
 [32mΓ£ô[39m extension/test/unit/agents/tools/testing/VitestRunner.test.ts[2m > [22mVitestRunner[2m > [22mbuildCommand()[2m > [22mshould not include pool flags (removed for Vitest 4.x compatibility)
 [32mΓ£ô[39m extension/test/unit/agents/tools/testing/VitestRunner.test.ts[2m > [22mVitestRunner[2m > [22mbuildCommand()[2m > [22mshould append file paths at the end
 [32mΓ£ô[39m extension/test/unit/agents/tools/testing/VitestRunner.test.ts[2m > [22mVitestRunner[2m > [22mbuildCommand()[2m > [22mshould build command with pattern and timeout combined
 [32mΓ£ô[39m extension/test/unit/agents/tools/testing/VitestRunner.test.ts[2m > [22mVitestRunner[2m > [22mexecute()[2m > [22mshould spawn vitest process and return TestRunOutput on success
 [32mΓ£ô[39m extension/test/unit/agents/tools/testing/VitestRunner.test.ts[2m > [22mVitestRunner[2m > [22mexecute()[2m > [22mshould return non-zero exit code for failed tests
 [32mΓ£ô[39m test/unit/core/tdd-exclusion-resolver.test.ts[2m > [22mTDD Exclusion Resolver[2m > [22mresolveExclusions[2m > [22mshould collect test files from tdd_red_registry entries
 [32mΓ£ô[39m test/unit/core/tdd-exclusion-resolver.test.ts[2m > [22mTDD Exclusion Resolver[2m > [22mresolveExclusions[2m > [22mshould filter registry entries by sprint_id
 [32mΓ£ô[39m test/unit/core/tdd-exclusion-resolver.test.ts[2m > [22mTDD Exclusion Resolver[2m > [22mresolveExclusions[2m > [22mshould collect CREATE test files from file_operations
 [32mΓ£ô[39m test/unit/core/tdd-exclusion-resolver.test.ts[2m > [22mTDD Exclusion Resolver[2m > [22mresolveExclusions[2m > [22mshould detect test files across multiple languages
 [32mΓ£ô[39m test/unit/core/tdd-exclusion-resolver.test.ts[2m > [22mTDD Exclusion Resolver[2m > [22mresolveExclusions[2m > [22mshould ignore UPDATE and DELETE operations in file_operations
 [32mΓ£ô[39m test/unit/core/tdd-exclusion-resolver.test.ts[2m > [22mTDD Exclusion Resolver[2m > [22mresolveExclusions[2m > [22mshould combine registry and file_operations sources
 [32mΓ£ô[39m test/unit/core/tdd-exclusion-resolver.test.ts[2m > [22mTDD Exclusion Resolver[2m > [22mresolveExclusions[2m > [22mshould deduplicate files from multiple sources
 [32mΓ£ô[39m test/unit/core/tdd-exclusion-resolver.test.ts[2m > [22mTDD Exclusion Resolver[2m > [22mresolveExclusions[2m > [22mshould fall back to test/red/** when no inputs exist
 [32mΓ£ô[39m test/unit/core/tdd-exclusion-resolver.test.ts[2m > [22mTDD Exclusion Resolver[2m > [22mresolveExclusions[2m > [22mshould not use fallback when registry or file_operations have data
 [32mΓ£ô[39m test/unit/core/tdd-exclusion-resolver.test.ts[2m > [22mTDD Exclusion Resolver[2m > [22mmapToRunnerFlags[2m > [22mvitest[2m > [22mshould generate multiple --exclude flags for vitest
 [32mΓ£ô[39m test/unit/core/tdd-exclusion-resolver.test.ts[2m > [22mTDD Exclusion Resolver[2m > [22mmapToRunnerFlags[2m > [22mvitest[2m > [22mshould handle single exclusion for vitest
 [32mΓ£ô[39m test/unit/core/tdd-exclusion-resolver.test.ts[2m > [22mTDD Exclusion Resolver[2m > [22mmapToRunnerFlags[2m > [22mvitest[2m > [22mshould handle glob patterns for vitest
 [32mΓ£ô[39m test/unit/core/tdd-exclusion-resolver.test.ts[2m > [22mTDD Exclusion Resolver[2m > [22mmapToRunnerFlags[2m > [22mjest[2m > [22mshould generate --testPathIgnorePatterns for jest
 [32mΓ£ô[39m test/unit/core/tdd-exclusion-resolver.test.ts[2m > [22mTDD Exclusion Resolver[2m > [22mmapToRunnerFlags[2m > [22mjest[2m > [22mshould escape regex special characters for jest
 [32mΓ£ô[39m test/unit/core/tdd-exclusion-resolver.test.ts[2m > [22mTDD Exclusion Resolver[2m > [22mmapToRunnerFlags[2m > [22mjest[2m > [22mshould handle single exclusion for jest
 [32mΓ£ô[39m test/unit/core/tdd-exclusion-resolver.test.ts[2m > [22mTDD Exclusion Resolver[2m > [22mmapToRunnerFlags[2m > [22mflutter[2m > [22mshould return empty string for flutter (uses tag-based exclusion)
 [32mΓ£ô[39m test/unit/core/tdd-exclusion-resolver.test.ts[2m > [22mTDD Exclusion Resolver[2m > [22mmapToRunnerFlags[2m > [22mpytest[2m > [22mshould return empty string for pytest (uses marker-based exclusion)
 [32mΓ£ô[39m test/unit/core/tdd-exclusion-resolver.test.ts[2m > [22mTDD Exclusion Resolver[2m > [22mmapToRunnerFlags[2m > [22mpytest[2m > [22mshould return empty string for python -m pytest
 [32mΓ£ô[39m test/unit/core/tdd-exclusion-resolver.test.ts[2m > [22mTDD Exclusion Resolver[2m > [22mmapToRunnerFlags[2m > [22munknown runner[2m > [22mshould return empty string for unknown runners
 [32mΓ£ô[39m test/unit/core/tdd-exclusion-resolver.test.ts[2m > [22mTDD Exclusion Resolver[2m > [22mmapToRunnerFlags[2m > [22medge cases[2m > [22mshould return empty string when exclusions array is empty
 [32mΓ£ô[39m test/unit/core/tdd-exclusion-resolver.test.ts[2m > [22mTDD Exclusion Resolver[2m > [22mmapToRunnerFlags[2m > [22medge cases[2m > [22mshould handle npm script commands with vitest
 [32mΓ£ô[39m test/unit/core/tdd-exclusion-resolver.test.ts[2m > [22mTDD Exclusion Resolver[2m > [22mintegration scenarios[2m > [22mshould handle full workflow: resolve + map for vitest
 [32mΓ£ô[39m test/unit/core/tdd-exclusion-resolver.test.ts[2m > [22mTDD Exclusion Resolver[2m > [22mintegration scenarios[2m > [22mshould handle full workflow: resolve + map for jest
 [32mΓ£ô[39m test/unit/core/tdd-exclusion-resolver.test.ts[2m > [22mTDD Exclusion Resolver[2m > [22mintegration scenarios[2m > [22mshould handle full workflow: fallback + map for vitest
 [32mΓ£ô[39m extension/test/unit/agents/tools/testing/VitestRunner.test.ts[2m > [22mVitestRunner[2m > [22mexecute()[2m > [22mshould throw on timeout
 [32mΓ£ô[39m extension/test/unit/agents/tools/testing/VitestRunner.test.ts[2m > [22mVitestRunner[2m > [22mexecute()[2m > [22mshould throw on spawn failure (ENOENT)
 [32mΓ£ô[39m extension/test/unit/agents/tools/testing/VitestRunner.test.ts[2m > [22mVitestRunner[2m > [22mexecute()[2m > [22mshould throw when JSON output file is missing
 [32mΓ£ô[39m extension/test/unit/agents/tools/testing/VitestRunner.test.ts[2m > [22mVitestRunner[2m > [22mexecute()[2m > [22mshould throw when JSON output is corrupt
 [32mΓ£ô[39m extension/test/unit/agents/tools/testing/VitestRunner.test.ts[2m > [22mVitestRunner[2m > [22mexecute()[2m > [22mshould clean up temp file after successful execution
 [32mΓ£ô[39m extension/test/unit/agents/tools/testing/VitestRunner.test.ts[2m > [22mVitestRunner[2m > [22mexecute()[2m > [22mshould clean up temp file even after errors
 [32mΓ£ô[39m extension/test/unit/agents/tools/testing/VitestRunner.test.ts[2m > [22mVitestRunner[2m > [22minterface conformance[2m > [22mshould return TestRunOutput with correct structure
 [32mΓ£ô[39m extension/test/unit/agents/tools/testing/VitestRunner.test.ts[2m > [22mVitestRunner[2m > [22minterface conformance[2m > [22mshould have framework property set to vitest
 [32mΓ£ô[39m extension/test/unit/agents/tools/testing/getTestResults.test.ts[2m > [22mgetTestResultsTool[2m > [22mtool metadata[2m > [22mshould have correct name
 [32mΓ£ô[39m extension/test/unit/agents/tools/testing/getTestResults.test.ts[2m > [22mgetTestResultsTool[2m > [22mtool metadata[2m > [22mshould have proper description
 [32mΓ£ô[39m extension/test/unit/agents/tools/testing/getTestResults.test.ts[2m > [22mgetTestResultsTool[2m > [22mtool metadata[2m > [22mshould define inputSchema
 [32mΓ£ô[39m extension/test/unit/agents/tools/testing/getTestResults.test.ts[2m > [22mgetTestResultsTool[2m > [22mformat=summary[2m > [22mshould return one-line summary with counts and duration
 [32mΓ£ô[39m extension/test/unit/agents/tools/testing/getTestResults.test.ts[2m > [22mgetTestResultsTool[2m > [22mformat=summary[2m > [22mshould show PASS status when no failures
 [32mΓ£ô[39m extension/test/unit/agents/tools/testing/getTestResults.test.ts[2m > [22mgetTestResultsTool[2m > [22mformat=failures[2m > [22mshould return summary plus failure details
 [32mΓ£ô[39m extension/test/unit/agents/tools/testing/getTestResults.test.ts[2m > [22mgetTestResultsTool[2m > [22mformat=failures[2m > [22mshould show 'No failures' when all tests pass
 [32mΓ£ô[39m extension/test/unit/agents/tools/testing/getTestResults.test.ts[2m > [22mgetTestResultsTool[2m > [22mformat=full[2m > [22mshould return all tests with status indicators
 [32mΓ£ô[39m extension/test/unit/agents/tools/testing/getTestResults.test.ts[2m > [22mgetTestResultsTool[2m > [22mformat=full[2m > [22mshould show filtered count when name_filter is used
 [32mΓ£ô[39m extension/test/unit/agents/tools/testing/getTestResults.test.ts[2m > [22mgetTestResultsTool[2m > [22mformat=structured[2m > [22mshould return JSON data
 [32mΓ£ô[39m extension/test/unit/agents/tools/testing/getTestResults.test.ts[2m > [22mgetTestResultsTool[2m > [22mstatus filtering[2m > [22mshould filter to only passed tests
 [32mΓ£ô[39m extension/test/unit/agents/tools/testing/getTestResults.test.ts[2m > [22mgetTestResultsTool[2m > [22mstatus filtering[2m > [22mshould filter to only failed tests
 [32mΓ£ô[39m extension/test/unit/agents/tools/testing/getTestResults.test.ts[2m > [22mgetTestResultsTool[2m > [22mstatus filtering[2m > [22mshould filter to only skipped tests
 [32mΓ£ô[39m extension/test/unit/agents/tools/testing/getTestResults.test.ts[2m > [22mgetTestResultsTool[2m > [22mname_filter regex filtering[2m > [22mshould filter tests by name pattern
 [32mΓ£ô[39m extension/test/unit/agents/tools/testing/getTestResults.test.ts[2m > [22mgetTestResultsTool[2m > [22mname_filter regex filtering[2m > [22mshould handle regex patterns
 [32mΓ£ô[39m extension/test/unit/agents/tools/testing/getTestResults.test.ts[2m > [22mgetTestResultsTool[2m > [22mname_filter regex filtering[2m > [22mshould fall back to literal match for invalid regex
 [32mΓ£ô[39m extension/test/unit/agents/tools/testing/getTestResults.test.ts[2m > [22mgetTestResultsTool[2m > [22mrun_id lookup[2m > [22mshould retrieve specific run by ID
 [32mΓ£ô[39m extension/test/unit/agents/tools/testing/getTestResults.test.ts[2m > [22mgetTestResultsTool[2m > [22mrun_id lookup[2m > [22mshould return INVALID_INPUT error for unknown run_id
 [32mΓ£ô[39m extension/test/unit/agents/tools/testing/getTestResults.test.ts[2m > [22mgetTestResultsTool[2m > [22mno results available[2m > [22mshould return NO_OUTPUT error when store is empty
 [32mΓ£ô[39m extension/test/unit/agents/tools/testing/getTestResults.test.ts[2m > [22mgetTestResultsTool[2m > [22mcombined filters[2m > [22mshould apply both status and name_filter together
 [32mΓ£ô[39m extension/test/unit/agents/tools/testing/getTestResults.test.ts[2m > [22mgetTestResultsTool[2m > [22minput validation[2m > [22mshould use default format when not specified
 [32mΓ£ô[39m extension/test/unit/agents/errors.test.ts[2m > [22mAgentError[2m > [22mshould create an error with message and code
 [32mΓ£ô[39m extension/test/unit/agents/errors.test.ts[2m > [22mAgentError[2m > [22mshould create an error with context
 [32mΓ£ô[39m extension/test/unit/agents/errors.test.ts[2m > [22mAgentError[2m > [22mshould extend OrchestraExtensionError
 [32mΓ£ô[39m extension/test/unit/agents/errors.test.ts[2m > [22mAgentError[2m > [22mshould serialize to JSON
 [32mΓ£ô[39m extension/test/unit/agents/errors.test.ts[2m > [22mAgentError[2m > [22mshould capture stack trace
 [32mΓ£ô[39m extension/test/unit/agents/errors.test.ts[2m > [22mAgentError[2m > [22mshould handle undefined context
 [32mΓ£ô[39m extension/test/unit/agents/errors.test.ts[2m > [22mToolExecutionError[2m > [22mshould create an error with tool name
 [32mΓ£ô[39m extension/test/unit/agents/errors.test.ts[2m > [22mToolExecutionError[2m > [22mshould create an error with tool name and context
 [32mΓ£ô[39m extension/test/unit/agents/errors.test.ts[2m > [22mToolExecutionError[2m > [22mshould extend AgentError
 [32mΓ£ô[39m extension/test/unit/agents/errors.test.ts[2m > [22mToolExecutionError[2m > [22mshould serialize to JSON with tool name
 [32mΓ£ô[39m extension/test/unit/agents/errors.test.ts[2m > [22mToolExecutionError[2m > [22mshould include tool name in context automatically
 [32mΓ£ô[39m extension/test/unit/agents/errors.test.ts[2m > [22mToolExecutionError[2m > [22mshould preserve existing context when adding tool name
 [32mΓ£ô[39m extension/test/unit/agents/errors.test.ts[2m > [22mSessionError[2m > [22mshould create an error with session ID
 [32mΓ£ô[39m extension/test/unit/agents/errors.test.ts[2m > [22mSessionError[2m > [22mshould create an error with session ID and context
 [32mΓ£ô[39m extension/test/unit/agents/errors.test.ts[2m > [22mSessionError[2m > [22mshould extend AgentError
 [32mΓ£ô[39m extension/test/unit/agents/errors.test.ts[2m > [22mSessionError[2m > [22mshould serialize to JSON with session ID
 [32mΓ£ô[39m extension/test/unit/agents/errors.test.ts[2m > [22mSessionError[2m > [22mshould include session ID in context automatically
 [32mΓ£ô[39m extension/test/unit/agents/errors.test.ts[2m > [22mSessionError[2m > [22mshould preserve existing context when adding session ID
 [32mΓ£ô[39m extension/test/unit/agents/errors.test.ts[2m > [22mType Guards[2m > [22misAgentError[2m > [22mshould return true for AgentError
 [32mΓ£ô[39m extension/test/unit/agents/errors.test.ts[2m > [22mType Guards[2m > [22misAgentError[2m > [22mshould return true for ToolExecutionError
 [32mΓ£ô[39m extension/test/unit/agents/errors.test.ts[2m > [22mType Guards[2m > [22misAgentError[2m > [22mshould return true for SessionError
 [32mΓ£ô[39m extension/test/unit/agents/errors.test.ts[2m > [22mType Guards[2m > [22misAgentError[2m > [22mshould return false for non-AgentError
 [32mΓ£ô[39m extension/test/unit/agents/errors.test.ts[2m > [22mType Guards[2m > [22misAgentError[2m > [22mshould return false for null
 [32mΓ£ô[39m extension/test/unit/agents/errors.test.ts[2m > [22mType Guards[2m > [22misAgentError[2m > [22mshould return false for undefined
 [32mΓ£ô[39m extension/test/unit/agents/errors.test.ts[2m > [22mType Guards[2m > [22misAgentError[2m > [22mshould return false for string
 [32mΓ£ô[39m extension/test/unit/agents/errors.test.ts[2m > [22mType Guards[2m > [22misAgentError[2m > [22mshould return false for OrchestraExtensionError
 [32mΓ£ô[39m extension/test/unit/agents/errors.test.ts[2m > [22mType Guards[2m > [22misToolExecutionError[2m > [22mshould return true for ToolExecutionError
 [32mΓ£ô[39m extension/test/unit/agents/errors.test.ts[2m > [22mType Guards[2m > [22misToolExecutionError[2m > [22mshould return false for AgentError
 [32mΓ£ô[39m extension/test/unit/agents/errors.test.ts[2m > [22mType Guards[2m > [22misToolExecutionError[2m > [22mshould return false for SessionError
 [32mΓ£ô[39m extension/test/unit/agents/errors.test.ts[2m > [22mType Guards[2m > [22misToolExecutionError[2m > [22mshould return false for non-error values
 [32mΓ£ô[39m extension/test/unit/agents/errors.test.ts[2m > [22mType Guards[2m > [22misSessionError[2m > [22mshould return true for SessionError
 [32mΓ£ô[39m extension/test/unit/agents/errors.test.ts[2m > [22mType Guards[2m > [22misSessionError[2m > [22mshould return false for AgentError
 [32mΓ£ô[39m extension/test/unit/agents/errors.test.ts[2m > [22mType Guards[2m > [22misSessionError[2m > [22mshould return false for ToolExecutionError
 [32mΓ£ô[39m extension/test/unit/agents/errors.test.ts[2m > [22mType Guards[2m > [22misSessionError[2m > [22mshould return false for non-error values
 [32mΓ£ô[39m extension/test/unit/agents/errors.test.ts[2m > [22mType Guards[2m > [22mType narrowing[2m > [22mshould narrow type correctly with isAgentError
 [32mΓ£ô[39m extension/test/unit/agents/errors.test.ts[2m > [22mType Guards[2m > [22mType narrowing[2m > [22mshould narrow type correctly with isToolExecutionError
 [32mΓ£ô[39m extension/test/unit/agents/errors.test.ts[2m > [22mType Guards[2m > [22mType narrowing[2m > [22mshould narrow type correctly with isSessionError
 [32mΓ£ô[39m extension/test/unit/agents/errors.test.ts[2m > [22mError inheritance chain[2m > [22mshould maintain proper inheritance chain for AgentError
 [32mΓ£ô[39m extension/test/unit/agents/errors.test.ts[2m > [22mError inheritance chain[2m > [22mshould maintain proper inheritance chain for ToolExecutionError
 [32mΓ£ô[39m extension/test/unit/agents/errors.test.ts[2m > [22mError inheritance chain[2m > [22mshould maintain proper inheritance chain for SessionError
 [32mΓ£ô[39m extension/test/unit/agents/errors.test.ts[2m > [22mEdge cases[2m > [22mshould handle empty string message
 [32mΓ£ô[39m extension/test/unit/agents/errors.test.ts[2m > [22mEdge cases[2m > [22mshould handle empty string code
 [32mΓ£ô[39m extension/test/unit/agents/errors.test.ts[2m > [22mEdge cases[2m > [22mshould handle empty string tool name
 [32mΓ£ô[39m extension/test/unit/agents/errors.test.ts[2m > [22mEdge cases[2m > [22mshould handle empty string session ID
 [32mΓ£ô[39m extension/test/unit/agents/errors.test.ts[2m > [22mEdge cases[2m > [22mshould handle complex context objects
 [32mΓ£ô[39m extension/test/unit/agents/errors.test.ts[2m > [22mEdge cases[2m > [22mshould handle context with conflicting toolName key
 [32mΓ£ô[39m extension/test/unit/agents/errors.test.ts[2m > [22mEdge cases[2m > [22mshould handle context with conflicting sessionId key
 [32mΓ£ô[39m extension/test/unit/agents/tools/testing/TestConfigLoader.test.ts[2m > [22mTestConfigLoader[2m > [22mload - valid config[2m > [22mshould load and validate a valid configuration
 [32mΓ£ô[39m extension/test/unit/agents/tools/testing/TestConfigLoader.test.ts[2m > [22mTestConfigLoader[2m > [22mload - valid config[2m > [22mshould apply default values from schema
 [32mΓ£ô[39m extension/test/unit/agents/tools/testing/TestConfigLoader.test.ts[2m > [22mTestConfigLoader[2m > [22mload - valid config[2m > [22mshould load config with all optional fields
 [32mΓ£ô[39m extension/test/unit/agents/tools/testing/TestConfigLoader.test.ts[2m > [22mTestConfigLoader[2m > [22mload - missing config file[2m > [22mshould detect Vitest and provide helpful error (FR-003)
 [32mΓ£ô[39m extension/test/unit/agents/tools/testing/TestConfigLoader.test.ts[2m > [22mTestConfigLoader[2m > [22mload - missing config file[2m > [22mshould return CONFIG_NOT_FOUND when no test framework detected
 [32mΓ£ô[39m extension/test/unit/agents/tools/testing/TestConfigLoader.test.ts[2m > [22mTestConfigLoader[2m > [22mload - missing config file[2m > [22mshould detect vitest.config.js variant
 [32mΓ£ô[39m extension/test/unit/agents/tools/testing/TestConfigLoader.test.ts[2m > [22mTestConfigLoader[2m > [22mload - malformed config[2m > [22mshould return error for invalid JSON
 [32mΓ£ô[39m extension/test/unit/agents/tools/testing/TestConfigLoader.test.ts[2m > [22mTestConfigLoader[2m > [22mload - malformed config[2m > [22mshould return validation error for missing required fields
 [32mΓ£ô[39m extension/test/unit/agents/tools/testing/TestConfigLoader.test.ts[2m > [22mTestConfigLoader[2m > [22mload - malformed config[2m > [22mshould return validation error for empty tiers array
 [32mΓ£ô[39m extension/test/unit/agents/tools/testing/TestConfigLoader.test.ts[2m > [22mTestConfigLoader[2m > [22mload - malformed config[2m > [22mshould return validation error for invalid tier
 [32mΓ£ô[39m extension/test/unit/agents/tools/testing/TestConfigLoader.test.ts[2m > [22mTestConfigLoader[2m > [22mload - malformed config[2m > [22mshould return validation error for invalid framework
 [32mΓ£ô[39m extension/test/unit/agents/tools/testing/TestConfigLoader.test.ts[2m > [22mTestConfigLoader[2m > [22mtier directory validation (FR-025)[2m > [22mshould warn when tier directory does not exist
 [32mΓ£ô[39m extension/test/unit/agents/tools/testing/TestConfigLoader.test.ts[2m > [22mTestConfigLoader[2m > [22mtier directory validation (FR-025)[2m > [22mshould warn when tier path exists but is not a directory
 [32mΓ£ô[39m extension/test/unit/agents/tools/testing/TestConfigLoader.test.ts[2m > [22mTestConfigLoader[2m > [22mtier directory validation (FR-025)[2m > [22mshould succeed without warnings when all tier directories exist
 [32mΓ£ô[39m extension/test/unit/agents/tools/testing/TestConfigLoader.test.ts[2m > [22mTestConfigLoader[2m > [22mtier directory validation (FR-025)[2m > [22mshould handle tier paths without directory component
 [32mΓ£ô[39m extension/test/unit/agents/tools/testing/TestConfigLoader.test.ts[2m > [22mTestConfigLoader[2m > [22mextractDirectoryFromGlob[2m > [22mshould extract directory from standard glob patterns
 [32mΓ£ô[39m extension/test/unit/views/statusTranslation.test.ts[2m > [22mstatusTranslation[2m > [22mSTATUS_DISPLAY[2m > [22mshould have all required status mappings
 [32mΓ£ô[39m extension/test/unit/views/statusTranslation.test.ts[2m > [22mstatusTranslation[2m > [22mSTATUS_DISPLAY[2m > [22mshould have required properties for each status mapping
 [32mΓ£ô[39m extension/test/unit/views/statusTranslation.test.ts[2m > [22mstatusTranslation[2m > [22mSTATUS_DISPLAY[2m > [22mshould use user-friendly labels (not technical jargon)
 [32mΓ£ô[39m extension/test/unit/views/statusTranslation.test.ts[2m > [22mstatusTranslation[2m > [22mSTATUS_DISPLAY[2m > [22mshould use valid VS Code codicon names
 [32mΓ£ô[39m extension/test/unit/views/statusTranslation.test.ts[2m > [22mstatusTranslation[2m > [22mSTATUS_DISPLAY[2m > [22mshould use VS Code ThemeColor for colors
 [32mΓ£ô[39m extension/test/unit/views/statusTranslation.test.ts[2m > [22mstatusTranslation[2m > [22mgetStatusDisplay[2m > [22mshould return correct display for known statuses
 [32mΓ£ô[39m extension/test/unit/views/statusTranslation.test.ts[2m > [22mstatusTranslation[2m > [22mgetStatusDisplay[2m > [22mshould return fallback for unknown statuses
 [32mΓ£ô[39m extension/test/unit/views/statusTranslation.test.ts[2m > [22mstatusTranslation[2m > [22mgetStatusDisplay[2m > [22mshould return fallback with custom status name
 [32mΓ£ô[39m extension/test/unit/views/statusTranslation.test.ts[2m > [22mstatusTranslation[2m > [22mgetStatusDisplay[2m > [22mshould handle empty string status
 [32mΓ£ô[39m extension/test/unit/views/statusTranslation.test.ts[2m > [22mstatusTranslation[2m > [22mStatusDisplay interface[2m > [22mshould match expected structure
 [32mΓ£ô[39m extension/test/unit/views/statusTranslation.test.ts[2m > [22mstatusTranslation[2m > [22mStatusDisplay interface[2m > [22mshould allow optional actionLabel
 [32mΓ£ô[39m extension/test/unit/views/statusTranslation.test.ts[2m > [22mstatusTranslation[2m > [22mStatus Transitions[2m > [22mhappy path: PENDING ΓåÆ IMPLEMENT ΓåÆ VERIFY ΓåÆ VERIFIED ΓåÆ COMPLETE[2m > [22mshould display correct sequence for successful task completion
 [32mΓ£ô[39m extension/test/unit/views/statusTranslation.test.ts[2m > [22mstatusTranslation[2m > [22mStatus Transitions[2m > [22mhappy path: PENDING ΓåÆ IMPLEMENT ΓåÆ VERIFY ΓåÆ VERIFIED ΓåÆ COMPLETE[2m > [22mshould have appropriate action labels for transition states
 [32mΓ£ô[39m extension/test/unit/views/statusTranslation.test.ts[2m > [22mstatusTranslation[2m > [22mStatus Transitions[2m > [22mhappy path: PENDING ΓåÆ IMPLEMENT ΓåÆ VERIFY ΓåÆ VERIFIED ΓåÆ COMPLETE[2m > [22mshould have visual progression through colors
 [32mΓ£ô[39m extension/test/unit/views/statusTranslation.test.ts[2m > [22mstatusTranslation[2m > [22mStatus Transitions[2m > [22mfailure path: VERIFY ΓåÆ VERIFY_FAILED ΓåÆ retry[2m > [22mshould display correct statuses for failed verification
 [32mΓ£ô[39m extension/test/unit/views/statusTranslation.test.ts[2m > [22mstatusTranslation[2m > [22mStatus Transitions[2m > [22mfailure path: VERIFY ΓåÆ VERIFY_FAILED ΓåÆ retry[2m > [22mshould use orange color for VERIFY_FAILED to indicate attention needed
 [32mΓ£ô[39m extension/test/unit/views/statusTranslation.test.ts[2m > [22mstatusTranslation[2m > [22mStatus Transitions[2m > [22mescalation path: GATE_CHECK ΓåÆ ESCALATED[2m > [22mshould display correct statuses for escalation flow
 [32mΓ£ô[39m extension/test/unit/views/statusTranslation.test.ts[2m > [22mstatusTranslation[2m > [22mStatus Transitions[2m > [22mescalation path: GATE_CHECK ΓåÆ ESCALATED[2m > [22mshould have action labels for resolution
 [32mΓ£ô[39m extension/test/unit/views/statusTranslation.test.ts[2m > [22mstatusTranslation[2m > [22mStatus Transitions[2m > [22mescalation path: GATE_CHECK ΓåÆ ESCALATED[2m > [22mshould use red color for ESCALATED to indicate urgency
 [32mΓ£ô[39m extension/test/unit/views/statusTranslation.test.ts[2m > [22mstatusTranslation[2m > [22mStatus Transitions[2m > [22mstatus icons are valid codicons[2m > [22mshould use icons that represent the status meaning
 [32mΓ£ô[39m extension/test/unit/views/statusTranslation.test.ts[2m > [22mstatusTranslation[2m > [22mStatus Transitions[2m > [22mall statuses have meaningful descriptions[2m > [22mshould have descriptions that explain the status to users
 [32mΓ£ô[39m extension/test/unit/agents/tools/coding/validateEdit.test.ts[2m > [22mvalidateEdit[2m > [22mLanguage Detection[2m > [22mdetects Python from .py extension[33m 1306[2mms[22m[39m
 [32mΓ£ô[39m extension/test/unit/agents/tools/coding/validateEdit.test.ts[2m > [22mvalidateEdit[2m > [22mError Handling[2m > [22mreturns error when file path is outside workspace
 [32mΓ£ô[39m extension/test/unit/agents/tools/coding/validateEdit.test.ts[2m > [22mvalidateEdit[2m > [22mError Handling[2m > [22mhandles workspace.openTextDocument failure gracefully
 [32mΓ£ô[39m test/integration/tdd-pre-signal.test.ts[2m > [22mTDD Pre-Signal Integration[2m > [22mCombined pre-signal checks[2m > [22mshould fail if build fails even with valid TDD validation[33m 1526[2mms[22m[39m
 [32mΓ£ô[39m test/unit/db/tdd-migrations.test.ts[2m > [22mTDD Tables Migration (20260126_001_add_tdd_tables)[2m > [22mshould exist in migrations list with correct ID and description
 [32mΓ£ô[39m test/unit/db/tdd-migrations.test.ts[2m > [22mTDD Tables Migration (20260126_001_add_tdd_tables)[2m > [22mshould check for table existence before creating (idempotent)
 [32mΓ£ô[39m test/unit/db/tdd-migrations.test.ts[2m > [22mTDD Tables Migration (20260126_001_add_tdd_tables)[2m > [22mshould create tdd_task_relationships table with all required columns
 [32mΓ£ô[39m test/unit/db/tdd-migrations.test.ts[2m > [22mTDD Tables Migration (20260126_001_add_tdd_tables)[2m > [22mshould create tdd_red_registry table with all required columns
 [32mΓ£ô[39m test/unit/db/tdd-migrations.test.ts[2m > [22mTDD Tables Migration (20260126_001_add_tdd_tables)[2m > [22mshould include proper foreign keys with CASCADE delete
 [32mΓ£ô[39m test/unit/db/tdd-migrations.test.ts[2m > [22mTDD Tables Migration (20260126_001_add_tdd_tables)[2m > [22mshould create all required indexes for tdd_task_relationships
 [32mΓ£ô[39m test/unit/db/tdd-migrations.test.ts[2m > [22mTDD Tables Migration (20260126_001_add_tdd_tables)[2m > [22mshould create all required indexes for tdd_red_registry
 [32mΓ£ô[39m test/unit/db/tdd-migrations.test.ts[2m > [22mTDD Tables Migration (20260126_001_add_tdd_tables)[2m > [22mshould be included in MIGRATIONS array after tdd_red_phase migration
 [32mΓ£ô[39m test/unit/db/tdd-migrations.test.ts[2m > [22mTDD Tables Migration (20260126_001_add_tdd_tables)[2m > [22mshould follow the same structure as other migrations
 [32mΓ£ô[39m test/unit/db/tdd-migrations.test.ts[2m > [22mTDD Tables Migration (20260126_001_add_tdd_tables)[2m > [22mshould exist in extension migrations file with matching ID
 [32mΓ£ô[39m test/unit/db/tdd-migrations.test.ts[2m > [22mTDD File-Level Schema Migration (20260116_001_update_tdd_red_registry_schema)[2m > [22mshould exist in migrations list with correct ID and description
 [32mΓ£ô[39m test/unit/db/tdd-migrations.test.ts[2m > [22mTDD File-Level Schema Migration (20260116_001_update_tdd_red_registry_schema)[2m > [22mshould drop and recreate tdd_red_registry table
 [32mΓ£ô[39m test/unit/db/tdd-migrations.test.ts[2m > [22mTDD File-Level Schema Migration (20260116_001_update_tdd_red_registry_schema)[2m > [22mshould use file-level schema with required columns
 [32mΓ£ô[39m test/unit/db/tdd-migrations.test.ts[2m > [22mTDD File-Level Schema Migration (20260116_001_update_tdd_red_registry_schema)[2m > [22mshould NOT include old per-test columns
 [32mΓ£ô[39m test/unit/db/tdd-migrations.test.ts[2m > [22mTDD File-Level Schema Migration (20260116_001_update_tdd_red_registry_schema)[2m > [22mshould create unique index on test_file instead of test_identifier
 [32mΓ£ô[39m test/unit/db/tdd-migrations.test.ts[2m > [22mTDD File-Level Schema Migration (20260116_001_update_tdd_red_registry_schema)[2m > [22mshould be placed after the previous tdd_red_registry migration
 [32mΓ£ô[39m test/unit/db/tdd-migrations.test.ts[2m > [22mTDD File-Level Schema Migration (20260116_001_update_tdd_red_registry_schema)[2m > [22mshould exist in extension migrations file with matching ID
 [32mΓ£ô[39m test/integration/tdd-pre-signal.test.ts[2m > [22mTDD Pre-Signal Integration[2m > [22mCombined pre-signal checks[2m > [22mshould fail if TDD validation fails even with passing build/test
 [32mΓ£ô[39m extension/test/unit/chat/SessionManager.test.ts[2m > [22mSessionManager[2m > [22mpromptUserToSelectSession[2m > [22mshould handle both orchestrator and implementor roles[33m 1049[2mms[22m[39m
 [32mΓ£ô[39m extension/test/unit/chat/SessionManager.test.ts[2m > [22mSessionManager[2m > [22minitSession[2m > [22mshould initialize session when label and tab are found
 [32mΓ£ô[39m extension/test/unit/chat/SessionManager.test.ts[2m > [22mSessionManager[2m > [22minitSession[2m > [22mshould NOT send /clear for orchestrator role
 [32mΓ£ô[39m test/integration/tdd-pre-signal.test.ts[2m > [22mTDD Pre-Signal Integration[2m > [22mCombined pre-signal checks[2m > [22mshould pass when all checks including TDD validation pass
 [32mΓ£ô[39m test/integration/tdd-pre-signal.test.ts[2m > [22mTDD Pre-Signal Integration[2m > [22mEdge cases[2m > [22mshould handle no registered tests gracefully
 [32mΓ£ô[39m test/integration/tdd-pre-signal.test.ts[2m > [22mTDD Pre-Signal Integration[2m > [22mEdge cases[2m > [22mshould handle test file not found
 [32mΓ£ô[39m extension/test/unit/webviews/agent-panel/components/ToolsView.test.ts[2m > [22mToolsFilter[2m > [22mshould export ToolsFilter component function
 [32mΓ£ô[39m extension/test/unit/chat/SessionManager.test.ts[2m > [22mSessionManager[2m > [22minitSession[2m > [22mshould send /clear for implementor role after focusing tab
 [32mΓ£ô[39m test/unit/core/tdd-scan-on-signal.test.ts[2m > [22mTDD Scan-on-Signal[2m > [22mscanForTddMarkers[2m > [22mshould return empty results when test/red/ directory does not exist
 [32mΓ£ô[39m test/unit/core/tdd-scan-on-signal.test.ts[2m > [22mTDD Scan-on-Signal[2m > [22mscanForTddMarkers[2m > [22mshould return empty results when test/red/ is empty
 [32mΓ£ô[39m test/unit/core/tdd-scan-on-signal.test.ts[2m > [22mTDD Scan-on-Signal[2m > [22mscanForTddMarkers[2m > [22mshould ignore test files NOT in test/red/
 [32mΓ£ô[39m test/unit/core/tdd-scan-on-signal.test.ts[2m > [22mTDD Scan-on-Signal[2m > [22mscanForTddMarkers[2m > [22mDirectory-based file discovery[2m > [22mshould discover test files in test/red/
 [32mΓ£ô[39m test/unit/core/tdd-scan-on-signal.test.ts[2m > [22mTDD Scan-on-Signal[2m > [22mscanForTddMarkers[2m > [22mDirectory-based file discovery[2m > [22mshould group tests by task ID from multiple files
 [32mΓ£ô[39m test/unit/core/tdd-scan-on-signal.test.ts[2m > [22mTDD Scan-on-Signal[2m > [22mscanForTddMarkers[2m > [22mDirectory-based file discovery[2m > [22mshould group tests by task ID from multiple files
 [32mΓ£ô[39m test/unit/core/tdd-scan-on-signal.test.ts[2m > [22mTDD Scan-on-Signal[2m > [22mscanForTddMarkers[2m > [22mDirectory-based file discovery[2m > [22mshould report files missing // @orchestra-task: N
 [32mΓ£ô[39m test/unit/core/tdd-scan-on-signal.test.ts[2m > [22mTDD Scan-on-Signal[2m > [22mscanForTddMarkers[2m > [22mDirectory-based file discovery[2m > [22mshould handle nested test directories under test/red/
 [32mΓ£ô[39m test/unit/core/tdd-scan-on-signal.test.ts[2m > [22mTDD Scan-on-Signal[2m > [22mscanForTddMarkers[2m > [22mMultiple files[2m > [22mshould scan multiple test files
 [32mΓ£ô[39m test/unit/core/tdd-scan-on-signal.test.ts[2m > [22mTDD Scan-on-Signal[2m > [22mscanForTddMarkers[2m > [22mEdge cases[2m > [22mshould skip files that cannot be read
 [32mΓ£ô[39m test/unit/core/tdd-scan-on-signal.test.ts[2m > [22mTDD Scan-on-Signal[2m > [22mscanForTddMarkers[2m > [22mEdge cases[2m > [22mshould separate files with and without task IDs
 [32mΓ£ô[39m test/unit/core/tdd-scan-on-signal.test.ts[2m > [22mTDD Scan-on-Signal[2m > [22mscanForTddMarkers[2m > [22mEdge cases[2m > [22mshould skip non-test files in test/red/
 [32mΓ£ô[39m test/unit/core/tdd-scan-on-signal.test.ts[2m > [22mTDD Scan-on-Signal[2m > [22mscanForTddMarkers[2m > [22mDart _test.dart file support[2m > [22mshould discover _test.dart files in test/red/
 [32mΓ£ô[39m test/unit/core/tdd-scan-on-signal.test.ts[2m > [22mTDD Scan-on-Signal[2m > [22mscanForTddMarkers[2m > [22mDart _test.dart file support[2m > [22mshould discover .test.dart files in test/red/
 [32mΓ£ô[39m extension/test/unit/webviews/agent-panel/components/ToolsView.test.ts[2m > [22mToolsFilter[2m > [22mshould be exported from barrel export
 [32mΓ£ô[39m extension/test/unit/webviews/agent-panel/components/ToolsView.test.ts[2m > [22mToolsFilter[2m > [22mshould have ToolsFilterProps interface exported
 [32mΓ£ô[39m extension/test/unit/webviews/agent-panel/components/ToolsView.test.ts[2m > [22mToolsFilter[2m > [22mshould include all category options
 [32mΓ£ô[39m extension/test/unit/webviews/agent-panel/components/ToolsView.test.ts[2m > [22mToolsFilter[2m > [22mshould render category dropdown with select element
 [32mΓ£ô[39m extension/test/unit/webviews/agent-panel/components/ToolsView.test.ts[2m > [22mToolsFilter[2m > [22mshould render text filter input
 [32mΓ£ô[39m extension/test/unit/webviews/agent-panel/components/ToolsView.test.ts[2m > [22mToolsFilter[2m > [22mshould include search and clear icons
 [32mΓ£ô[39m extension/test/unit/webviews/agent-panel/components/ToolsView.test.ts[2m > [22mToolsFilter[2m > [22mshould use dark theme styling
 [32mΓ£ô[39m extension/test/unit/webviews/agent-panel/components/ToolsView.test.ts[2m > [22mToolsTable[2m > [22mshould export ToolsTable component function
 [32mΓ£ô[39m extension/test/unit/webviews/agent-panel/components/ToolsView.test.ts[2m > [22mToolsTable[2m > [22mshould be exported from barrel export
 [32mΓ£ô[39m extension/test/unit/webviews/agent-panel/components/ToolsView.test.ts[2m > [22mToolsTable[2m > [22mshould have ToolsTableProps interface exported
 [32mΓ£ô[39m extension/test/unit/webviews/agent-panel/components/ToolsView.test.ts[2m > [22mToolsTable[2m > [22mshould render all five column headers
 [32mΓ£ô[39m extension/test/unit/webviews/agent-panel/components/ToolsView.test.ts[2m > [22mToolsTable[2m > [22mshould use VirtualList component
 [32mΓ£ô[39m extension/test/unit/webviews/agent-panel/components/ToolsView.test.ts[2m > [22mToolsTable[2m > [22mshould include status icons for all states
 [32mΓ£ô[39m extension/test/unit/webviews/agent-panel/components/ToolsView.test.ts[2m > [22mToolsTable[2m > [22mshould format duration correctly
 [32mΓ£ô[39m extension/test/unit/webviews/agent-panel/components/ToolsView.test.ts[2m > [22mToolsTable[2m > [22mshould display file operation count
 [32mΓ£ô[39m extension/test/unit/webviews/agent-panel/components/ToolsView.test.ts[2m > [22mToolsTable[2m > [22mshould have empty state message
 [32mΓ£ô[39m extension/test/unit/webviews/agent-panel/components/ToolsView.test.ts[2m > [22mToolsTable[2m > [22mshould use grid layout for columns
 [32mΓ£ô[39m extension/test/unit/webviews/agent-panel/components/ToolsView.test.ts[2m > [22mToolsTable[2m > [22mshould use dark theme styling
 [32mΓ£ô[39m extension/test/unit/webviews/agent-panel/components/ToolsView.test.ts[2m > [22mToolsTable[2m > [22mshould have clickable rows
 [32mΓ£ô[39m extension/test/unit/webviews/agent-panel/components/ToolsView.test.ts[2m > [22mToolsView[2m > [22mshould export ToolsView component function
 [32mΓ£ô[39m test/unit/core/tdd-scan-on-signal.test.ts[2m > [22mTDD Scan-on-Signal[2m > [22mscanForTddMarkers[2m > [22mDart _test.dart file support[2m > [22mshould discover Dart test files in nested directories under test/red/
 [32mΓ£ô[39m test/unit/core/tdd-scan-on-signal.test.ts[2m > [22mTDD Scan-on-Signal[2m > [22mscanForTddMarkers[2m > [22mDart _test.dart file support[2m > [22mshould handle mixed TypeScript and Dart test files
 [32mΓ£ô[39m test/unit/core/tdd-scan-on-signal.test.ts[2m > [22mTDD Scan-on-Signal[2m > [22mscanForTddMarkers[2m > [22mDart _test.dart file support[2m > [22mshould report Dart files missing // @orchestra-task: N
 [32mΓ£ô[39m test/unit/core/tdd-scan-on-signal.test.ts[2m > [22mTDD Scan-on-Signal[2m > [22mscanForTddMarkers[2m > [22mDart _test.dart file support[2m > [22mshould skip non-test Dart files (no _test.dart suffix)
 [32mΓ£ô[39m extension/test/unit/webviews/agent-panel/components/ToolsView.test.ts[2m > [22mToolsView[2m > [22mshould be exported from views barrel export
 [32mΓ£ô[39m extension/test/unit/webviews/agent-panel/components/ToolsView.test.ts[2m > [22mToolsView[2m > [22mshould compose ToolsFilter and ToolsTable
 [32mΓ£ô[39m extension/test/unit/webviews/agent-panel/components/ToolsView.test.ts[2m > [22mToolsView[2m > [22mshould have sort dropdown with three options
 [32mΓ£ô[39m extension/test/unit/webviews/agent-panel/components/ToolsView.test.ts[2m > [22mToolsView[2m > [22mshould use toolCalls store
 [32mΓ£ô[39m extension/test/unit/webviews/agent-panel/components/ToolsView.test.ts[2m > [22mToolsView[2m > [22mshould use setUi for tab navigation
 [32mΓ£ô[39m extension/test/unit/webviews/agent-panel/components/ToolsView.test.ts[2m > [22mToolsView[2m > [22mshould handle row click with navigation
 [32mΓ£ô[39m extension/test/unit/webviews/agent-panel/components/ToolsView.test.ts[2m > [22mToolsView[2m > [22mshould implement filtering by category
 [32mΓ£ô[39m extension/test/unit/webviews/agent-panel/components/ToolsView.test.ts[2m > [22mToolsView[2m > [22mshould implement filtering by text
 [32mΓ£ô[39m extension/test/unit/webviews/agent-panel/components/ToolsView.test.ts[2m > [22mToolsView[2m > [22mshould implement sorting by time
 [32mΓ£ô[39m extension/test/unit/webviews/agent-panel/components/ToolsView.test.ts[2m > [22mToolsView[2m > [22mshould implement sorting by duration
 [32mΓ£ô[39m extension/test/unit/webviews/agent-panel/components/ToolsView.test.ts[2m > [22mToolsView[2m > [22mshould implement sorting by name
 [32mΓ£ô[39m extension/test/unit/webviews/agent-panel/components/ToolsView.test.ts[2m > [22mToolsView[2m > [22mshould use createMemo for filtered and sorted tools
 [32mΓ£ô[39m extension/test/unit/webviews/agent-panel/components/ToolsView.test.ts[2m > [22mToolsView[2m > [22mshould use createSignal for local state
 [32mΓ£ô[39m extension/test/unit/webviews/agent-panel/components/ToolsView.test.ts[2m > [22mToolsView[2m > [22mshould use dark theme styling
 [32mΓ£ô[39m extension/test/unit/webviews/agent-panel/components/ToolsView.test.ts[2m > [22mToolsView[2m > [22mshould have flexbox layout
 [32mΓ£ô[39m extension/test/unit/chat/SessionManager.test.ts[2m > [22mSessionManager[2m > [22minitSession[2m > [22mshould prompt user when no previous label exists[33m 516[2mms[22m[39m
 [32mΓ£ô[39m extension/test/unit/chat/SessionManager.test.ts[2m > [22mSessionManager[2m > [22minitSession[2m > [22mshould return false when user cancels initial selection
 [32mΓ£ô[39m extension/test/unit/agents/tools/testing/listTestSuites.test.ts[2m > [22mlistTestSuitesTool[2m > [22mtool metadata[2m > [22mshould have correct name
 [32mΓ£ô[39m extension/test/unit/agents/tools/testing/listTestSuites.test.ts[2m > [22mlistTestSuitesTool[2m > [22mtool metadata[2m > [22mshould have proper description
 [32mΓ£ô[39m extension/test/unit/agents/tools/testing/listTestSuites.test.ts[2m > [22mlistTestSuitesTool[2m > [22mtool metadata[2m > [22mshould define inputSchema
 [32mΓ£ô[39m extension/test/unit/agents/tools/testing/listTestSuites.test.ts[2m > [22mlistTestSuitesTool[2m > [22mdetail=suites[2m > [22mshould return tier overview with file counts
 [32mΓ£ô[39m extension/test/unit/agents/tools/testing/listTestSuites.test.ts[2m > [22mlistTestSuitesTool[2m > [22mdetail=suites[2m > [22mshould show total counts across all tiers
 [32mΓ£ô[39m extension/test/unit/agents/tools/testing/listTestSuites.test.ts[2m > [22mlistTestSuitesTool[2m > [22mdetail=files[2m > [22mshould require tier parameter
 [32mΓ£ô[39m extension/test/unit/agents/tools/testing/listTestSuites.test.ts[2m > [22mlistTestSuitesTool[2m > [22mdetail=files[2m > [22mshould return TIER_NOT_CONFIGURED for unknown tier
 [32mΓ£ô[39m extension/test/unit/agents/tools/testing/listTestSuites.test.ts[2m > [22mlistTestSuitesTool[2m > [22mdetail=files[2m > [22mshould list files in a tier
 [32mΓ£ô[39m extension/test/unit/agents/tools/testing/listTestSuites.test.ts[2m > [22mlistTestSuitesTool[2m > [22mdetail=tests[2m > [22mshould require tier and file parameters
 [32mΓ£ô[39m extension/test/unit/agents/tools/testing/listTestSuites.test.ts[2m > [22mlistTestSuitesTool[2m > [22mdetail=tests[2m > [22mshould return FILE_NOT_FOUND for missing file
 [32mΓ£ô[39m extension/test/unit/agents/tools/testing/listTestSuites.test.ts[2m > [22mlistTestSuitesTool[2m > [22mdetail=tests[2m > [22mshould parse test names and line numbers
 [32mΓ£ô[39m extension/test/unit/agents/tools/testing/listTestSuites.test.ts[2m > [22mlistTestSuitesTool[2m > [22mconfig loading[2m > [22mshould return CONFIG_NOT_FOUND when no config file
 [32mΓ£ô[39m extension/test/unit/agents/tools/testing/listTestSuites.test.ts[2m > [22mlistTestSuitesTool[2m > [22mdefault values[2m > [22mshould use 'suites' as default detail level
 [32mΓ£ô[39m test/integration/verification-lifecycle.test.ts[2m > [22mVerification Lifecycle Integration[2m > [22mFull verification lifecycle (signal ΓåÆ verify ΓåÆ judgment)[2m > [22mshould complete lifecycle when all BLOCKING checks pass[33m 1675[2mms[22m[39m
 [32mΓ£ô[39m extension/test/unit/agents/tools/coding/validateEdit.test.ts[2m > [22mvalidateEdit[2m > [22mTimeout Handling[2m > [22mrespects custom timeout_ms parameter[33m 1324[2mms[22m[39m
 [32mΓ£ô[39m test/unit/core/testing/DartRelatedResolver.test.ts[2m > [22mDartRelatedResolver[2m > [22mresolve() - three-strategy mapper[2m > [22mStrategy 1: Naming convention[2m > [22mshould map lib/src/services/auth.dart to test/**/auth_test.dart
 [32mΓ£ô[39m test/unit/core/testing/DartRelatedResolver.test.ts[2m > [22mDartRelatedResolver[2m > [22mresolve() - three-strategy mapper[2m > [22mStrategy 1: Naming convention[2m > [22mshould map lib/src/models/user.dart to test/**/user_test.dart
 [32mΓ£ô[39m test/unit/core/testing/DartRelatedResolver.test.ts[2m > [22mDartRelatedResolver[2m > [22mresolve() - three-strategy mapper[2m > [22mStrategy 1: Naming convention[2m > [22mshould handle nested lib paths correctly
 [32mΓ£ô[39m test/unit/core/testing/DartRelatedResolver.test.ts[2m > [22mDartRelatedResolver[2m > [22mresolve() - three-strategy mapper[2m > [22mStrategy 1: Naming convention[2m > [22mshould return match from any test subdirectory
 [32mΓ£ô[39m test/unit/core/testing/DartRelatedResolver.test.ts[2m > [22mDartRelatedResolver[2m > [22mresolve() - three-strategy mapper[2m > [22mStrategy 2: Import graph (transitive dependents)[2m > [22mshould find test files that import the changed source file
 [32mΓ£ô[39m test/unit/core/testing/DartRelatedResolver.test.ts[2m > [22mDartRelatedResolver[2m > [22mresolve() - three-strategy mapper[2m > [22mStrategy 2: Import graph (transitive dependents)[2m > [22mshould find test files that transitively import (depth 2)
 [32mΓ£ô[39m test/unit/core/testing/DartRelatedResolver.test.ts[2m > [22mDartRelatedResolver[2m > [22mresolve() - three-strategy mapper[2m > [22mStrategy 2: Import graph (transitive dependents)[2m > [22mshould use DartImportGraph.resolveTransitiveDependents()
 [32mΓ£ô[39m test/unit/mcp-server/get-current-task.test.ts[2m > [22mget_current_task handler[2m > [22mtdd_red_phase and tdd_instructions[2m > [22mshould return tdd_red_phase=false and tdd_instructions=null when task is not TDD red-phase
 [32mΓ£ô[39m test/unit/mcp-server/get-current-task.test.ts[2m > [22mget_current_task handler[2m > [22mtdd_red_phase and tdd_instructions[2m > [22mshould return tdd_red_phase=true and TypeScript instructions for TypeScript project when tdd_red_phase=true
 [32mΓ£ô[39m test/unit/mcp-server/get-current-task.test.ts[2m > [22mget_current_task handler[2m > [22mtdd_red_phase and tdd_instructions[2m > [22mshould return tdd_red_phase=true and Dart instructions for Dart project when tdd_red_phase=true
 [32mΓ£ô[39m test/unit/mcp-server/get-current-task.test.ts[2m > [22mget_current_task handler[2m > [22mtdd_red_phase and tdd_instructions[2m > [22mshould return tdd_instructions=null for unknown project language when tdd_red_phase=true
 [32mΓ£ô[39m test/unit/mcp-server/get-current-task.test.ts[2m > [22mget_current_task handler[2m > [22merror handling[2m > [22mshould return error when no task is in IMPLEMENT or VERIFY_FAILED state
 [32mΓ£ô[39m test/unit/core/testing/DartRelatedResolver.test.ts[2m > [22mDartRelatedResolver[2m > [22mresolve() - three-strategy mapper[2m > [22mStrategy 3: Directory fallback[2m > [22mshould fall back to same-directory tests when no naming/import match
 [32mΓ£ô[39m test/unit/core/testing/DartImportGraph.test.ts[2m > [22mDartImportGraph[2m > [22mgetGraph() - reverse import graph building[2m > [22mshould parse import statements from Dart files and build reverse graph
 [32mΓ£ô[39m test/unit/mcp-server/run-verification-checks.test.ts[2m > [22mhandleRunVerificationChecks[2m > [22minput validation[2m > [22mshould reject missing task_id
 [32mΓ£ô[39m test/unit/core/testing/DartRelatedResolver.test.ts[2m > [22mDartRelatedResolver[2m > [22mresolve() - three-strategy mapper[2m > [22mStrategy 3: Directory fallback[2m > [22mshould return all _test.dart files in corresponding test directory
 [32mΓ£ô[39m test/unit/core/testing/DartImportGraph.test.ts[2m > [22mDartImportGraph[2m > [22mgetGraph() - reverse import graph building[2m > [22mshould handle export declarations
 [32mΓ£ô[39m test/unit/core/testing/DartRelatedResolver.test.ts[2m > [22mDartRelatedResolver[2m > [22mresolve() - three-strategy mapper[2m > [22mStrategy priority and deduplication[2m > [22mshould combine results from all matching strategies
 [32mΓ£ô[39m extension/test/unit/chat/SessionManager.test.ts[2m > [22mSessionManager[2m > [22minitSession[2m > [22mshould prompt user when label exists but tab not found[33m 728[2mms[22m[39m
 [32mΓ£ô[39m extension/test/unit/chat/SessionManager.test.ts[2m > [22mSessionManager[2m > [22minitSession[2m > [22mshould return false when user cancels after tab not found
 [32mΓ£ô[39m extension/test/unit/chat/SessionManager.test.ts[2m > [22mSessionManager[2m > [22minitSession[2m > [22mshould return false when no workspace folders exist
 [32mΓ£ô[39m test/unit/core/testing/DartImportGraph.test.ts[2m > [22mDartImportGraph[2m > [22mgetGraph() - reverse import graph building[2m > [22mshould resolve relative imports correctly
 [32mΓ£ô[39m test/unit/core/testing/DartRelatedResolver.test.ts[2m > [22mDartRelatedResolver[2m > [22mresolve() - three-strategy mapper[2m > [22mStrategy priority and deduplication[2m > [22mshould deduplicate results across strategies
 [32mΓ£ô[39m test/unit/core/testing/DartImportGraph.test.ts[2m > [22mDartImportGraph[2m > [22mgetGraph() - reverse import graph building[2m > [22mshould resolve package: imports to lib/ directory
 [32mΓ£ô[39m test/unit/mcp-server/run-verification-checks.test.ts[2m > [22mhandleRunVerificationChecks[2m > [22minput validation[2m > [22mshould reject invalid task_id
 [32mΓ£ô[39m test/unit/core/testing/DartRelatedResolver.test.ts[2m > [22mDartRelatedResolver[2m > [22mEdge cases[2m > [22mshould handle file with no corresponding test
 [32mΓ£ô[39m test/unit/core/testing/DartRelatedResolver.test.ts[2m > [22mDartRelatedResolver[2m > [22mEdge cases[2m > [22mshould handle non-.dart files by skipping them
 [32mΓ£ô[39m test/unit/core/testing/DartImportGraph.test.ts[2m > [22mDartImportGraph[2m > [22mgetGraph() - reverse import graph building[2m > [22mshould skip dart: core library imports
 [32mΓ£ô[39m test/unit/core/testing/DartRelatedResolver.test.ts[2m > [22mDartRelatedResolver[2m > [22mEdge cases[2m > [22mshould handle Windows paths by normalizing backslashes
 [32mΓ£ô[39m test/unit/core/testing/DartImportGraph.test.ts[2m > [22mDartImportGraph[2m > [22mgetGraph() - reverse import graph building[2m > [22mshould handle 'as' aliases, 'show', and 'hide' combinators
 [32mΓ£ô[39m test/unit/core/testing/DartRelatedResolver.test.ts[2m > [22mDartRelatedResolver[2m > [22mEdge cases[2m > [22mshould handle multiple changed files at once
 [32mΓ£ô[39m test/unit/core/testing/DartImportGraph.test.ts[2m > [22mDartImportGraph[2m > [22mresolveTransitiveDependents()[2m > [22mshould return direct dependents at depth 1
 [32mΓ£ô[39m test/unit/core/testing/DartRelatedResolver.test.ts[2m > [22mDartRelatedResolver[2m > [22mEdge cases[2m > [22mshould handle files outside standard Dart structure
 [32mΓ£ô[39m test/unit/core/testing/DartImportGraph.test.ts[2m > [22mDartImportGraph[2m > [22mresolveTransitiveDependents()[2m > [22mshould return indirect dependents at depth 2
 [32mΓ£ô[39m test/unit/core/testing/DartImportGraph.test.ts[2m > [22mDartImportGraph[2m > [22mresolveTransitiveDependents()[2m > [22mshould return deep dependents at depth 3
 [32mΓ£ô[39m test/unit/mcp-server/run-verification-checks.test.ts[2m > [22mhandleRunVerificationChecks[2m > [22mtask state validation[2m > [22mshould reject task not in GATE_CHECK status
 [32mΓ£ô[39m test/unit/core/testing/DartImportGraph.test.ts[2m > [22mDartImportGraph[2m > [22mresolveTransitiveDependents()[2m > [22mshould stop at maxDepth and not exceed configured depth
 [32mΓ£ô[39m test/unit/core/testing/DartImportGraph.test.ts[2m > [22mDartImportGraph[2m > [22mresolveTransitiveDependents()[2m > [22mshould allow configurable maxDepth
 [32mΓ£ô[39m test/unit/core/testing/DartImportGraph.test.ts[2m > [22mDartImportGraph[2m > [22mCycle handling[2m > [22mshould handle circular imports without infinite loop
 [32mΓ£ô[39m test/unit/core/testing/DartImportGraph.test.ts[2m > [22mDartImportGraph[2m > [22mCycle handling[2m > [22mshould track visited nodes to prevent revisiting in cycles
 [32mΓ£ô[39m test/unit/core/testing/DartImportGraph.test.ts[2m > [22mDartImportGraph[2m > [22mCache invalidation[2m > [22mshould cache graph after initial build based on mtime fingerprint
 [32mΓ£ô[39m test/unit/mcp-server/run-verification-checks.test.ts[2m > [22mhandleRunVerificationChecks[2m > [22mcheck execution[2m > [22mshould execute all checks for task
 [32mΓ£ô[39m test/integration/code-review-fix-workflow.test.ts[2m > [22mcode-review-fix-workflow[2m > [22mhappy path E2E: GET_ISSUES ΓåÆ RESOLVE_ISSUE ΓåÆ SUBMIT_FIXES ΓåÆ APPROVED[33m 618[2mms[22m[39m
 [32mΓ£ô[39m test/integration/code-review-fix-workflow.test.ts[2m > [22mcode-review-fix-workflow[2m > [22mrevision loop: multiple rounds of changes with revision_count increment[33m 574[2mms[22m[39m
 [32mΓ£ô[39m test/integration/code-review-fix-workflow.test.ts[2m > [22mcode-review-fix-workflow[2m > [22mpre-submit validation failure: SUBMIT_FIXES blocked on failing tests
 [32mΓ£ô[39m test/integration/code-review-fix-workflow.test.ts[2m > [22mcode-review-fix-workflow[2m > [22mID resolution E2E: user-visible task numbers resolve correctly
 [32mΓ£ô[39m test/unit/core/testing/DartImportGraph.test.ts[2m > [22mDartImportGraph[2m > [22mCache invalidation[2m > [22mshould rebuild graph when source files change (mtime fingerprint changes)
 [32mΓ£ô[39m test/unit/core/testing/DartImportGraph.test.ts[2m > [22mDartImportGraph[2m > [22m.dart_tool exclusion[2m > [22mshould exclude .dart_tool directories from scanning
 [32mΓ£ô[39m test/unit/core/testing/DartImportGraph.test.ts[2m > [22mDartImportGraph[2m > [22m.dart_tool exclusion[2m > [22mshould exclude node_modules and .git directories
 [32mΓ£ô[39m test/unit/core/testing/DartImportGraph.test.ts[2m > [22mDartImportGraph[2m > [22mEdge cases[2m > [22mshould handle file with no imports
 [32mΓ£ô[39m extension/test/unit/chat/SessionManager.test.ts[2m > [22mSessionManager[2m > [22minitSession[2m > [22mshould return false when tab still not found after user selection[33m 508[2mms[22m[39m
 [32mΓ£ô[39m extension/test/unit/chat/SessionManager.test.ts[2m > [22mSessionManager[2m > [22minitSession[2m > [22mshould handle errors gracefully
 [32mΓ£ô[39m extension/test/unit/chat/SessionManager.test.ts[2m > [22mSessionManager[2m > [22minitSession[2m > [22mshould focus tab at correct index when found in second tab group
 [32mΓ£ô[39m test/unit/core/testing/DartImportGraph.test.ts[2m > [22mDartImportGraph[2m > [22mEdge cases[2m > [22mshould handle file with no dependents
 [32mΓ£ô[39m test/unit/core/testing/DartImportGraph.test.ts[2m > [22mDartImportGraph[2m > [22mEdge cases[2m > [22mshould handle malformed import statements gracefully
 [32mΓ£ô[39m test/integration/verification-lifecycle.test.ts[2m > [22mVerification Lifecycle Integration[2m > [22mFull verification lifecycle (signal ΓåÆ verify ΓåÆ judgment)[2m > [22mshould reject PASS judgment when BLOCKING check fails[33m 1187[2mms[22m[39m
 [32mΓ£ô[39m test/unit/mcp-server/run-verification-checks.test.ts[2m > [22mhandleRunVerificationChecks[2m > [22mcheck execution[2m > [22mshould filter checks by severity
 [32mΓ£ô[39m test/unit/core/testing/DartImportGraph.test.ts[2m > [22mDartImportGraph[2m > [22mEdge cases[2m > [22mshould normalize Windows paths (backslashes to forward slashes)
 [32mΓ£ô[39m test/unit/core/testing/DartImportGraph.test.ts[2m > [22mDartImportGraph[2m > [22mEdge cases[2m > [22mshould handle empty workspace gracefully
 [32mΓ£ô[39m test/unit/mcp-server/run-verification-checks.test.ts[2m > [22mhandleRunVerificationChecks[2m > [22mcheck execution[2m > [22mshould filter checks by check_ids
 [32mΓ£ô[39m extension/test/unit/chat/SessionManager.test.ts[2m > [22mSessionManager[2m > [22msendMessage[2m > [22mshould send message to orchestrator when label is found and tab exists
 [32mΓ£ô[39m extension/test/unit/chat/SessionManager.test.ts[2m > [22mSessionManager[2m > [22msendMessage[2m > [22mshould auto-reinit when label exists but tab not found
 [32mΓ£ô[39m extension/test/unit/chat/SessionManager.test.ts[2m > [22mSessionManager[2m > [22msendMessage[2m > [22mshould return false when auto-reinit is cancelled by user
 [32mΓ£ô[39m extension/test/unit/chat/SessionManager.test.ts[2m > [22mSessionManager[2m > [22msendMessage[2m > [22mshould return false when no label exists and init fails
 [32mΓ£ô[39m extension/test/unit/agents/tools/testing/ChangeResolver.test.ts[2m > [22mChangeResolver[2m > [22mfromWorkingTree()[2m > [22mshould detect unstaged changes via git diff
 [32mΓ£ô[39m extension/test/unit/agents/tools/testing/ChangeResolver.test.ts[2m > [22mChangeResolver[2m > [22mfromWorkingTree()[2m > [22mshould detect staged changes via git diff --staged
 [32mΓ£ô[39m extension/test/unit/agents/tools/testing/ChangeResolver.test.ts[2m > [22mChangeResolver[2m > [22mfromWorkingTree()[2m > [22mshould detect untracked files
 [32mΓ£ô[39m extension/test/unit/agents/tools/testing/ChangeResolver.test.ts[2m > [22mChangeResolver[2m > [22mfromWorkingTree()[2m > [22mshould combine and deduplicate all changes
 [32mΓ£ô[39m extension/test/unit/agents/tools/testing/ChangeResolver.test.ts[2m > [22mChangeResolver[2m > [22mfromWorkingTree()[2m > [22mshould return NO_CHANGES_DETECTED when no changes found
 [32mΓ£ô[39m extension/test/unit/agents/tools/testing/ChangeResolver.test.ts[2m > [22mChangeResolver[2m > [22mfromWorkingTree()[2m > [22mshould return COMMAND_FAILED when git command fails
 [32mΓ£ô[39m extension/test/unit/agents/tools/testing/ChangeResolver.test.ts[2m > [22mChangeResolver[2m > [22mfromCommitRange()[2m > [22mshould detect changes in commit range
 [32mΓ£ô[39m extension/test/unit/agents/tools/testing/ChangeResolver.test.ts[2m > [22mChangeResolver[2m > [22mfromCommitRange()[2m > [22mshould return NO_CHANGES_DETECTED when no changes in range
 [32mΓ£ô[39m extension/test/unit/agents/tools/testing/ChangeResolver.test.ts[2m > [22mChangeResolver[2m > [22mfromCommitRange()[2m > [22mshould return COMMAND_FAILED for invalid commit range
 [32mΓ£ô[39m extension/test/unit/agents/tools/testing/ChangeResolver.test.ts[2m > [22mChangeResolver[2m > [22mfromFileList()[2m > [22mshould return provided files as changed files (pass-through)
 [32mΓ£ô[39m extension/test/unit/agents/tools/testing/ChangeResolver.test.ts[2m > [22mChangeResolver[2m > [22mfromFileList()[2m > [22mshould return NO_CHANGES_DETECTED when file list is empty
 [32mΓ£ô[39m extension/test/unit/agents/tools/testing/ChangeResolver.test.ts[2m > [22mChangeResolver[2m > [22mfromFileList()[2m > [22mshould create a copy of the input array
 [32mΓ£ô[39m extension/test/unit/agents/tools/testing/ChangeResolver.test.ts[2m > [22mChangeResolver[2m > [22mresolve()[2m > [22mshould route to fromWorkingTree for 'working-tree' source
 [32mΓ£ô[39m extension/test/unit/agents/tools/testing/ChangeResolver.test.ts[2m > [22mChangeResolver[2m > [22mresolve()[2m > [22mshould route to fromCommitRange for 'commit-range' source
 [32mΓ£ô[39m extension/test/unit/agents/tools/testing/ChangeResolver.test.ts[2m > [22mChangeResolver[2m > [22mresolve()[2m > [22mshould return error when commit_range missing for 'commit-range' source
 [32mΓ£ô[39m extension/test/unit/agents/tools/testing/ChangeResolver.test.ts[2m > [22mChangeResolver[2m > [22mresolve()[2m > [22mshould route to fromFileList for 'file-list' source
 [32mΓ£ô[39m extension/test/unit/agents/tools/testing/ChangeResolver.test.ts[2m > [22mChangeResolver[2m > [22mresolve()[2m > [22mshould return error when file_list missing for 'file-list' source
 [32mΓ£ô[39m extension/test/unit/agents/tools/testing/ChangeResolver.test.ts[2m > [22mChangeResolver[2m > [22mresolve()[2m > [22mshould return error when file_list is empty for 'file-list' source
 [32mΓ£ô[39m extension/test/unit/agents/tools/testing/ChangeResolver.test.ts[2m > [22mChangeResolver[2m > [22mstatic union()[2m > [22mshould merge multiple ChangeResult objects
 [32mΓ£ô[39m extension/test/unit/agents/tools/testing/ChangeResolver.test.ts[2m > [22mChangeResolver[2m > [22mstatic union()[2m > [22mshould deduplicate file paths
 [32mΓ£ô[39m extension/test/unit/agents/tools/testing/ChangeResolver.test.ts[2m > [22mChangeResolver[2m > [22mstatic union()[2m > [22mshould filter out empty strings
 [32mΓ£ô[39m extension/test/unit/agents/tools/testing/ChangeResolver.test.ts[2m > [22mChangeResolver[2m > [22mstatic union()[2m > [22mshould handle empty input arrays
 [32mΓ£ô[39m extension/test/unit/agents/tools/testing/ChangeResolver.test.ts[2m > [22mChangeResolver[2m > [22mstatic union()[2m > [22mshould handle single input
 [32mΓ£ô[39m extension/test/unit/agents/tools/testing/ChangeResolver.test.ts[2m > [22mChangeResolver[2m > [22mstatic union()[2m > [22mshould handle no inputs
 [32mΓ£ô[39m test/unit/mcp-server/run-verification-checks.test.ts[2m > [22mhandleRunVerificationChecks[2m > [22mresult storage[2m > [22mshould store results in verification_results table
 [32mΓ£ô[39m extension/test/unit/agents/tools/coding/validateEdit.test.ts[2m > [22mvalidateEdit[2m > [22mTimeout Handling[2m > [22muses default timeout when not specified[33m 1290[2mms[22m[39m
 [32mΓ£ô[39m extension/test/unit/chat/SessionManager.test.ts[2m > [22mSessionManager[2m > [22msendMessage[2m > [22mshould send /clear command for implementor role
 [32mΓ£ô[39m test/unit/mcp-server/run-verification-checks.test.ts[2m > [22mhandleRunVerificationChecks[2m > [22mseverity rules[2m > [22mshould fail overall when BLOCKING check fails
 [32mΓ£ô[39m extension/test/unit/chat/SessionManager.test.ts[2m > [22mSessionManager[2m > [22msendMessage[2m > [22mshould NOT send /clear for orchestrator role
 [32mΓ£ô[39m test/unit/mcp-server/run-verification-checks.test.ts[2m > [22mhandleRunVerificationChecks[2m > [22mseverity rules[2m > [22mshould pass overall when only MINOR checks fail
 [32mΓ£ô[39m test/unit/mcp-server/prepare-task-fr039.test.ts[2m > [22mprepare_task - FR-039 and test_verification[2m > [22mFR-039: reject shell test commands in behavioral_checks[2m > [22mshould reject behavioral_checks containing 'npm test'
 [32mΓ£ô[39m test/unit/mcp-server/prepare-task-fr039.test.ts[2m > [22mprepare_task - FR-039 and test_verification[2m > [22mFR-039: reject shell test commands in behavioral_checks[2m > [22mshould reject behavioral_checks containing 'npx vitest'
 [32mΓ£ô[39m test/unit/mcp-server/prepare-task-fr039.test.ts[2m > [22mprepare_task - FR-039 and test_verification[2m > [22mFR-039: reject shell test commands in behavioral_checks[2m > [22mshould reject behavioral_checks containing 'npx jest'
 [32mΓ£ô[39m test/unit/mcp-server/prepare-task-fr039.test.ts[2m > [22mprepare_task - FR-039 and test_verification[2m > [22mFR-039: reject shell test commands in behavioral_checks[2m > [22mshould reject behavioral_checks containing 'flutter test'
 [32mΓ£ô[39m test/unit/mcp-server/prepare-task-fr039.test.ts[2m > [22mprepare_task - FR-039 and test_verification[2m > [22mFR-039: reject shell test commands in behavioral_checks[2m > [22mshould reject behavioral_checks containing 'npm test' with filter flags
 [32mΓ£ô[39m test/unit/mcp-server/prepare-task-fr039.test.ts[2m > [22mprepare_task - FR-039 and test_verification[2m > [22mFR-039: reject shell test commands in behavioral_checks[2m > [22mshould allow non-test behavioral_checks to pass
 [32mΓ£ô[39m test/unit/mcp-server/prepare-task-fr039.test.ts[2m > [22mprepare_task - FR-039 and test_verification[2m > [22mFR-039: reject shell test commands in behavioral_checks[2m > [22mshould reject even if test command is mixed with other behavioral_checks
 [32mΓ£ô[39m test/unit/mcp-server/prepare-task-fr039.test.ts[2m > [22mprepare_task - FR-039 and test_verification[2m > [22mtest_verification check storage[2m > [22mshould store test_verification checks with correct check_type
 [32mΓ£ô[39m test/unit/mcp-server/prepare-task-fr039.test.ts[2m > [22mprepare_task - FR-039 and test_verification[2m > [22mtest_verification check storage[2m > [22mshould store multiple test_verification checks
 [32mΓ£ô[39m test/unit/mcp-server/prepare-task-fr039.test.ts[2m > [22mprepare_task - FR-039 and test_verification[2m > [22mtest_verification check storage[2m > [22mshould store test_verification with min_pass_count in check_config
 [32mΓ£ô[39m test/unit/mcp-server/prepare-task-fr039.test.ts[2m > [22mprepare_task - FR-039 and test_verification[2m > [22mtest_verification check storage[2m > [22mshould replace existing generated checks on re-prepare
 [32mΓ£ô[39m extension/test/unit/chat/SessionManager.test.ts[2m > [22mSessionManager[2m > [22msendMessage[2m > [22mshould use correct model from ConfigService
 [32mΓ£ô[39m extension/test/unit/webviews/agent-panel/stores/eventsStore.test.ts[2m > [22meventsStore[2m > [22mshould export filteredEvents signal
 [32mΓ£ô[39m extension/test/unit/webviews/agent-panel/stores/eventsStore.test.ts[2m > [22meventsStore[2m > [22mshould export highlightMatches function
 [32mΓ£ô[39m extension/test/unit/webviews/agent-panel/stores/eventsStore.test.ts[2m > [22meventsStore[2m > [22mfilteredEvents should return all events when filter is empty
 [32mΓ£ô[39m extension/test/unit/webviews/agent-panel/stores/eventsStore.test.ts[2m > [22meventsStore[2m > [22mfilteredEvents should filter by prompt text
 [32mΓ£ô[39m extension/test/unit/webviews/agent-panel/stores/eventsStore.test.ts[2m > [22meventsStore[2m > [22mfilteredEvents should filter by tool name
 [32mΓ£ô[39m extension/test/unit/webviews/agent-panel/stores/eventsStore.test.ts[2m > [22meventsStore[2m > [22mfilteredEvents should filter by file path
 [32mΓ£ô[39m extension/test/unit/webviews/agent-panel/stores/eventsStore.test.ts[2m > [22meventsStore[2m > [22mfilteredEvents should filter by output content
 [32mΓ£ô[39m extension/test/unit/webviews/agent-panel/stores/eventsStore.test.ts[2m > [22meventsStore[2m > [22mfilteredEvents should filter by error message
 [32mΓ£ô[39m extension/test/unit/webviews/agent-panel/stores/eventsStore.test.ts[2m > [22meventsStore[2m > [22mfilteredEvents should be case-insensitive
 [32mΓ£ô[39m extension/test/unit/webviews/agent-panel/stores/eventsStore.test.ts[2m > [22meventsStore[2m > [22mhighlightMatches should wrap matched text with mark tags
 [32mΓ£ô[39m extension/test/unit/webviews/agent-panel/stores/eventsStore.test.ts[2m > [22meventsStore[2m > [22mhighlightMatches should be case-insensitive
 [32mΓ£ô[39m extension/test/unit/webviews/agent-panel/stores/eventsStore.test.ts[2m > [22meventsStore[2m > [22mhighlightMatches should handle empty search term
 [32mΓ£ô[39m extension/test/unit/webviews/agent-panel/stores/eventsStore.test.ts[2m > [22meventsStore[2m > [22mhighlightMatches should handle empty text
 [32mΓ£ô[39m extension/test/unit/webviews/agent-panel/stores/eventsStore.test.ts[2m > [22meventsStore[2m > [22mhighlightMatches should highlight multiple matches
 [32mΓ£ô[39m extension/test/unit/webviews/agent-panel/stores/eventsStore.test.ts[2m > [22meventsStore[2m > [22mhighlightMatches should escape special regex characters
 [32mΓ£ô[39m test/unit/mcp-server/run-verification-checks.test.ts[2m > [22mhandleRunVerificationChecks[2m > [22mdry run mode[2m > [22mshould not execute checks in dry run mode
 [32mΓ£ô[39m test/unit/mcp-server/run-verification-checks.test.ts[2m > [22mhandleRunVerificationChecks[2m > [22mdry run mode[2m > [22mshould list checks that would be executed
 [32mΓ£ô[39m extension/test/unit/chat/SessionManager.test.ts[2m > [22mSessionManager[2m > [22msendMessage[2m > [22mshould use correct agent from ConfigService
 [32mΓ£ô[39m extension/test/unit/chat/SessionManager.test.ts[2m > [22mSessionManager[2m > [22msendMessage[2m > [22mshould handle errors during message send
 [32mΓ£ô[39m extension/test/unit/chat/SessionManager.test.ts[2m > [22mSessionManager[2m > [22msendMessage[2m > [22mshould log successful message send
 [32mΓ£ô[39m test/unit/mcp-server/code-review-summary.test.ts[2m > [22mget_code_review_summary handler[2m > [22msprint-scoped retrieval[2m > [22mshould only return summary for specified sprint_id[33m 520[2mms[22m[39m
 [32mΓ£ô[39m test/unit/mcp-server/code-review-summary.test.ts[2m > [22mget_code_review_summary handler[2m > [22msprint-scoped retrieval[2m > [22mshould include sprint settings (policy, enabled, blocking_severity)[33m 354[2mms[22m[39m
 [32mΓ£ô[39m test/unit/mcp-server/code-review-summary.test.ts[2m > [22mget_code_review_summary handler[2m > [22msprint-scoped retrieval[2m > [22mshould count reviews by status correctly
 [32mΓ£ô[39m test/unit/mcp-server/code-review-summary.test.ts[2m > [22mget_code_review_summary handler[2m > [22msprint-scoped retrieval[2m > [22mshould include pending review identifiers with task mapping[33m 326[2mms[22m[39m
 [32mΓ£ô[39m test/unit/mcp-server/code-review-summary.test.ts[2m > [22mget_code_review_summary handler[2m > [22msprint-scoped retrieval[2m > [22mshould count only unresolved (open) issues[33m 301[2mms[22m[39m
 [32mΓ£ô[39m test/unit/mcp-server/code-review-summary.test.ts[2m > [22mget_code_review_summary handler[2m > [22msprint-scoped retrieval[2m > [22mshould not include reviews from other sprints[33m 312[2mms[22m[39m
 [32mΓ£ô[39m test/unit/mcp-server/code-review-summary.test.ts[2m > [22mget_code_review_summary handler[2m > [22msprint-scoped retrieval[2m > [22mshould default to ad_hoc policy when sprint_settings not found[33m 338[2mms[22m[39m
 [32mΓ£ô[39m test/unit/mcp-server/code-review-summary.test.ts[2m > [22mget_code_review_summary handler[2m > [22msprint-scoped retrieval[2m > [22mshould include fixing_issues and pending_verification in totals and reviews_needing_action[33m 489[2mms[22m[39m
 [32mΓ£ô[39m test/unit/mcp-server/run-verification-checks.test.ts[2m > [22mhandleRunVerificationChecks[2m > [22merror handling[2m > [22mshould continue on error when flag is set[33m 315[2mms[22m[39m
 [32mΓ£ô[39m extension/test/unit/chat/SessionManager.test.ts[2m > [22mSessionManager[2m > [22msendMessage[2m > [22mshould handle empty file attachments
 [32mΓ£ô[39m extension/test/unit/agents/tools/coding/validateEdit.test.ts[2m > [22mvalidateEdit[2m > [22mResult Structure[2m > [22mincludes all required fields in ValidateEditResult[33m 1303[2mms[22m[39m
 [32mΓ£ô[39m test/integration/verification-lifecycle.test.ts[2m > [22mVerification Lifecycle Integration[2m > [22mFull verification lifecycle (signal ΓåÆ verify ΓåÆ judgment)[2m > [22mshould allow FAIL judgment and enable retry[33m 1218[2mms[22m[39m
 [32mΓ£ô[39m test/integration/verification-lifecycle.test.ts[2m > [22mVerification Lifecycle Integration[2m > [22mJudgment constraint enforcement[2m > [22mshould reject judgment without prior verification
 [32mΓ£ô[39m extension/test/unit/chat/SessionManager.test.ts[2m > [22mSessionManager[2m > [22msendMessage[2m > [22mshould handle multiple file attachments
 [32mΓ£ô[39m test/unit/mcp-server/run-verification-checks.test.ts[2m > [22mhandleRunVerificationChecks[2m > [22merror handling[2m > [22mshould stop on first error by default[33m 399[2mms[22m[39m
